******************************************************************************
            TI ARM Clang Linker PC v4.0.1                      
******************************************************************************
>> Linked Wed Apr 23 23:03:49 2025

OUTPUT FILE NAME:   <ECE319K_Lab9H.out>
ENTRY POINT SYMBOL: "_c_int00_noargs"  address: 00011c51


MEMORY CONFIGURATION

         name            origin    length      used     unused   attr    fill
----------------------  --------  ---------  --------  --------  ----  --------
  FLASH                 00000000   00020000  00012108  0000def8  R  X
  SRAM                  20200000   00008000  00000acd  00007533  RW X
  BCR_CONFIG            41c00000   00000080  00000000  00000080  R   
  BSL_CONFIG            41c00100   00000080  00000000  00000080  R   


SEGMENT ALLOCATION MAP

run origin  load origin   length   init length attrs members
----------  ----------- ---------- ----------- ----- -------
00000000    00000000    00012108   00012108    r-x
  00000000    00000000    000000c0   000000c0    r-- .intvecs
  000000c0    000000c0    0000c668   0000c668    r-- .rodata
  0000c728    0000c728    00000008   00000008    r-- .init_array
  0000c730    0000c730    00005920   00005920    r-x .text
  00012050    00012050    000000b8   000000b8    r-- .cinit
20200000    20200000    000008d0   00000000    rw-
  20200000    20200000    00000458   00000000    rw- .bss
  20200458    20200458    00000275   00000000    rw- .data
  202006d0    202006d0    00000200   00000000    rw- .sysmem
20207e00    20207e00    00000200   00000000    rw-
  20207e00    20207e00    00000200   00000000    rw- .stack


SECTION ALLOCATION MAP

 output                                  attributes/
section   page    origin      length       input sections
--------  ----  ----------  ----------   ----------------
.intvecs   0    00000000    000000c0     
                  00000000    000000c0     startup_mspm0g3507_ticlang.o (.intvecs)

.binit     0    00000000    00000000     

.text      0    0000c730    00005920     
                  0000c730    000006e4     Lab9HMain.o (.text.main)
                  0000ce14    00000644     libc.a : k_rem_pio2.c.obj (.text.__kernel_rem_pio2)
                  0000d458    00000300     Lab9HMain.o (.text._Z17drawWelcomeScreenv)
                  0000d758    00000274     Lab9HMain.o (.text._Z12updateBulletP6Bullet4Tankb)
                  0000d9cc    00000254     ST7735.o (.text._Z23ST7735_DrawBitmapWithBGssPKtssS0_)
                  0000dc20    00000210     ST7735.o (.text._Z17ST7735_DrawBitmapssPKtss)
                  0000de30    000001d4     libc.a : s_cosf.c.obj (.text.cosf)
                  0000e004    000001c8            : s_sinf.c.obj (.text.sinf)
                  0000e1cc    000001b4     Clock.o (.text._Z15Clock_Init80MHzi)
                  0000e380    000001a4     ST7735.o (.text._Z15ST7735_DrawCharsscssh)
                  0000e524    000001a0     ST7735.o (.text._Z16ST7735_DrawCharSsscssh)
                  0000e6c4    00000196     Lab9HMain.o (.text._Z17drawRoundedButtoniiiitt)
                  0000e85a    00000002     Sound.o (.text.SysTick_Handler)
                  0000e85c    00000192     libclang_rt.builtins.a : adddf3.S.obj (.text.adddf3_subdf3)
                  0000e9ee    00000002     Sound.o (.text._Z10Sound_Initv)
                  0000e9f0    00000154     libc.a : fopen.c.obj (.text._openfile)
                  0000eb44    00000144     Lab9HMain.o (.text._Z26drawSpanishSelectionScreenv)
                  0000ec88    00000144     libc.a : s_floor.c.obj (.text.floor)
                  0000edcc    0000013c     Lab9HMain.o (.text._Z13drawHealthBarii)
                  0000ef08    00000128     TExaS.o (.text._Z8ADC_InitP10ADC12_Regsjj)
                  0000f030    00000118     ST7735.o (.text._Z15ST7735_FillRectsssst)
                  0000f148    00000114     libc.a : memory.c.obj (.text.aligned_alloc)
                  0000f25c    00000102     GameLogic.o (.text._Z12updateSlopesPsiS_ib)
                  0000f35e    00000002     libclang_rt.builtins.a : aeabi_div0.c.obj (.text.__aeabi_idiv0)
                  0000f360    000000f8     Lab9HMain.o (.text._Z19spawnBulletFromTankP4TankP6Bulletb)
                  0000f458    000000f8     SPI.o (.text._Z8SPI_Initv)
                  0000f550    000000f4     ST7735.o (.text._Z18ST7735_SetRotationh)
                  0000f644    000000ec     libsysbm.a : add_device.c.obj (.text.add_device)
                  0000f730    000000e8     TExaS.o (.text._Z9UART_Initv)
                  0000f818    000000e8     libc.a : memory.c.obj (.text.free)
                  0000f900    000000e4     libclang_rt.builtins.a : muldf3.S.obj (.text.__muldf3)
                  0000f9e4    000000e0     libc.a : setvbuf.c.obj (.text.setvbuf)
                  0000fac4    000000d8            : s_scalbn.c.obj (.text.scalbn)
                  0000fb9c    000000d8     libclang_rt.builtins.a : addsf3.S.obj (.text)
                  0000fc74    000000d0     ST7735.o (.text._Z14ST7735_OutCharc)
                  0000fd44    000000d0     Lab9HMain.o (.text._Z26drawEnglishSelectionScreenv)
                  0000fe14    000000c8     Lab9HMain.o (.text._Z8gameOverv)
                  0000fedc    000000b0     ST7735.o (.text._Z20ST7735_DrawFastHLinessst)
                  0000ff8c    000000b0     ST7735.o (.text._Z20ST7735_DrawFastVLinessst)
                  0001003c    000000ac     libc.a : s_cosf.c.obj (.text.__kernel_sindf)
                  000100e8    000000ac            : s_sinf.c.obj (.text.__kernel_sindf)
                  00010194    000000a8     Timer.o (.text._Z14TimerG7_IntArmtjj)
                  0001023c    000000a2     ST7735.o (.text._ZL11commandListPKh)
                  000102de    00000002     libc.a : _lock.c.obj (.text._nop)
                  000102e0    000000a0     libsysbm.a : open.c.obj (.text.open)
                  00010380    0000009c     ST7735.o (.text._Z17ST7735_InitPrintfv)
                  0001041c    0000009c     libc.a : s_cosf.c.obj (.text.__kernel_cosdf)
                  000104b8    0000009c            : s_sinf.c.obj (.text.__kernel_cosdf)
                  00010554    00000098     ST7735.o (.text._Z12ST7735_InitR10initRFlags)
                  000105ec    00000094     Timer.o (.text._Z15TimerG12_IntArmjj)
                  00010680    00000090     Lab9HMain.o (.text._Z10pollButtonv)
                  00010710    00000090     ST7735.o (.text._Z24ST7735_MakeBGTransparentssPKtssS0_)
                  000107a0    0000008c     libclang_rt.builtins.a : mulsf3.S.obj (.text.__mulsf3)
                  0001082c    00000088     ST7735.o (.text._ZL13setAddrWindowhhhh)
                  000108b4    0000000c     Clock.o (.text._Z10Clock_Freqv)
                  000108c0    00000088     libc.a : strcmp-armv6m.S.obj (.text:strcmp)
                  00010948    00000084     ST7735.o (.text._Z17ST7735_DrawStringttPcs)
                  000109cc    00000084     Lab9HMain.o (.text._Z19drawButtonWithLabeliittPKc)
                  00010a50    0000007c     LaunchPad.o (.text._Z14LaunchPad_Initv)
                  00010acc    0000007c     SlidePot.o (.text._ZN8SlidePot4InitEv)
                  00010b48    0000007c     libc.a : fclose.c.obj (.text.__TI_closefile)
                  00010bc4    0000007c            : copy_decompress_lzss.c.obj (.text:decompress:lzss)
                  00010c40    0000007a     GameLogic.o (.text._Z20updateTerrainHeightsPsiPKt)
                  00010cba    00000002     --HOLE-- [fill = 0]
                  00010cbc    00000078     Lab9HMain.o (.text._Z13switchPlayersv)
                  00010d34    00000074     Lab9HMain.o (.text._Z19drawLanguageButtonsb)
                  00010da8    00000074     libclang_rt.builtins.a : comparedf2.c.obj (.text.__gedf2)
                  00010e1c    00000004     libc.a : pre_init.c.obj (.text._system_pre_init)
                  00010e20    00000074     libclang_rt.builtins.a : truncdfsf2.S.obj (.text.__truncdfsf2)
                  00010e94    00000070     ST7735.o (.text._Z16ST7735_DrawPixelsst)
                  00010f04    0000006c     libsysbm.a : hostlseek.c.obj (.text.HOSTlseek)
                  00010f70    0000006c                : hostrename.c.obj (.text.HOSTrename)
                  00010fdc    0000006c     libc.a : getdevice.c.obj (.text.getdevice)
                  00011048    00000068     libclang_rt.builtins.a : comparedf2.c.obj (.text.__ledf2)
                  000110b0    00000064     libc.a : memory.c.obj (.text.split)
                  00011114    00000062     libclang_rt.builtins.a : aeabi_dcmp.S.obj (.text.__aeabi_dcmp)
                  00011176    00000002     --HOLE-- [fill = 0]
                  00011178    00000060     libsysbm.a : hostopen.c.obj (.text.HOSTopen)
                  000111d8    0000005c     Lab9HMain.o (.text.TIMG12_IRQHandler)
                  00011234    00000058     libsysbm.a : hostread.c.obj (.text.HOSTread)
                  0001128c    00000058                : hostwrite.c.obj (.text.HOSTwrite)
                  000112e4    00000058     TExaS.o (.text._Z10TExaS_InitP10ADC12_RegsjPFhvE)
                  0001133c    00000056     libclang_rt.builtins.a : aeabi_idivmod.S.obj (.text.__aeabi_idivmod)
                  00011392    00000002     --HOLE-- [fill = 0]
                  00011394    00000054     libc.a : autoinit.c.obj (.text:__TI_auto_init_nobinit)
                  000113e8    00000052            : fflush.c.obj (.text.__TI_doflush)
                  0001143a    00000002     --HOLE-- [fill = 0]
                  0001143c    00000050     libsysbm.a : close.c.obj (.text.close)
                  0001148c    0000004c     SlidePot.o (.text._ZN8SlidePot2InEv)
                  000114d8    0000004a     libclang_rt.builtins.a : fixdfsi.S.obj (.text.__fixdfsi)
                  00011522    00000002     --HOLE-- [fill = 0]
                  00011524    00000048     libsysbm.a : hostclose.c.obj (.text.HOSTclose)
                  0001156c    00000048                : hostunlink.c.obj (.text.HOSTunlink)
                  000115b4    00000048     SPI.o (.text._Z14SPI_OutCommandc)
                  000115fc    00000040     TExaS.o (.text.TIMG7_IRQHandler)
                  0001163c    00000040     Switch.o (.text._Z11Switch_Initv)
                  0001167c    00000040     SPI.o (.text._Z9SPI_Resetv)
                  000116bc    00000040     libclang_rt.builtins.a : aeabi_uidivmod.S.obj (.text.__aeabi_uidivmod)
                  000116fc    00000040                            : extendsfdf2.S.obj (.text.__extendsfdf2)
                  0001173c    00000040     libc.a : fopen.c.obj (.text._search_fp)
                  0001177c    0000003a     libclang_rt.builtins.a : muldsi3.S.obj (.text.__muldsi3)
                  000117b6    00000002     --HOLE-- [fill = 0]
                  000117b8    00000038     SPI.o (.text._Z11SPI_OutDatac)
                  000117f0    00000038     LaunchPad.o (.text._Z15ActivatePortA_Bv)
                  00011828    00000038     libclang_rt.builtins.a : fixsfsi.S.obj (.text.__fixsfsi)
                  00011860    00000034     ST7735.o (.text._Z12ST7735_writeiPKcj)
                  00011894    00000034     Clock.o (.text._Z14Clock_Delay1msj)
                  000118c8    00000034     ST7735.o (.text._Z16ST7735_SetCursorjj)
                  000118fc    00000034     LED.o (.text._Z8LED_Initv)
                  00011930    00000034     libc.a : fopen.c.obj (.text.__TI_cleanup)
                  00011964    00000034     libsysbm.a : trgmsg.c.obj (.text.__TI_readmsg)
                  00011998    00000034                : trgmsg.c.obj (.text.__TI_writemsg)
                  000119cc    00000034     libc.a : exit.c.obj (.text.exit)
                  00011a00    00000034            : getdevice.c.obj (.text.finddevice)
                  00011a34    00000034            : fopen.c.obj (.text.freopen)
                  00011a68    00000032     GameLogic.o (.text._ZN4TankC2EiiPKtiii)
                  00011a9a    00000002     --HOLE-- [fill = 0]
                  00011a9c    00000030     ST7735.o (.text._ZL10commonInitPKh)
                  00011acc    00000030     libc.a : fopen.c.obj (.text.fopen)
                  00011afc    0000002c     ST7735.o (.text._Z17ST7735_FillScreent)
                  00011b28    0000002c     Lab9HMain.o (.text.__cxx_global_var_init.1)
                  00011b54    0000002c     Lab9HMain.o (.text.__cxx_global_var_init)
                  00011b80    0000002c     libclang_rt.builtins.a : floatsidf.S.obj (.text.__floatsidf)
                  00011bac    0000002c     libsysbm.a : unlink.c.obj (.text.unlink)
                  00011bd8    00000028     TExaS.o (.text._Z9ADC_StartP10ADC12_Regs)
                  00011c00    00000028     libc.a : memory.c.obj (.text.free_list_insert)
                  00011c28    00000028     libsysbm.a : write.c.obj (.text.write)
                  00011c50    00000028     libc.a : boot_cortex_m.c.obj (.text:_c_int00_noargs)
                  00011c78    00000026     GameLogic.o (.text._ZN4Tank10takeDamageEi)
                  00011c9e    00000026     GameLogic.o (.text._ZN6Object4setXEi)
                  00011cc4    00000026     GameLogic.o (.text._ZN6Object4setYEi)
                  00011cea    00000002     --HOLE-- [fill = 0]
                  00011cec    00000024     SlidePot.o (.text._ZN8SlidePotC2Ejj)
                  00011d10    00000020     Lab9HMain.o (.text._Z8Random32v)
                  00011d30    00000020     Lab9HMain.o (.text._ZL8PotAnglej)
                  00011d50    0000001e     ST7735.o (.text._ZL9pushColort)
                  00011d6e    00000002     --HOLE-- [fill = 0]
                  00011d70    0000001c     startup_mspm0g3507_ticlang.o (.text.Default_Handler)
                  00011d8c    0000001c     startup_mspm0g3507_ticlang.o (.text.HardFault_Handler)
                  00011da8    0000001c     GameLogic.o (.text._ZN6ObjectC2EiiPKt)
                  00011dc4    0000001c     libc.a : memory.c.obj (.text.free_list_remove)
                  00011de0    00000018     Lab9HMain.o (.text._Z6Randomj)
                  00011df8    00000018     Lab9HMain.o (.text.__cxx_global_var_init.2)
                  00011e10    00000016     libc.a : k_rem_pio2.c.obj (.text.OUTLINED_FUNCTION_0)
                  00011e26    00000002     --HOLE-- [fill = 0]
                  00011e28    00000010     libclang_rt.builtins.a : adddf3.S.obj (.tramp.__aeabi_dadd.1)
                  00011e38    00000016     ST7735.o (.text._Z11ST7735_openPKcji)
                  00011e4e    00000016     ST7735.o (.text._Z11ST7735_readiPcj)
                  00011e64    00000012     GameLogic.o (.text._ZN4Tank11setAngleDegEh)
                  00011e76    00000012     libc.a : memcpy16.S.obj (.text:TI_memcpy_small)
                  00011e88    00000012            : copy_decompress_none.c.obj (.text:decompress:none)
                  00011e9a    00000010            : k_rem_pio2.c.obj (.text.OUTLINED_FUNCTION_2)
                  00011eaa    00000010     Lab9HMain.o (.text._GLOBAL__sub_I_Lab9HMain.cpp)
                  00011eba    00000010     Clock.o (.text._Z11Clock_Delayj)
                  00011eca    00000002     --HOLE-- [fill = 0]
                  00011ecc    00000010     Lab9HMain.o (.text._Z28TExaS_LaunchPadLogicPB27PB26v)
                  00011edc    00000010     GameLogic.o (.text._ZN6Object8setImageEPKt)
                  00011eec    00000010     libc.a : copy_zero_init.c.obj (.text:decompress:ZI)
                  00011efc    0000000e            : memory.c.obj (.text.OUTLINED_FUNCTION_0)
                  00011f0a    0000000e     ST7735.o (.text._Z12ST7735_lseekili)
                  00011f18    0000000e     libsysbm.a : hostrename.c.obj (.text.strcpy)
                  00011f26    0000000e                : hostrename.c.obj (.text.strlen)
                  00011f34    0000000e     libc.a : memset16.S.obj (.text:TI_memset_small)
                  00011f42    0000000c     ST7735.o (.text._Z13ST7735_renamePKcS0_)
                  00011f4e    0000000c     GameLogic.o (.text._ZN4Tank9getHealthEv)
                  00011f5a    0000000c     GameLogic.o (.text._ZN6Object4getXEv)
                  00011f66    0000000c     GameLogic.o (.text._ZN6Object4getYEv)
                  00011f72    0000000c     GameLogic.o (.text._ZN6Object8getImageEv)
                  00011f7e    0000000c     GameLogic.o (.text._ZNK4Tank11getAngleDegEv)
                  00011f8a    00000002     --HOLE-- [fill = 0]
                  00011f8c    0000000c     libclang_rt.builtins.a : aeabi_memset.S.obj (.text.__aeabi_memclr)
                  00011f98    0000000c     libc.a : memory.c.obj (.text.malloc)
                  00011fa4    0000000a            : k_rem_pio2.c.obj (.text.OUTLINED_FUNCTION_1)
                  00011fae    0000000a            : s_cosf.c.obj (.text.OUTLINED_FUNCTION_3)
                  00011fb8    0000000a            : s_sinf.c.obj (.text.OUTLINED_FUNCTION_3)
                  00011fc2    0000000a     ST7735.o (.text._Z12ST7735_closei)
                  00011fcc    0000000a     ST7735.o (.text._Z13ST7735_unlinkPKc)
                  00011fd6    0000000a     Lab9HMain.o (.text._Z8PLL_Initv)
                  00011fe0    00000008     libc.a : aeabi_portable.c.obj (.text.__aeabi_errno_addr)
                  00011fe8    00000008     libclang_rt.builtins.a : aeabi_memcpy.S.obj (.text.__aeabi_memcpy)
                  00011ff0    00000008     libsysbm.a : remove.c.obj (.text.remove)
                  00011ff8    00000006     libc.a : s_cosf.c.obj (.text.OUTLINED_FUNCTION_0)
                  00011ffe    00000002     --HOLE-- [fill = 0]
                  00012000    00000010     libclang_rt.builtins.a : muldf3.S.obj (.tramp.__aeabi_dmul.1)
                  00012010    00000006     libc.a : s_sinf.c.obj (.text.OUTLINED_FUNCTION_0)
                  00012016    00000006            : s_cosf.c.obj (.text.OUTLINED_FUNCTION_1)
                  0001201c    00000006            : s_sinf.c.obj (.text.OUTLINED_FUNCTION_1)
                  00012022    00000004            : s_cosf.c.obj (.text.OUTLINED_FUNCTION_2)
                  00012026    00000002     --HOLE-- [fill = 0]
                  00012028    00000010     libclang_rt.builtins.a : extendsfdf2.S.obj (.tramp.__aeabi_f2d.1)
                  00012038    00000004     libc.a : s_sinf.c.obj (.text.OUTLINED_FUNCTION_2)
                  0001203c    00000004     startup_mspm0g3507_ticlang.o (.text.Reset_Handler)
                  00012040    00000004     libc.a : exit.c.obj (.text:abort)
                  00012044    0000000c     --HOLE-- [fill = 0]

.cinit     0    00012050    000000b8     
                  00012050    00000094     (.cinit..data.load) [load image, compression = lzss]
                  000120e4    0000000c     (__TI_handler_table)
                  000120f0    00000008     (.cinit..bss.load) [load image, compression = zero_init]
                  000120f8    00000010     (__TI_cinit_table)

.rodata    0    000000c0    0000c668     
                  000000c0    0000a000     Lab9HMain.o (.rodata._ZL13prettyTerrain)
                  0000a0c0    00000510     Lab9HMain.o (.rodata._ZL6tank_0)
                  0000a5d0    00000510     Lab9HMain.o (.rodata._ZL7tank_12)
                  0000aae0    00000510     Lab9HMain.o (.rodata._ZL7tank_24)
                  0000aff0    00000510     Lab9HMain.o (.rodata._ZL7tank_36)
                  0000b500    00000510     Lab9HMain.o (.rodata._ZL7tank_48)
                  0000ba10    00000510     Lab9HMain.o (.rodata._ZL7tank_60)
                  0000bf20    000004fb     ST7735.o (.rodata._ZL4Font)
                  0000c41b    00000001     --HOLE-- [fill = 0]
                  0000c41c    00000108     libc.a : k_rem_pio2.c.obj (.rodata.ipio2)
                  0000c524    00000048     Lab9HMain.o (.rodata._ZL11BulletImage)
                  0000c56c    00000002     ST7735.o (.rodata.str1.166265395196786442571)
                  0000c56e    00000002     --HOLE-- [fill = 0]
                  0000c570    00000040     libc.a : k_rem_pio2.c.obj (.rodata.PIo2)
                  0000c5b0    0000003b     ST7735.o (.rodata._ZL5Rcmd1)
                  0000c5eb    0000002b     ST7735.o (.rodata._ZL5Rcmd3)
                  0000c616    00000018     Lab9HMain.o (.rodata.str1.160588362872062865081)
                  0000c62e    00000016     ST7735.o (.rodata.str1.127144887204848174221)
                  0000c644    00000013     Lab9HMain.o (.rodata.str1.77946550721901366211)
                  0000c657    00000012     Lab9HMain.o (.rodata.str1.150864919958333191721)
                  0000c669    00000011     Lab9HMain.o (.rodata.str1.102680895847577752451)
                  0000c67a    00000011     Lab9HMain.o (.rodata.str1.109436695696880395661)
                  0000c68b    00000001     --HOLE-- [fill = 0]
                  0000c68c    00000010     libc.a : k_rem_pio2.c.obj (.rodata.cst16)
                  0000c69c    0000000d     ST7735.o (.rodata._ZL10Rcmd2green)
                  0000c6a9    0000000d     ST7735.o (.rodata._ZL8Rcmd2red)
                  0000c6b6    0000000b     Lab9HMain.o (.rodata.str1.64434510243936695551)
                  0000c6c1    0000000a     Lab9HMain.o (.rodata.str1.148045851500927898161)
                  0000c6cb    00000009     Lab9HMain.o (.rodata.str1.1045638472106105921)
                  0000c6d4    00000009     Lab9HMain.o (.rodata.str1.135363822859471765721)
                  0000c6dd    00000008     ST7735.o (.rodata.str1.110447436994638585591)
                  0000c6e5    00000008     Lab9HMain.o (.rodata.str1.11344128452655267101)
                  0000c6ed    00000008     Lab9HMain.o (.rodata.str1.15360766164854299121)
                  0000c6f5    00000008     Lab9HMain.o (.rodata.str1.8734979013979085121)
                  0000c6fd    00000008     Lab9HMain.o (.rodata.str1.89800876338655967931)
                  0000c705    00000008     Lab9HMain.o (.rodata.str1.94539348878818337631)
                  0000c70d    00000007     ST7735.o (.rodata.str1.167648235250571930071)
                  0000c714    00000007     ST7735.o (.rodata.str1.176629462014235617351)
                  0000c71b    00000006     Lab9HMain.o (.rodata.str1.92738753765294272191)
                  0000c721    00000007     --HOLE-- [fill = 0]

.init_array 
*          0    0000c728    00000008     
                  0000c728    00000004     Lab9HMain.o (.init_array)
                  0000c72c    00000004     --HOLE-- [fill = 0]

.bss       0    20200000    00000458     UNINITIALIZED
                  20200000    00000140     Lab9HMain.o (.bss.slopes)
                  20200140    00000140     Lab9HMain.o (.bss.terrainHeights)
                  20200280    00000120     libsysbm.a : trgmsg.c.obj (.bss:_CIOBUF_)
                  202003a0    000000a0     libc.a : defs.c.obj (.bss.__TI_tmpnams)
                  20200440    00000008     libsysbm.a : hostopen.c.obj (.bss.parmbuf)
                  20200448    00000004     TExaS.o (.bss.TExaSLogic)
                  2020044c    00000004     TExaS.o (.bss.TExaSadc)
                  20200450    00000004     libc.a : memory.c.obj (.bss.sys_free)
                  20200454    00000001     ST7735.o (.bss._ZL8ColStart)
                  20200455    00000001     ST7735.o (.bss._ZL8Rotation)
                  20200456    00000001     ST7735.o (.bss._ZL8RowStart)
                  20200457    00000001     ST7735.o (.bss._ZL8TabColor)

.data      0    20200458    00000275     UNINITIALIZED
                  20200458    000000f0     libc.a : defs.c.obj (.data._ftable)
                  20200548    00000078     libsysbm.a : host_device.c.obj (.data._device)
                  202005c0    00000050                : host_device.c.obj (.data._stream)
                  20200610    0000001c     Lab9HMain.o (.data.bot)
                  2020062c    0000001c     Lab9HMain.o (.data.player)
                  20200648    00000018     Lab9HMain.o (.data.tankRotArray)
                  20200660    00000014     Lab9HMain.o (.data.Sensor)
                  20200674    0000000e     Lab9HMain.o (.data.bullet)
                  20200682    00000002     ST7735.o (.data.StTextColor)
                  20200684    00000008     libc.a : exit.c.obj (.data..L_MergedGlobals)
                  2020068c    00000004     Clock.o (.data.BusFreq)
                  20200690    00000004     Lab9HMain.o (.data.M)
                  20200694    00000004     ST7735.o (.data.StX)
                  20200698    00000004     ST7735.o (.data.StY)
                  2020069c    00000004     Lab9HMain.o (.data._ZL12randomNumber)
                  202006a0    00000004     libc.a : defs.c.obj (.data.__TI_ft_end)
                  202006a4    00000004            : aeabi_portable.c.obj (.data.__aeabi_errno)
                  202006a8    00000004            : _lock.c.obj (.data._lock)
                  202006ac    00000004            : _lock.c.obj (.data._unlock)
                  202006b0    00000004     SlidePot.o (.data.k1)
                  202006b4    00000004     SlidePot.o (.data.k2)
                  202006b8    00000002     ST7735.o (.data._ZL6_width)
                  202006ba    00000002     ST7735.o (.data._ZL7_height)
                  202006bc    00000001     Lab9HMain.o (.data._ZL10playerTurn)
                  202006bd    00000001     Lab9HMain.o (.data._ZL11isBotMoving)
                  202006be    00000001     Lab9HMain.o (.data._ZL12lastBtnShoot)
                  202006bf    00000001     Lab9HMain.o (.data._ZL16leftPlayerButton)
                  202006c0    00000001     Lab9HMain.o (.data._ZL17rightPlayerButton)
                  202006c1    00000001     Lab9HMain.o (.data._ZL9btnUpdate)
                  202006c2    00000001     Lab9HMain.o (.data._ZL9collision)
                  202006c3    00000001     Lab9HMain.o (.data.drawFlag)
                  202006c4    00000001     libsysbm.a : add_device.c.obj (.data.add_device.device_init)
                  202006c5    00000001     Lab9HMain.o (.data.semaphore)
                  202006c6    00000002     --HOLE--
                  202006c8    00000001     libc.a : memory.c.obj (.data.memory_is_initialized)
                  202006c9    00000003     --HOLE--
                  202006cc    00000001     libsysbm.a : open.c.obj (.data.open.stream_init)

.sysmem    0    202006d0    00000200     UNINITIALIZED
                  202006d0    00000010     libc.a : memory.c.obj (.sysmem)
                  202006e0    000001f0     --HOLE--

.stack     0    20207e00    00000200     UNINITIALIZED
                  20207e00    00000004     libc.a : boot_cortex_m.c.obj (.stack)
                  20207e04    000001fc     --HOLE--

__llvm_prf_cnts 
*          0    20200000    00000000     UNINITIALIZED

__llvm_prf_bits 
*          0    20200000    00000000     UNINITIALIZED

MODULE SUMMARY

       Module                         code    ro data   rw data
       ------                         ----    -------   -------
    .\
       Lab9HMain.o                    5708    48992     771    
       ST7735.o                       4354    1449      18     
       TExaS.o                        720     0         8      
       GameLogic.o                    666     0         0      
       Clock.o                        516     0         4      
       SPI.o                          440     0         0      
       Timer.o                        316     0         0      
       SlidePot.o                     236     0         8      
       LaunchPad.o                    180     0         0      
       Switch.o                       64      0         0      
       LED.o                          52      0         0      
       Sound.o                        4       0         0      
    +--+------------------------------+-------+---------+---------+
       Total:                         13256   50441     809    
                                                               
    .\ticlang\
       startup_mspm0g3507_ticlang.o   60      192       0      
    +--+------------------------------+-------+---------+---------+
       Total:                         60      192       0      
                                                               
    C:\ti\ccs2000\ccs\tools\compiler\ti-cgt-armllvm_4.0.1.LTS\lib\armv6m-ti-none-eabi/c/libc.a
       k_rem_pio2.c.obj               1652    344       0      
       s_cosf.c.obj                   822     0         0      
       s_sinf.c.obj                   810     0         0      
       memory.c.obj                   702     0         5      
       fopen.c.obj                    556     0         0      
       defs.c.obj                     0       0         404    
       s_floor.c.obj                  324     0         0      
       setvbuf.c.obj                  224     0         0      
       s_scalbn.c.obj                 216     0         0      
       getdevice.c.obj                160     0         0      
       strcmp-armv6m.S.obj            136     0         0      
       copy_decompress_lzss.c.obj     124     0         0      
       fclose.c.obj                   124     0         0      
       autoinit.c.obj                 84      0         0      
       fflush.c.obj                   82      0         0      
       exit.c.obj                     56      0         8      
       boot_cortex_m.c.obj            40      0         0      
       copy_decompress_none.c.obj     18      0         0      
       memcpy16.S.obj                 18      0         0      
       copy_zero_init.c.obj           16      0         0      
       memset16.S.obj                 14      0         0      
       aeabi_portable.c.obj           8       0         4      
       _lock.c.obj                    2       0         8      
       pre_init.c.obj                 4       0         0      
    +--+------------------------------+-------+---------+---------+
       Total:                         6192    344       429    
                                                               
    C:\ti\ccs2000\ccs\tools\compiler\ti-cgt-armllvm_4.0.1.LTS\lib\armv6m-ti-none-eabi/c/libsysbm.a
       trgmsg.c.obj                   104     0         288    
       add_device.c.obj               236     0         1      
       host_device.c.obj              0       0         200    
       open.c.obj                     160     0         1      
       hostrename.c.obj               136     0         0      
       hostlseek.c.obj                108     0         0      
       hostopen.c.obj                 96      0         8      
       hostread.c.obj                 88      0         0      
       hostwrite.c.obj                88      0         0      
       close.c.obj                    80      0         0      
       hostclose.c.obj                72      0         0      
       hostunlink.c.obj               72      0         0      
       unlink.c.obj                   44      0         0      
       write.c.obj                    40      0         0      
       remove.c.obj                   8       0         0      
    +--+------------------------------+-------+---------+---------+
       Total:                         1332    0         498    
                                                               
    C:\ti\ccs2000\ccs\tools\compiler\ti-cgt-armllvm_4.0.1.LTS\lib\armv6m-ti-none-eabi/libclang_rt.builtins.a
       adddf3.S.obj                   418     0         0      
       muldf3.S.obj                   244     0         0      
       comparedf2.c.obj               220     0         0      
       addsf3.S.obj                   216     0         0      
       mulsf3.S.obj                   140     0         0      
       truncdfsf2.S.obj               116     0         0      
       aeabi_dcmp.S.obj               98      0         0      
       aeabi_idivmod.S.obj            86      0         0      
       extendsfdf2.S.obj              80      0         0      
       fixdfsi.S.obj                  74      0         0      
       aeabi_uidivmod.S.obj           64      0         0      
       muldsi3.S.obj                  58      0         0      
       fixsfsi.S.obj                  56      0         0      
       floatsidf.S.obj                44      0         0      
       aeabi_memset.S.obj             12      0         0      
       aeabi_memcpy.S.obj             8       0         0      
       aeabi_div0.c.obj               2       0         0      
    +--+------------------------------+-------+---------+---------+
       Total:                         1936    0         0      
                                                               
       Heap:                          0       0         512    
       Stack:                         0       0         512    
       Linker Generated:              0       184       0      
    +--+------------------------------+-------+---------+---------+
       Grand Total:                   22776   51161     2760   


LINKER GENERATED COPY TABLES

__TI_cinit_table @ 000120f8 records: 2, size/record: 8, table size: 16
	.data: load addr=00012050, load size=00000094 bytes, run addr=20200458, run size=00000275 bytes, compression=lzss
	.bss: load addr=000120f0, load size=00000008 bytes, run addr=20200000, run size=00000458 bytes, compression=zero_init


LINKER GENERATED HANDLER TABLE

__TI_handler_table @ 000120e4 records: 3, size/record: 4, table size: 12
	index: 0, handler: __TI_decompress_lzss
	index: 1, handler: __TI_decompress_none
	index: 2, handler: __TI_zero_init


FAR CALL TRAMPOLINES

callee name               trampoline name
   callee addr  tramp addr   call addr  call info
--------------  -----------  ---------  ----------------
__aeabi_dadd              $Tramp$TT$L$PI$$__aeabi_dadd
   0000e867     00011e28     00011e24   libc.a : k_rem_pio2.c.obj (.text.OUTLINED_FUNCTION_0)
                             00011fac          : k_rem_pio2.c.obj (.text.OUTLINED_FUNCTION_1)
                             00011fb6          : s_cosf.c.obj (.text.OUTLINED_FUNCTION_3)
                             00011fc0          : s_sinf.c.obj (.text.OUTLINED_FUNCTION_3)
__aeabi_dmul              $Tramp$TT$L$PI$$__aeabi_dmul
   0000f901     00012000     00011ffc   libc.a : s_cosf.c.obj (.text.OUTLINED_FUNCTION_0)
                             00012014          : s_sinf.c.obj (.text.OUTLINED_FUNCTION_0)
                             0001201a          : s_cosf.c.obj (.text.OUTLINED_FUNCTION_1)
                             00012020          : s_sinf.c.obj (.text.OUTLINED_FUNCTION_1)
__aeabi_f2d               $Tramp$TT$L$PI$$__aeabi_f2d
   000116fd     00012028     00012024   libc.a : s_cosf.c.obj (.text.OUTLINED_FUNCTION_2)
                             0001203a          : s_sinf.c.obj (.text.OUTLINED_FUNCTION_2)

[3 trampolines]
[10 trampoline calls]


GLOBAL SYMBOLS: SORTED ALPHABETICALLY BY Name 

address   name                                  
-------   ----                                  
00011d71  ADC0_IRQHandler                       
00011d71  ADC1_IRQHandler                       
00011d71  AES_IRQHandler                        
2020068c  BusFreq                               
00012040  C$$EXIT                               
000119c5  C$$IO$$                               
00011d71  CANFD0_IRQHandler                     
00011d71  DAC0_IRQHandler                       
00011d71  DMA_IRQHandler                        
00011d71  Default_Handler                       
00011d71  GROUP0_IRQHandler                     
00011d71  GROUP1_IRQHandler                     
00011525  HOSTclose                             
00010f05  HOSTlseek                             
00011179  HOSTopen                              
00011235  HOSTread                              
00010f71  HOSTrename                            
0001156d  HOSTunlink                            
0001128d  HOSTwrite                             
00011d8d  HardFault_Handler                     
00011d71  I2C0_IRQHandler                       
00011d71  I2C1_IRQHandler                       
20200690  M                                     
00011d71  NMI_Handler                           
00011d71  PendSV_Handler                        
00011d71  RTC_IRQHandler                        
0001203d  Reset_Handler                         
0000c728  SHT$$INIT_ARRAY$$Base                 
0000c72c  SHT$$INIT_ARRAY$$Limit                
00011d71  SPI0_IRQHandler                       
00011d71  SPI1_IRQHandler                       
00011d71  SVC_Handler                           
20200660  Sensor                                
20200682  StTextColor                           
20200694  StX                                   
20200698  StY                                   
0000e85b  SysTick_Handler                       
20200448  TExaSLogic                            
2020044c  TExaSadc                              
00011d71  TIMA0_IRQHandler                      
00011d71  TIMA1_IRQHandler                      
00011d71  TIMG0_IRQHandler                      
000111d9  TIMG12_IRQHandler                     
00011d71  TIMG6_IRQHandler                      
000115fd  TIMG7_IRQHandler                      
00011d71  TIMG8_IRQHandler                      
00011e77  TI_memcpy_small                       
00011f35  TI_memset_small                       
00011d71  UART0_IRQHandler                      
00011d71  UART1_IRQHandler                      
00011d71  UART2_IRQHandler                      
00011d71  UART3_IRQHandler                      
20200280  _CIOBUF_                              
000108b5  _Z10Clock_Freqv                       
0000e9ef  _Z10Sound_Initv                       
000112e5  _Z10TExaS_InitP10ADC12_RegsjPFhvE     
00010681  _Z10pollButtonv                       
00011ebb  _Z11Clock_Delayj                      
000117b9  _Z11SPI_OutDatac                      
00011e39  _Z11ST7735_openPKcji                  
00011e4f  _Z11ST7735_readiPcj                   
0001163d  _Z11Switch_Initv                      
00010555  _Z12ST7735_InitR10initRFlags          
00011fc3  _Z12ST7735_closei                     
00011f0b  _Z12ST7735_lseekili                   
00011861  _Z12ST7735_writeiPKcj                 
0000d759  _Z12updateBulletP6Bullet4Tankb        
0000f25d  _Z12updateSlopesPsiS_ib               
00011f43  _Z13ST7735_renamePKcS0_               
00011fcd  _Z13ST7735_unlinkPKc                  
0000edcd  _Z13drawHealthBarii                   
00010cbd  _Z13switchPlayersv                    
00011895  _Z14Clock_Delay1msj                   
00010a51  _Z14LaunchPad_Initv                   
000115b5  _Z14SPI_OutCommandc                   
0000fc75  _Z14ST7735_OutCharc                   
00010195  _Z14TimerG7_IntArmtjj                 
000117f1  _Z15ActivatePortA_Bv                  
0000e1cd  _Z15Clock_Init80MHzi                  
0000e381  _Z15ST7735_DrawCharsscssh             
0000f031  _Z15ST7735_FillRectsssst              
000105ed  _Z15TimerG12_IntArmjj                 
0000e525  _Z16ST7735_DrawCharSsscssh            
00010e95  _Z16ST7735_DrawPixelsst               
000118c9  _Z16ST7735_SetCursorjj                
0000dc21  _Z17ST7735_DrawBitmapssPKtss          
00010949  _Z17ST7735_DrawStringttPcs            
00011afd  _Z17ST7735_FillScreent                
00010381  _Z17ST7735_InitPrintfv                
0000e6c5  _Z17drawRoundedButtoniiiitt           
0000d459  _Z17drawWelcomeScreenv                
0000f551  _Z18ST7735_SetRotationh               
000109cd  _Z19drawButtonWithLabeliittPKc        
00010d35  _Z19drawLanguageButtonsb              
0000f361  _Z19spawnBulletFromTankP4TankP6Bulletb
0000fedd  _Z20ST7735_DrawFastHLinessst          
0000ff8d  _Z20ST7735_DrawFastVLinessst          
00010c41  _Z20updateTerrainHeightsPsiPKt        
0000d9cd  _Z23ST7735_DrawBitmapWithBGssPKtssS0_ 
00010711  _Z24ST7735_MakeBGTransparentssPKtssS0_
0000fd45  _Z26drawEnglishSelectionScreenv       
0000eb45  _Z26drawSpanishSelectionScreenv       
00011ecd  _Z28TExaS_LaunchPadLogicPB27PB26v     
00011de1  _Z6Randomj                            
0000ef09  _Z8ADC_InitP10ADC12_Regsjj            
000118fd  _Z8LED_Initv                          
00011fd7  _Z8PLL_Initv                          
00011d11  _Z8Random32v                          
0000f459  _Z8SPI_Initv                          
0000fe15  _Z8gameOverv                          
00011bd9  _Z9ADC_StartP10ADC12_Regs             
0001167d  _Z9SPI_Resetv                         
0000f731  _Z9UART_Initv                         
00011c79  _ZN4Tank10takeDamageEi                
00011e65  _ZN4Tank11setAngleDegEh               
00011f4f  _ZN4Tank9getHealthEv                  
00011a69  _ZN4TankC1EiiPKtiii                   
00011a69  _ZN4TankC2EiiPKtiii                   
00011f5b  _ZN6Object4getXEv                     
00011f67  _ZN6Object4getYEv                     
00011c9f  _ZN6Object4setXEi                     
00011cc5  _ZN6Object4setYEi                     
00011f73  _ZN6Object8getImageEv                 
00011edd  _ZN6Object8setImageEPKt               
00011da9  _ZN6ObjectC1EiiPKt                    
00011da9  _ZN6ObjectC2EiiPKt                    
0001148d  _ZN8SlidePot2InEv                     
00010acd  _ZN8SlidePot4InitEv                   
00011ced  _ZN8SlidePotC1Ejj                     
00011ced  _ZN8SlidePotC2Ejj                     
00011f7f  _ZNK4Tank11getAngleDegEv              
20200280  __CIOBUF_                             
20208000  __STACK_END                           
00000200  __STACK_SIZE                          
00000200  __SYSMEM_SIZE                         
00000000  __TI_ATRegion0_region_sz              
00000000  __TI_ATRegion0_src_addr               
00000000  __TI_ATRegion0_trg_addr               
00000000  __TI_ATRegion1_region_sz              
00000000  __TI_ATRegion1_src_addr               
00000000  __TI_ATRegion1_trg_addr               
00000000  __TI_ATRegion2_region_sz              
00000000  __TI_ATRegion2_src_addr               
00000000  __TI_ATRegion2_trg_addr               
000120f8  __TI_CINIT_Base                       
00012108  __TI_CINIT_Limit                      
00012108  __TI_CINIT_Warm                       
000120e4  __TI_Handler_Table_Base               
000120f0  __TI_Handler_Table_Limit              
00011395  __TI_auto_init_nobinit                
00011931  __TI_cleanup                          
20200684  __TI_cleanup_ptr                      
00010b49  __TI_closefile                        
00010bc5  __TI_decompress_lzss                  
00011e89  __TI_decompress_none                  
000113e9  __TI_doflush                          
20200688  __TI_dtors_ptr                        
202006a0  __TI_ft_end                           
ffffffff  __TI_pprof_out_hndl                   
ffffffff  __TI_prof_data_size                   
ffffffff  __TI_prof_data_start                  
00011965  __TI_readmsg                          
00000000  __TI_static_base__                    
202003a0  __TI_tmpnams                          
00011999  __TI_writemsg                         
00011eed  __TI_zero_init                        
0000e867  __adddf3                              
0000fba7  __addsf3                              
00010e21  __aeabi_d2f                           
000114d9  __aeabi_d2iz                          
0000e867  __aeabi_dadd                          
00011115  __aeabi_dcmpeq                        
00011151  __aeabi_dcmpge                        
00011165  __aeabi_dcmpgt                        
0001113d  __aeabi_dcmple                        
00011129  __aeabi_dcmplt                        
0000f901  __aeabi_dmul                          
0000e85d  __aeabi_dsub                          
202006a4  __aeabi_errno                         
00011fe1  __aeabi_errno_addr                    
000116fd  __aeabi_f2d                           
00011829  __aeabi_f2iz                          
0000fba7  __aeabi_fadd                          
000107a1  __aeabi_fmul                          
0000fb9d  __aeabi_fsub                          
00011b81  __aeabi_i2d                           
0001133d  __aeabi_idiv                          
0000f35f  __aeabi_idiv0                         
0001133d  __aeabi_idivmod                       
00011f8d  __aeabi_memclr                        
00011f8d  __aeabi_memclr4                       
00011f8d  __aeabi_memclr8                       
00011fe9  __aeabi_memcpy                        
00011fe9  __aeabi_memcpy4                       
00011fe9  __aeabi_memcpy8                       
000116bd  __aeabi_uidiv                         
000116bd  __aeabi_uidivmod                      
ffffffff  __binit__                             
00011049  __cmpdf2                              
00011049  __eqdf2                               
000116fd  __extendsfdf2                         
000114d9  __fixdfsi                             
00011829  __fixsfsi                             
00011b81  __floatsidf                           
00010da9  __gedf2                               
00010da9  __gtdf2                               
0000ce15  __kernel_rem_pio2                     
00011049  __ledf2                               
00011049  __ltdf2                               
UNDEFED   __mpu_init                            
0000f901  __muldf3                              
0001177d  __muldsi3                             
000107a1  __mulsf3                              
00011049  __nedf2                               
20207e00  __stack                               
20200000  __start___llvm_prf_bits               
20200000  __start___llvm_prf_cnts               
20200000  __stop___llvm_prf_bits                
20200000  __stop___llvm_prf_cnts                
0000e85d  __subdf3                              
0000fb9d  __subsf3                              
00010e21  __truncdfsf2                          
00011c51  _c_int00_noargs                       
20200548  _device                               
20200458  _ftable                               
202006a8  _lock                                 
000102df  _nop                                  
202005c0  _stream                               
202006d0  _sys_memory                           
UNDEFED   _system_post_cinit                    
00010e1d  _system_pre_init                      
202006ac  _unlock                               
00012041  abort                                 
0000f645  add_device                            
0000f149  aligned_alloc                         
ffffffff  binit                                 
20200610  bot                                   
20200674  bullet                                
0001143d  close                                 
0000de31  cosf                                  
202006c3  drawFlag                              
000119cd  exit                                  
00011a01  finddevice                            
0000ec89  floor                                 
0000ec89  floorl                                
00011acd  fopen                                 
0000f819  free                                  
00011a35  freopen                               
00010fdd  getdevice                             
00000000  interruptVectors                      
202006b0  k1                                    
202006b4  k2                                    
0000fac5  ldexp                                 
0000fac5  ldexpl                                
0000c731  main                                  
00011f99  malloc                                
0000f149  memalign                              
000102e1  open                                  
20200440  parmbuf                               
2020062c  player                                
00011ff1  remove                                
0000fac5  scalbn                                
0000fac5  scalbnl                               
202006c5  semaphore                             
0000f9e5  setvbuf                               
0000e005  sinf                                  
20200000  slopes                                
000108c1  strcmp                                
20200648  tankRotArray                          
20200140  terrainHeights                        
00011bad  unlink                                
00011c29  write                                 


GLOBAL SYMBOLS: SORTED BY Symbol Address 

address   name                                  
-------   ----                                  
00000000  __TI_ATRegion0_region_sz              
00000000  __TI_ATRegion0_src_addr               
00000000  __TI_ATRegion0_trg_addr               
00000000  __TI_ATRegion1_region_sz              
00000000  __TI_ATRegion1_src_addr               
00000000  __TI_ATRegion1_trg_addr               
00000000  __TI_ATRegion2_region_sz              
00000000  __TI_ATRegion2_src_addr               
00000000  __TI_ATRegion2_trg_addr               
00000000  __TI_static_base__                    
00000000  interruptVectors                      
00000200  __STACK_SIZE                          
00000200  __SYSMEM_SIZE                         
0000c728  SHT$$INIT_ARRAY$$Base                 
0000c72c  SHT$$INIT_ARRAY$$Limit                
0000c731  main                                  
0000ce15  __kernel_rem_pio2                     
0000d459  _Z17drawWelcomeScreenv                
0000d759  _Z12updateBulletP6Bullet4Tankb        
0000d9cd  _Z23ST7735_DrawBitmapWithBGssPKtssS0_ 
0000dc21  _Z17ST7735_DrawBitmapssPKtss          
0000de31  cosf                                  
0000e005  sinf                                  
0000e1cd  _Z15Clock_Init80MHzi                  
0000e381  _Z15ST7735_DrawCharsscssh             
0000e525  _Z16ST7735_DrawCharSsscssh            
0000e6c5  _Z17drawRoundedButtoniiiitt           
0000e85b  SysTick_Handler                       
0000e85d  __aeabi_dsub                          
0000e85d  __subdf3                              
0000e867  __adddf3                              
0000e867  __aeabi_dadd                          
0000e9ef  _Z10Sound_Initv                       
0000eb45  _Z26drawSpanishSelectionScreenv       
0000ec89  floor                                 
0000ec89  floorl                                
0000edcd  _Z13drawHealthBarii                   
0000ef09  _Z8ADC_InitP10ADC12_Regsjj            
0000f031  _Z15ST7735_FillRectsssst              
0000f149  aligned_alloc                         
0000f149  memalign                              
0000f25d  _Z12updateSlopesPsiS_ib               
0000f35f  __aeabi_idiv0                         
0000f361  _Z19spawnBulletFromTankP4TankP6Bulletb
0000f459  _Z8SPI_Initv                          
0000f551  _Z18ST7735_SetRotationh               
0000f645  add_device                            
0000f731  _Z9UART_Initv                         
0000f819  free                                  
0000f901  __aeabi_dmul                          
0000f901  __muldf3                              
0000f9e5  setvbuf                               
0000fac5  ldexp                                 
0000fac5  ldexpl                                
0000fac5  scalbn                                
0000fac5  scalbnl                               
0000fb9d  __aeabi_fsub                          
0000fb9d  __subsf3                              
0000fba7  __addsf3                              
0000fba7  __aeabi_fadd                          
0000fc75  _Z14ST7735_OutCharc                   
0000fd45  _Z26drawEnglishSelectionScreenv       
0000fe15  _Z8gameOverv                          
0000fedd  _Z20ST7735_DrawFastHLinessst          
0000ff8d  _Z20ST7735_DrawFastVLinessst          
00010195  _Z14TimerG7_IntArmtjj                 
000102df  _nop                                  
000102e1  open                                  
00010381  _Z17ST7735_InitPrintfv                
00010555  _Z12ST7735_InitR10initRFlags          
000105ed  _Z15TimerG12_IntArmjj                 
00010681  _Z10pollButtonv                       
00010711  _Z24ST7735_MakeBGTransparentssPKtssS0_
000107a1  __aeabi_fmul                          
000107a1  __mulsf3                              
000108b5  _Z10Clock_Freqv                       
000108c1  strcmp                                
00010949  _Z17ST7735_DrawStringttPcs            
000109cd  _Z19drawButtonWithLabeliittPKc        
00010a51  _Z14LaunchPad_Initv                   
00010acd  _ZN8SlidePot4InitEv                   
00010b49  __TI_closefile                        
00010bc5  __TI_decompress_lzss                  
00010c41  _Z20updateTerrainHeightsPsiPKt        
00010cbd  _Z13switchPlayersv                    
00010d35  _Z19drawLanguageButtonsb              
00010da9  __gedf2                               
00010da9  __gtdf2                               
00010e1d  _system_pre_init                      
00010e21  __aeabi_d2f                           
00010e21  __truncdfsf2                          
00010e95  _Z16ST7735_DrawPixelsst               
00010f05  HOSTlseek                             
00010f71  HOSTrename                            
00010fdd  getdevice                             
00011049  __cmpdf2                              
00011049  __eqdf2                               
00011049  __ledf2                               
00011049  __ltdf2                               
00011049  __nedf2                               
00011115  __aeabi_dcmpeq                        
00011129  __aeabi_dcmplt                        
0001113d  __aeabi_dcmple                        
00011151  __aeabi_dcmpge                        
00011165  __aeabi_dcmpgt                        
00011179  HOSTopen                              
000111d9  TIMG12_IRQHandler                     
00011235  HOSTread                              
0001128d  HOSTwrite                             
000112e5  _Z10TExaS_InitP10ADC12_RegsjPFhvE     
0001133d  __aeabi_idiv                          
0001133d  __aeabi_idivmod                       
00011395  __TI_auto_init_nobinit                
000113e9  __TI_doflush                          
0001143d  close                                 
0001148d  _ZN8SlidePot2InEv                     
000114d9  __aeabi_d2iz                          
000114d9  __fixdfsi                             
00011525  HOSTclose                             
0001156d  HOSTunlink                            
000115b5  _Z14SPI_OutCommandc                   
000115fd  TIMG7_IRQHandler                      
0001163d  _Z11Switch_Initv                      
0001167d  _Z9SPI_Resetv                         
000116bd  __aeabi_uidiv                         
000116bd  __aeabi_uidivmod                      
000116fd  __aeabi_f2d                           
000116fd  __extendsfdf2                         
0001177d  __muldsi3                             
000117b9  _Z11SPI_OutDatac                      
000117f1  _Z15ActivatePortA_Bv                  
00011829  __aeabi_f2iz                          
00011829  __fixsfsi                             
00011861  _Z12ST7735_writeiPKcj                 
00011895  _Z14Clock_Delay1msj                   
000118c9  _Z16ST7735_SetCursorjj                
000118fd  _Z8LED_Initv                          
00011931  __TI_cleanup                          
00011965  __TI_readmsg                          
00011999  __TI_writemsg                         
000119c5  C$$IO$$                               
000119cd  exit                                  
00011a01  finddevice                            
00011a35  freopen                               
00011a69  _ZN4TankC1EiiPKtiii                   
00011a69  _ZN4TankC2EiiPKtiii                   
00011acd  fopen                                 
00011afd  _Z17ST7735_FillScreent                
00011b81  __aeabi_i2d                           
00011b81  __floatsidf                           
00011bad  unlink                                
00011bd9  _Z9ADC_StartP10ADC12_Regs             
00011c29  write                                 
00011c51  _c_int00_noargs                       
00011c79  _ZN4Tank10takeDamageEi                
00011c9f  _ZN6Object4setXEi                     
00011cc5  _ZN6Object4setYEi                     
00011ced  _ZN8SlidePotC1Ejj                     
00011ced  _ZN8SlidePotC2Ejj                     
00011d11  _Z8Random32v                          
00011d71  ADC0_IRQHandler                       
00011d71  ADC1_IRQHandler                       
00011d71  AES_IRQHandler                        
00011d71  CANFD0_IRQHandler                     
00011d71  DAC0_IRQHandler                       
00011d71  DMA_IRQHandler                        
00011d71  Default_Handler                       
00011d71  GROUP0_IRQHandler                     
00011d71  GROUP1_IRQHandler                     
00011d71  I2C0_IRQHandler                       
00011d71  I2C1_IRQHandler                       
00011d71  NMI_Handler                           
00011d71  PendSV_Handler                        
00011d71  RTC_IRQHandler                        
00011d71  SPI0_IRQHandler                       
00011d71  SPI1_IRQHandler                       
00011d71  SVC_Handler                           
00011d71  TIMA0_IRQHandler                      
00011d71  TIMA1_IRQHandler                      
00011d71  TIMG0_IRQHandler                      
00011d71  TIMG6_IRQHandler                      
00011d71  TIMG8_IRQHandler                      
00011d71  UART0_IRQHandler                      
00011d71  UART1_IRQHandler                      
00011d71  UART2_IRQHandler                      
00011d71  UART3_IRQHandler                      
00011d8d  HardFault_Handler                     
00011da9  _ZN6ObjectC1EiiPKt                    
00011da9  _ZN6ObjectC2EiiPKt                    
00011de1  _Z6Randomj                            
00011e39  _Z11ST7735_openPKcji                  
00011e4f  _Z11ST7735_readiPcj                   
00011e65  _ZN4Tank11setAngleDegEh               
00011e77  TI_memcpy_small                       
00011e89  __TI_decompress_none                  
00011ebb  _Z11Clock_Delayj                      
00011ecd  _Z28TExaS_LaunchPadLogicPB27PB26v     
00011edd  _ZN6Object8setImageEPKt               
00011eed  __TI_zero_init                        
00011f0b  _Z12ST7735_lseekili                   
00011f35  TI_memset_small                       
00011f43  _Z13ST7735_renamePKcS0_               
00011f4f  _ZN4Tank9getHealthEv                  
00011f5b  _ZN6Object4getXEv                     
00011f67  _ZN6Object4getYEv                     
00011f73  _ZN6Object8getImageEv                 
00011f7f  _ZNK4Tank11getAngleDegEv              
00011f8d  __aeabi_memclr                        
00011f8d  __aeabi_memclr4                       
00011f8d  __aeabi_memclr8                       
00011f99  malloc                                
00011fc3  _Z12ST7735_closei                     
00011fcd  _Z13ST7735_unlinkPKc                  
00011fd7  _Z8PLL_Initv                          
00011fe1  __aeabi_errno_addr                    
00011fe9  __aeabi_memcpy                        
00011fe9  __aeabi_memcpy4                       
00011fe9  __aeabi_memcpy8                       
00011ff1  remove                                
0001203d  Reset_Handler                         
00012040  C$$EXIT                               
00012041  abort                                 
000120e4  __TI_Handler_Table_Base               
000120f0  __TI_Handler_Table_Limit              
000120f8  __TI_CINIT_Base                       
00012108  __TI_CINIT_Limit                      
00012108  __TI_CINIT_Warm                       
20200000  __start___llvm_prf_bits               
20200000  __start___llvm_prf_cnts               
20200000  __stop___llvm_prf_bits                
20200000  __stop___llvm_prf_cnts                
20200000  slopes                                
20200140  terrainHeights                        
20200280  _CIOBUF_                              
20200280  __CIOBUF_                             
202003a0  __TI_tmpnams                          
20200440  parmbuf                               
20200448  TExaSLogic                            
2020044c  TExaSadc                              
20200458  _ftable                               
20200548  _device                               
202005c0  _stream                               
20200610  bot                                   
2020062c  player                                
20200648  tankRotArray                          
20200660  Sensor                                
20200674  bullet                                
20200682  StTextColor                           
20200684  __TI_cleanup_ptr                      
20200688  __TI_dtors_ptr                        
2020068c  BusFreq                               
20200690  M                                     
20200694  StX                                   
20200698  StY                                   
202006a0  __TI_ft_end                           
202006a4  __aeabi_errno                         
202006a8  _lock                                 
202006ac  _unlock                               
202006b0  k1                                    
202006b4  k2                                    
202006c3  drawFlag                              
202006c5  semaphore                             
202006d0  _sys_memory                           
20207e00  __stack                               
20208000  __STACK_END                           
ffffffff  __TI_pprof_out_hndl                   
ffffffff  __TI_prof_data_size                   
ffffffff  __TI_prof_data_start                  
ffffffff  __binit__                             
ffffffff  binit                                 
UNDEFED   __mpu_init                            
UNDEFED   _system_post_cinit                    

[272 symbols]
