******************************************************************************
            TI ARM Clang Linker PC v4.0.1                      
******************************************************************************
>> Linked Thu Apr 24 12:56:55 2025

OUTPUT FILE NAME:   <ECE319K_Lab9H.out>
ENTRY POINT SYMBOL: "_c_int00_noargs"  address: 000028a9


MEMORY CONFIGURATION

         name            origin    length      used     unused   attr    fill
----------------------  --------  ---------  --------  --------  ----  --------
  FLASH                 00000000   00020000  00002a78  0001d588  R  X
  SRAM                  20200000   00008000  00000487  00007b79  RW X
  BCR_CONFIG            41c00000   00000080  00000000  00000080  R   
  BSL_CONFIG            41c00100   00000080  00000000  00000080  R   


SEGMENT ALLOCATION MAP

run origin  load origin   length   init length attrs members
----------  ----------- ---------- ----------- ----- -------
00000000    00000000    00002a78   00002a78    r-x
  00000000    00000000    000000c0   000000c0    r-- .intvecs
  000000c0    000000c0    00001e80   00001e80    r-- .rodata
  00001f40    00001f40    00000ad8   00000ad8    r-x .text
  00002a18    00002a18    00000008   00000008    r-- .init_array
  00002a20    00002a20    00000058   00000058    r-- .cinit
20200000    20200000    00000288   00000000    rw-
  20200000    20200000    00000200   00000000    rw- .sysmem
  20200200    20200200    0000007f   00000000    rw- .data
  20200280    20200280    00000008   00000000    rw- .bss
20207e00    20207e00    00000200   00000000    rw-
  20207e00    20207e00    00000200   00000000    rw- .stack


SECTION ALLOCATION MAP

 output                                  attributes/
section   page    origin      length       input sections
--------  ----  ----------  ----------   ----------------
.intvecs   0    00000000    000000c0     
                  00000000    000000c0     startup_mspm0g3507_ticlang.o (.intvecs)

.binit     0    00000000    00000000     

.text      0    00001f40    00000ad8     
                  00001f40    000001b4     Clock.o (.text._Z15Clock_Init80MHzi)
                  000020f4    00000128     TExaS.o (.text._Z8ADC_InitP10ADC12_Regsjj)
                  0000221c    000000e8     TExaS.o (.text._Z9UART_Initv)
                  00002304    000000a8     Timer.o (.text._Z14TimerG7_IntArmtjj)
                  000023ac    0000007c     LaunchPad.o (.text._Z14LaunchPad_Initv)
                  00002428    0000007c     libc.a : copy_decompress_lzss.c.obj (.text:decompress:lzss)
                  000024a4    0000005c     Lab9HMain.o (.text.TIMG12_IRQHandler)
                  00002500    00000058     TExaS.o (.text._Z10TExaS_InitP10ADC12_RegsjPFhvE)
                  00002558    00000054     libc.a : autoinit.c.obj (.text:__TI_auto_init_nobinit)
                  000025ac    0000004c     Sound.o (.text._Z11Sound_StartPKhj)
                  000025f8    0000004c     Sound.o (.text._Z14SysTick_IntArmjj)
                  00002644    00000048     Sound.o (.text.SysTick_Handler)
                  0000268c    00000040     TExaS.o (.text.TIMG7_IRQHandler)
                  000026cc    00000040     Switch.o (.text._Z11Switch_Initv)
                  0000270c    00000040     libclang_rt.builtins.a : aeabi_uidivmod.S.obj (.text.__aeabi_uidivmod)
                  0000274c    0000003c     Lab9HMain.o (.text.main)
                  00002788    00000038     LaunchPad.o (.text._Z15ActivatePortA_Bv)
                  000027c0    00000034     LED.o (.text._Z8LED_Initv)
                  000027f4    00000032     GameLogic.o (.text._ZN4TankC2EiiPKtiii)
                  00002826    00000002     libclang_rt.builtins.a : aeabi_div0.c.obj (.text.__aeabi_idiv0)
                  00002828    0000002c     Lab9HMain.o (.text.__cxx_global_var_init.1)
                  00002854    0000002c     Lab9HMain.o (.text.__cxx_global_var_init)
                  00002880    00000028     TExaS.o (.text._Z9ADC_StartP10ADC12_Regs)
                  000028a8    00000028     libc.a : boot_cortex_m.c.obj (.text:_c_int00_noargs)
                  000028d0    00000024     SlidePot.o (.text._ZN8SlidePotC2Ejj)
                  000028f4    00000020     DAC5.o (.text._Z8DAC5_Outj)
                  00002914    0000001c     startup_mspm0g3507_ticlang.o (.text.Default_Handler)
                  00002930    0000001c     startup_mspm0g3507_ticlang.o (.text.HardFault_Handler)
                  0000294c    0000001c     GameLogic.o (.text._ZN6ObjectC2EiiPKt)
                  00002968    00000018     Lab9HMain.o (.text.__cxx_global_var_init.2)
                  00002980    00000016     libc.a : copy_zero_init.c.obj (.text:decompress:ZI:__TI_zero_init_nomemset)
                  00002996    00000012            : memcpy16.S.obj (.text:TI_memcpy_small)
                  000029a8    00000012            : copy_decompress_none.c.obj (.text:decompress:none)
                  000029ba    00000010     Lab9HMain.o (.text._GLOBAL__sub_I_Lab9HMain.cpp)
                  000029ca    00000010     Clock.o (.text._Z11Clock_Delayj)
                  000029da    00000002     --HOLE-- [fill = 0]
                  000029dc    0000000c     Clock.o (.text._Z10Clock_Freqv)
                  000029e8    0000000c     GameLogic.o (.text._ZN6Object4getXEv)
                  000029f4    0000000a     Lab9HMain.o (.text._Z8PLL_Initv)
                  000029fe    00000002     --HOLE-- [fill = 0]
                  00002a00    00000008     libclang_rt.builtins.a : aeabi_memcpy.S.obj (.text.__aeabi_memcpy)
                  00002a08    00000004     startup_mspm0g3507_ticlang.o (.text.Reset_Handler)
                  00002a0c    00000004     libc.a : pre_init.c.obj (.text._system_pre_init)
                  00002a10    00000004            : exit.c.obj (.text:abort)
                  00002a14    00000004     --HOLE-- [fill = 0]

.cinit     0    00002a20    00000058     
                  00002a20    00000030     (.cinit..data.load) [load image, compression = lzss]
                  00002a50    0000000c     (__TI_handler_table)
                  00002a5c    00000008     (.cinit..bss.load) [load image, compression = zero_init]
                  00002a64    00000010     (__TI_cinit_table)
                  00002a74    00000004     --HOLE-- [fill = 0]

.rodata    0    000000c0    00001e80     
                  000000c0    00000510     Lab9HMain.o (.rodata._ZL6tank_0)
                  000005d0    00000510     Lab9HMain.o (.rodata._ZL7tank_12)
                  00000ae0    00000510     Lab9HMain.o (.rodata._ZL7tank_24)
                  00000ff0    00000510     Lab9HMain.o (.rodata._ZL7tank_36)
                  00001500    00000510     Lab9HMain.o (.rodata._ZL7tank_48)
                  00001a10    00000510     Lab9HMain.o (.rodata._ZL7tank_60)
                  00001f20    00000020     Lab9HMain.o (.rodata._ZL9testSound)

.init_array 
*          0    00002a18    00000008     
                  00002a18    00000004     Lab9HMain.o (.init_array)
                  00002a1c    00000004     --HOLE-- [fill = 0]

.sysmem    0    20200000    00000200     UNINITIALIZED
                  20200000    00000010     libc.a : memory.c.obj (.sysmem)
                  20200010    000001f0     --HOLE--

.data      0    20200200    0000007f     UNINITIALIZED
                  20200200    0000001c     Lab9HMain.o (.data.bot)
                  2020021c    0000001c     Lab9HMain.o (.data.player)
                  20200238    00000018     Lab9HMain.o (.data.tankRotArray)
                  20200250    00000014     Lab9HMain.o (.data.Sensor)
                  20200264    00000004     Clock.o (.data.BusFreq)
                  20200268    00000004     SlidePot.o (.data.k1)
                  2020026c    00000004     SlidePot.o (.data.k2)
                  20200270    00000004     Sound.o (.data.period)
                  20200274    00000004     Sound.o (.data.soundCount)
                  20200278    00000004     Sound.o (.data.soundPt)
                  2020027c    00000001     Lab9HMain.o (.data._ZL9btnUpdate)
                  2020027d    00000001     Lab9HMain.o (.data.drawFlag)
                  2020027e    00000001     Lab9HMain.o (.data.semaphore)

.bss       0    20200280    00000008     UNINITIALIZED
                  20200280    00000004     TExaS.o (.bss.TExaSLogic)
                  20200284    00000004     TExaS.o (.bss.TExaSadc)

.stack     0    20207e00    00000200     UNINITIALIZED
                  20207e00    00000004     libc.a : boot_cortex_m.c.obj (.stack)
                  20207e04    000001fc     --HOLE--

__llvm_prf_cnts 
*          0    20200000    00000000     UNINITIALIZED

__llvm_prf_bits 
*          0    20200000    00000000     UNINITIALIZED

MODULE SUMMARY

       Module                         code   ro data   rw data
       ------                         ----   -------   -------
    .\
       Lab9HMain.o                    290    7812      103    
       TExaS.o                        720    0         8      
       Clock.o                        464    0         4      
       Sound.o                        224    0         12     
       LaunchPad.o                    180    0         0      
       Timer.o                        168    0         0      
       GameLogic.o                    90     0         0      
       Switch.o                       64     0         0      
       LED.o                          52     0         0      
       SlidePot.o                     36     0         8      
       DAC5.o                         32     0         0      
    +--+------------------------------+------+---------+---------+
       Total:                         2320   7812      135    
                                                              
    .\ticlang\
       startup_mspm0g3507_ticlang.o   60     192       0      
    +--+------------------------------+------+---------+---------+
       Total:                         60     192       0      
                                                              
    C:\ti\ccs2000\ccs\tools\compiler\ti-cgt-armllvm_4.0.1.LTS\lib\armv6m-ti-none-eabi/c/libc.a
       copy_decompress_lzss.c.obj     124    0         0      
       autoinit.c.obj                 84     0         0      
       boot_cortex_m.c.obj            40     0         0      
       copy_zero_init.c.obj           22     0         0      
       copy_decompress_none.c.obj     18     0         0      
       memcpy16.S.obj                 18     0         0      
       exit.c.obj                     4      0         0      
       pre_init.c.obj                 4      0         0      
    +--+------------------------------+------+---------+---------+
       Total:                         314    0         0      
                                                              
    C:\ti\ccs2000\ccs\tools\compiler\ti-cgt-armllvm_4.0.1.LTS\lib\armv6m-ti-none-eabi/libclang_rt.builtins.a
       aeabi_uidivmod.S.obj           64     0         0      
       aeabi_memcpy.S.obj             8      0         0      
       aeabi_div0.c.obj               2      0         0      
    +--+------------------------------+------+---------+---------+
       Total:                         74     0         0      
                                                              
       Heap:                          0      0         512    
       Stack:                         0      0         512    
       Linker Generated:              0      84        0      
    +--+------------------------------+------+---------+---------+
       Grand Total:                   2768   8088      1159   


LINKER GENERATED COPY TABLES

__TI_cinit_table @ 00002a64 records: 2, size/record: 8, table size: 16
	.data: load addr=00002a20, load size=00000030 bytes, run addr=20200200, run size=0000007f bytes, compression=lzss
	.bss: load addr=00002a5c, load size=00000008 bytes, run addr=20200280, run size=00000008 bytes, compression=zero_init


LINKER GENERATED HANDLER TABLE

__TI_handler_table @ 00002a50 records: 3, size/record: 4, table size: 12
	index: 0, handler: __TI_decompress_lzss
	index: 1, handler: __TI_decompress_none
	index: 2, handler: __TI_zero_init


GLOBAL SYMBOLS: SORTED ALPHABETICALLY BY Name 

address   name                             
-------   ----                             
00002915  ADC0_IRQHandler                  
00002915  ADC1_IRQHandler                  
00002915  AES_IRQHandler                   
20200264  BusFreq                          
00002a10  C$$EXIT                          
00002915  CANFD0_IRQHandler                
00002915  DAC0_IRQHandler                  
00002915  DMA_IRQHandler                   
00002915  Default_Handler                  
00002915  GROUP0_IRQHandler                
00002915  GROUP1_IRQHandler                
00002931  HardFault_Handler                
00002915  I2C0_IRQHandler                  
00002915  I2C1_IRQHandler                  
00002915  NMI_Handler                      
00002915  PendSV_Handler                   
00002915  RTC_IRQHandler                   
00002a09  Reset_Handler                    
00002a18  SHT$$INIT_ARRAY$$Base            
00002a1c  SHT$$INIT_ARRAY$$Limit           
00002915  SPI0_IRQHandler                  
00002915  SPI1_IRQHandler                  
00002915  SVC_Handler                      
20200250  Sensor                           
00002645  SysTick_Handler                  
20200280  TExaSLogic                       
20200284  TExaSadc                         
00002915  TIMA0_IRQHandler                 
00002915  TIMA1_IRQHandler                 
00002915  TIMG0_IRQHandler                 
000024a5  TIMG12_IRQHandler                
00002915  TIMG6_IRQHandler                 
0000268d  TIMG7_IRQHandler                 
00002915  TIMG8_IRQHandler                 
00002997  TI_memcpy_small                  
00002915  UART0_IRQHandler                 
00002915  UART1_IRQHandler                 
00002915  UART2_IRQHandler                 
00002915  UART3_IRQHandler                 
000029dd  _Z10Clock_Freqv                  
00002501  _Z10TExaS_InitP10ADC12_RegsjPFhvE
000029cb  _Z11Clock_Delayj                 
000025ad  _Z11Sound_StartPKhj              
000026cd  _Z11Switch_Initv                 
000023ad  _Z14LaunchPad_Initv              
000025f9  _Z14SysTick_IntArmjj             
00002305  _Z14TimerG7_IntArmtjj            
00002789  _Z15ActivatePortA_Bv             
00001f41  _Z15Clock_Init80MHzi             
000020f5  _Z8ADC_InitP10ADC12_Regsjj       
000028f5  _Z8DAC5_Outj                     
000027c1  _Z8LED_Initv                     
000029f5  _Z8PLL_Initv                     
00002881  _Z9ADC_StartP10ADC12_Regs        
0000221d  _Z9UART_Initv                    
000027f5  _ZN4TankC1EiiPKtiii              
000027f5  _ZN4TankC2EiiPKtiii              
000029e9  _ZN6Object4getXEv                
0000294d  _ZN6ObjectC1EiiPKt               
0000294d  _ZN6ObjectC2EiiPKt               
000028d1  _ZN8SlidePotC1Ejj                
000028d1  _ZN8SlidePotC2Ejj                
20208000  __STACK_END                      
00000200  __STACK_SIZE                     
00000200  __SYSMEM_SIZE                    
00000000  __TI_ATRegion0_region_sz         
00000000  __TI_ATRegion0_src_addr          
00000000  __TI_ATRegion0_trg_addr          
00000000  __TI_ATRegion1_region_sz         
00000000  __TI_ATRegion1_src_addr          
00000000  __TI_ATRegion1_trg_addr          
00000000  __TI_ATRegion2_region_sz         
00000000  __TI_ATRegion2_src_addr          
00000000  __TI_ATRegion2_trg_addr          
00002a64  __TI_CINIT_Base                  
00002a74  __TI_CINIT_Limit                 
00002a74  __TI_CINIT_Warm                  
00002a50  __TI_Handler_Table_Base          
00002a5c  __TI_Handler_Table_Limit         
00002559  __TI_auto_init_nobinit           
00002429  __TI_decompress_lzss             
000029a9  __TI_decompress_none             
ffffffff  __TI_pprof_out_hndl              
ffffffff  __TI_prof_data_size              
ffffffff  __TI_prof_data_start             
00000000  __TI_static_base__               
00002981  __TI_zero_init_nomemset          
00002827  __aeabi_idiv0                    
00002a01  __aeabi_memcpy                   
00002a01  __aeabi_memcpy4                  
00002a01  __aeabi_memcpy8                  
0000270d  __aeabi_uidiv                    
0000270d  __aeabi_uidivmod                 
ffffffff  __binit__                        
UNDEFED   __mpu_init                       
20207e00  __stack                          
20200000  __start___llvm_prf_bits          
20200000  __start___llvm_prf_cnts          
20200000  __stop___llvm_prf_bits           
20200000  __stop___llvm_prf_cnts           
000028a9  _c_int00_noargs                  
20200000  _sys_memory                      
UNDEFED   _system_post_cinit               
00002a0d  _system_pre_init                 
00002a11  abort                            
ffffffff  binit                            
20200200  bot                              
2020027d  drawFlag                         
00000000  interruptVectors                 
20200268  k1                               
2020026c  k2                               
0000274d  main                             
20200270  period                           
2020021c  player                           
2020027e  semaphore                        
20200274  soundCount                       
20200278  soundPt                          
20200238  tankRotArray                     


GLOBAL SYMBOLS: SORTED BY Symbol Address 

address   name                             
-------   ----                             
00000000  __TI_ATRegion0_region_sz         
00000000  __TI_ATRegion0_src_addr          
00000000  __TI_ATRegion0_trg_addr          
00000000  __TI_ATRegion1_region_sz         
00000000  __TI_ATRegion1_src_addr          
00000000  __TI_ATRegion1_trg_addr          
00000000  __TI_ATRegion2_region_sz         
00000000  __TI_ATRegion2_src_addr          
00000000  __TI_ATRegion2_trg_addr          
00000000  __TI_static_base__               
00000000  interruptVectors                 
00000200  __STACK_SIZE                     
00000200  __SYSMEM_SIZE                    
00001f41  _Z15Clock_Init80MHzi             
000020f5  _Z8ADC_InitP10ADC12_Regsjj       
0000221d  _Z9UART_Initv                    
00002305  _Z14TimerG7_IntArmtjj            
000023ad  _Z14LaunchPad_Initv              
00002429  __TI_decompress_lzss             
000024a5  TIMG12_IRQHandler                
00002501  _Z10TExaS_InitP10ADC12_RegsjPFhvE
00002559  __TI_auto_init_nobinit           
000025ad  _Z11Sound_StartPKhj              
000025f9  _Z14SysTick_IntArmjj             
00002645  SysTick_Handler                  
0000268d  TIMG7_IRQHandler                 
000026cd  _Z11Switch_Initv                 
0000270d  __aeabi_uidiv                    
0000270d  __aeabi_uidivmod                 
0000274d  main                             
00002789  _Z15ActivatePortA_Bv             
000027c1  _Z8LED_Initv                     
000027f5  _ZN4TankC1EiiPKtiii              
000027f5  _ZN4TankC2EiiPKtiii              
00002827  __aeabi_idiv0                    
00002881  _Z9ADC_StartP10ADC12_Regs        
000028a9  _c_int00_noargs                  
000028d1  _ZN8SlidePotC1Ejj                
000028d1  _ZN8SlidePotC2Ejj                
000028f5  _Z8DAC5_Outj                     
00002915  ADC0_IRQHandler                  
00002915  ADC1_IRQHandler                  
00002915  AES_IRQHandler                   
00002915  CANFD0_IRQHandler                
00002915  DAC0_IRQHandler                  
00002915  DMA_IRQHandler                   
00002915  Default_Handler                  
00002915  GROUP0_IRQHandler                
00002915  GROUP1_IRQHandler                
00002915  I2C0_IRQHandler                  
00002915  I2C1_IRQHandler                  
00002915  NMI_Handler                      
00002915  PendSV_Handler                   
00002915  RTC_IRQHandler                   
00002915  SPI0_IRQHandler                  
00002915  SPI1_IRQHandler                  
00002915  SVC_Handler                      
00002915  TIMA0_IRQHandler                 
00002915  TIMA1_IRQHandler                 
00002915  TIMG0_IRQHandler                 
00002915  TIMG6_IRQHandler                 
00002915  TIMG8_IRQHandler                 
00002915  UART0_IRQHandler                 
00002915  UART1_IRQHandler                 
00002915  UART2_IRQHandler                 
00002915  UART3_IRQHandler                 
00002931  HardFault_Handler                
0000294d  _ZN6ObjectC1EiiPKt               
0000294d  _ZN6ObjectC2EiiPKt               
00002981  __TI_zero_init_nomemset          
00002997  TI_memcpy_small                  
000029a9  __TI_decompress_none             
000029cb  _Z11Clock_Delayj                 
000029dd  _Z10Clock_Freqv                  
000029e9  _ZN6Object4getXEv                
000029f5  _Z8PLL_Initv                     
00002a01  __aeabi_memcpy                   
00002a01  __aeabi_memcpy4                  
00002a01  __aeabi_memcpy8                  
00002a09  Reset_Handler                    
00002a0d  _system_pre_init                 
00002a10  C$$EXIT                          
00002a11  abort                            
00002a18  SHT$$INIT_ARRAY$$Base            
00002a1c  SHT$$INIT_ARRAY$$Limit           
00002a50  __TI_Handler_Table_Base          
00002a5c  __TI_Handler_Table_Limit         
00002a64  __TI_CINIT_Base                  
00002a74  __TI_CINIT_Limit                 
00002a74  __TI_CINIT_Warm                  
20200000  __start___llvm_prf_bits          
20200000  __start___llvm_prf_cnts          
20200000  __stop___llvm_prf_bits           
20200000  __stop___llvm_prf_cnts           
20200000  _sys_memory                      
20200200  bot                              
2020021c  player                           
20200238  tankRotArray                     
20200250  Sensor                           
20200264  BusFreq                          
20200268  k1                               
2020026c  k2                               
20200270  period                           
20200274  soundCount                       
20200278  soundPt                          
2020027d  drawFlag                         
2020027e  semaphore                        
20200280  TExaSLogic                       
20200284  TExaSadc                         
20207e00  __stack                          
20208000  __STACK_END                      
ffffffff  __TI_pprof_out_hndl              
ffffffff  __TI_prof_data_size              
ffffffff  __TI_prof_data_start             
ffffffff  __binit__                        
ffffffff  binit                            
UNDEFED   __mpu_init                       
UNDEFED   _system_post_cinit               

[118 symbols]
