<?xml version="1.0" encoding="ISO-8859-1" ?>
<link_info>
   <banner>TI ARM Clang Linker PC v4.0.1.LTS</banner>
   <copyright>Copyright (c) 1996-2018 Texas Instruments Incorporated</copyright>
   <command_line>C:\ti\ccs2000\ccs\tools\compiler\ti-cgt-armllvm_4.0.1.LTS\bin\tiarmlnk -IC:\ti\ccs2000\ccs\tools\compiler\ti-cgt-armllvm_4.0.1.LTS\lib -o ECE319K_Lab9H.out -mECE319K_Lab9H.map --heap_size=512 --stack_size=512 -iC:/Users/adivp/Desktop/319_MSPM0/ECE319K_Lab9H/Debug/syscfg -iC:/ti/ccs2000/ccs/tools/compiler/ti-cgt-armllvm_4.0.1.LTS/lib --diag_wrap=off --display_error_number --warn_sections --xml_link_info=ECE319K_Lab9H_linkInfo.xml --rom_model ./BulletLogic.o ./Clock.o ./DAC5.o ./GameLogic.o ./LED.o ./Lab9HMain.o ./LaunchPad.o ./SPI.o ./ST7735.o ./SlidePot.o ./SmallFont.o ./Sound.o ./Switch.o ./TExaS.o ./Timer.o ./images/pipedreams/PipeSound.o ./ticlang/startup_mspm0g3507_ticlang.o ../mspm0g3507.cmd -lC:/ti/mspm0_sdk_2_03_00_07/source/ti/driverlib/lib/ticlang/m0p/mspm0g1x0x_g3x0x/driverlib.a -llibc.a --start-group -llibc++.a -llibc++abi.a -llibc.a -llibsys.a -llibsysbm.a -llibclang_rt.builtins.a -llibclang_rt.profile.a --end-group --cg_opt_level=0</command_line>
   <link_time>0x680a6f14</link_time>
   <link_errors>0x0</link_errors>
   <output_file>C:\Users\adivp\Desktop\319_MSPM0\ECE319K_Lab9H\Debug\ECE319K_Lab9H.out</output_file>
   <entry_point>
      <name>_c_int00_noargs</name>
      <address>0x184c5</address>
   </entry_point>
   <input_file_list>
      <input_file id="fl-1">
         <path>C:\Users\adivp\Desktop\319_MSPM0\ECE319K_Lab9H\Debug\.\</path>
         <kind>object</kind>
         <file>BulletLogic.o</file>
         <name>BulletLogic.o</name>
      </input_file>
      <input_file id="fl-2">
         <path>C:\Users\adivp\Desktop\319_MSPM0\ECE319K_Lab9H\Debug\.\</path>
         <kind>object</kind>
         <file>Clock.o</file>
         <name>Clock.o</name>
      </input_file>
      <input_file id="fl-3">
         <path>C:\Users\adivp\Desktop\319_MSPM0\ECE319K_Lab9H\Debug\.\</path>
         <kind>object</kind>
         <file>DAC5.o</file>
         <name>DAC5.o</name>
      </input_file>
      <input_file id="fl-4">
         <path>C:\Users\adivp\Desktop\319_MSPM0\ECE319K_Lab9H\Debug\.\</path>
         <kind>object</kind>
         <file>GameLogic.o</file>
         <name>GameLogic.o</name>
      </input_file>
      <input_file id="fl-5">
         <path>C:\Users\adivp\Desktop\319_MSPM0\ECE319K_Lab9H\Debug\.\</path>
         <kind>object</kind>
         <file>LED.o</file>
         <name>LED.o</name>
      </input_file>
      <input_file id="fl-6">
         <path>C:\Users\adivp\Desktop\319_MSPM0\ECE319K_Lab9H\Debug\.\</path>
         <kind>object</kind>
         <file>Lab9HMain.o</file>
         <name>Lab9HMain.o</name>
      </input_file>
      <input_file id="fl-7">
         <path>C:\Users\adivp\Desktop\319_MSPM0\ECE319K_Lab9H\Debug\.\</path>
         <kind>object</kind>
         <file>LaunchPad.o</file>
         <name>LaunchPad.o</name>
      </input_file>
      <input_file id="fl-8">
         <path>C:\Users\adivp\Desktop\319_MSPM0\ECE319K_Lab9H\Debug\.\</path>
         <kind>object</kind>
         <file>SPI.o</file>
         <name>SPI.o</name>
      </input_file>
      <input_file id="fl-9">
         <path>C:\Users\adivp\Desktop\319_MSPM0\ECE319K_Lab9H\Debug\.\</path>
         <kind>object</kind>
         <file>ST7735.o</file>
         <name>ST7735.o</name>
      </input_file>
      <input_file id="fl-a">
         <path>C:\Users\adivp\Desktop\319_MSPM0\ECE319K_Lab9H\Debug\.\</path>
         <kind>object</kind>
         <file>SlidePot.o</file>
         <name>SlidePot.o</name>
      </input_file>
      <input_file id="fl-b">
         <path>C:\Users\adivp\Desktop\319_MSPM0\ECE319K_Lab9H\Debug\.\</path>
         <kind>object</kind>
         <file>SmallFont.o</file>
         <name>SmallFont.o</name>
      </input_file>
      <input_file id="fl-c">
         <path>C:\Users\adivp\Desktop\319_MSPM0\ECE319K_Lab9H\Debug\.\</path>
         <kind>object</kind>
         <file>Sound.o</file>
         <name>Sound.o</name>
      </input_file>
      <input_file id="fl-d">
         <path>C:\Users\adivp\Desktop\319_MSPM0\ECE319K_Lab9H\Debug\.\</path>
         <kind>object</kind>
         <file>Switch.o</file>
         <name>Switch.o</name>
      </input_file>
      <input_file id="fl-e">
         <path>C:\Users\adivp\Desktop\319_MSPM0\ECE319K_Lab9H\Debug\.\</path>
         <kind>object</kind>
         <file>TExaS.o</file>
         <name>TExaS.o</name>
      </input_file>
      <input_file id="fl-f">
         <path>C:\Users\adivp\Desktop\319_MSPM0\ECE319K_Lab9H\Debug\.\</path>
         <kind>object</kind>
         <file>Timer.o</file>
         <name>Timer.o</name>
      </input_file>
      <input_file id="fl-10">
         <path>C:\Users\adivp\Desktop\319_MSPM0\ECE319K_Lab9H\Debug\.\images\pipedreams\</path>
         <kind>object</kind>
         <file>PipeSound.o</file>
         <name>PipeSound.o</name>
      </input_file>
      <input_file id="fl-11">
         <path>C:\Users\adivp\Desktop\319_MSPM0\ECE319K_Lab9H\Debug\.\ticlang\</path>
         <kind>object</kind>
         <file>startup_mspm0g3507_ticlang.o</file>
         <name>startup_mspm0g3507_ticlang.o</name>
      </input_file>
      <input_file id="fl-1d">
         <path>C:\Users\adivp\Desktop\319_MSPM0\ECE319K_Lab9H\Debug\</path>
         <kind>object</kind>
         <file>&lt;internal&gt;</file>
         <name>&lt;internal&gt;</name>
      </input_file>
      <input_file id="fl-32">
         <path>C:\ti\ccs2000\ccs\tools\compiler\ti-cgt-armllvm_4.0.1.LTS\lib\armv6m-ti-none-eabi\c\</path>
         <kind>archive</kind>
         <file>libc.a</file>
         <name>s_cosf.c.obj</name>
      </input_file>
      <input_file id="fl-33">
         <path>C:\ti\ccs2000\ccs\tools\compiler\ti-cgt-armllvm_4.0.1.LTS\lib\armv6m-ti-none-eabi\c\</path>
         <kind>archive</kind>
         <file>libc.a</file>
         <name>s_sinf.c.obj</name>
      </input_file>
      <input_file id="fl-34">
         <path>C:\ti\ccs2000\ccs\tools\compiler\ti-cgt-armllvm_4.0.1.LTS\lib\armv6m-ti-none-eabi\c\</path>
         <kind>archive</kind>
         <file>libc.a</file>
         <name>fopen.c.obj</name>
      </input_file>
      <input_file id="fl-35">
         <path>C:\ti\ccs2000\ccs\tools\compiler\ti-cgt-armllvm_4.0.1.LTS\lib\armv6m-ti-none-eabi\c\</path>
         <kind>archive</kind>
         <file>libc.a</file>
         <name>setvbuf.c.obj</name>
      </input_file>
      <input_file id="fl-36">
         <path>C:\ti\ccs2000\ccs\tools\compiler\ti-cgt-armllvm_4.0.1.LTS\lib\armv6m-ti-none-eabi\c\</path>
         <kind>archive</kind>
         <file>libc.a</file>
         <name>aeabi_portable.c.obj</name>
      </input_file>
      <input_file id="fl-37">
         <path>C:\ti\ccs2000\ccs\tools\compiler\ti-cgt-armllvm_4.0.1.LTS\lib\armv6m-ti-none-eabi\c\</path>
         <kind>archive</kind>
         <file>libc.a</file>
         <name>exit.c.obj</name>
      </input_file>
      <input_file id="fl-38">
         <path>C:\ti\ccs2000\ccs\tools\compiler\ti-cgt-armllvm_4.0.1.LTS\lib\armv6m-ti-none-eabi\c\</path>
         <kind>archive</kind>
         <file>libc.a</file>
         <name>_lock.c.obj</name>
      </input_file>
      <input_file id="fl-39">
         <path>C:\ti\ccs2000\ccs\tools\compiler\ti-cgt-armllvm_4.0.1.LTS\lib\armv6m-ti-none-eabi\c\</path>
         <kind>archive</kind>
         <file>libc.a</file>
         <name>assert.c.obj</name>
      </input_file>
      <input_file id="fl-3a">
         <path>C:\ti\ccs2000\ccs\tools\compiler\ti-cgt-armllvm_4.0.1.LTS\lib\armv6m-ti-none-eabi\c\</path>
         <kind>archive</kind>
         <file>libc.a</file>
         <name>defs.c.obj</name>
      </input_file>
      <input_file id="fl-3b">
         <path>C:\ti\ccs2000\ccs\tools\compiler\ti-cgt-armllvm_4.0.1.LTS\lib\armv6m-ti-none-eabi\c\</path>
         <kind>archive</kind>
         <file>libc.a</file>
         <name>memory.c.obj</name>
      </input_file>
      <input_file id="fl-3c">
         <path>C:\ti\ccs2000\ccs\tools\compiler\ti-cgt-armllvm_4.0.1.LTS\lib\armv6m-ti-none-eabi\c\</path>
         <kind>archive</kind>
         <file>libc.a</file>
         <name>k_rem_pio2.c.obj</name>
      </input_file>
      <input_file id="fl-3d">
         <path>C:\ti\ccs2000\ccs\tools\compiler\ti-cgt-armllvm_4.0.1.LTS\lib\armv6m-ti-none-eabi\c\</path>
         <kind>archive</kind>
         <file>libc.a</file>
         <name>copy_zero_init.c.obj</name>
      </input_file>
      <input_file id="fl-3e">
         <path>C:\ti\ccs2000\ccs\tools\compiler\ti-cgt-armllvm_4.0.1.LTS\lib\armv6m-ti-none-eabi\c\</path>
         <kind>archive</kind>
         <file>libc.a</file>
         <name>copy_decompress_none.c.obj</name>
      </input_file>
      <input_file id="fl-3f">
         <path>C:\ti\ccs2000\ccs\tools\compiler\ti-cgt-armllvm_4.0.1.LTS\lib\armv6m-ti-none-eabi\c\</path>
         <kind>archive</kind>
         <file>libc.a</file>
         <name>copy_decompress_lzss.c.obj</name>
      </input_file>
      <input_file id="fl-40">
         <path>C:\ti\ccs2000\ccs\tools\compiler\ti-cgt-armllvm_4.0.1.LTS\lib\armv6m-ti-none-eabi\c\</path>
         <kind>archive</kind>
         <file>libc.a</file>
         <name>boot_cortex_m.c.obj</name>
      </input_file>
      <input_file id="fl-41">
         <path>C:\ti\ccs2000\ccs\tools\compiler\ti-cgt-armllvm_4.0.1.LTS\lib\armv6m-ti-none-eabi\c\</path>
         <kind>archive</kind>
         <file>libc.a</file>
         <name>mathacl_init.c.obj</name>
      </input_file>
      <input_file id="fl-42">
         <path>C:\ti\ccs2000\ccs\tools\compiler\ti-cgt-armllvm_4.0.1.LTS\lib\armv6m-ti-none-eabi\c\</path>
         <kind>archive</kind>
         <file>libc.a</file>
         <name>s_floor.c.obj</name>
      </input_file>
      <input_file id="fl-43">
         <path>C:\ti\ccs2000\ccs\tools\compiler\ti-cgt-armllvm_4.0.1.LTS\lib\armv6m-ti-none-eabi\c\</path>
         <kind>archive</kind>
         <file>libc.a</file>
         <name>s_scalbn.c.obj</name>
      </input_file>
      <input_file id="fl-44">
         <path>C:\ti\ccs2000\ccs\tools\compiler\ti-cgt-armllvm_4.0.1.LTS\lib\armv6m-ti-none-eabi\c\</path>
         <kind>archive</kind>
         <file>libc.a</file>
         <name>sprintf.c.obj</name>
      </input_file>
      <input_file id="fl-45">
         <path>C:\ti\ccs2000\ccs\tools\compiler\ti-cgt-armllvm_4.0.1.LTS\lib\armv6m-ti-none-eabi\c\</path>
         <kind>archive</kind>
         <file>libc.a</file>
         <name>fclose.c.obj</name>
      </input_file>
      <input_file id="fl-46">
         <path>C:\ti\ccs2000\ccs\tools\compiler\ti-cgt-armllvm_4.0.1.LTS\lib\armv6m-ti-none-eabi\c\</path>
         <kind>archive</kind>
         <file>libc.a</file>
         <name>fflush.c.obj</name>
      </input_file>
      <input_file id="fl-47">
         <path>C:\ti\ccs2000\ccs\tools\compiler\ti-cgt-armllvm_4.0.1.LTS\lib\armv6m-ti-none-eabi\c\</path>
         <kind>archive</kind>
         <file>libc.a</file>
         <name>fputs.c.obj</name>
      </input_file>
      <input_file id="fl-48">
         <path>C:\ti\ccs2000\ccs\tools\compiler\ti-cgt-armllvm_4.0.1.LTS\lib\armv6m-ti-none-eabi\c\</path>
         <kind>archive</kind>
         <file>libc.a</file>
         <name>_io_perm.c.obj</name>
      </input_file>
      <input_file id="fl-49">
         <path>C:\ti\ccs2000\ccs\tools\compiler\ti-cgt-armllvm_4.0.1.LTS\lib\armv6m-ti-none-eabi\c\</path>
         <kind>archive</kind>
         <file>libc.a</file>
         <name>args_main.c.obj</name>
      </input_file>
      <input_file id="fl-4a">
         <path>C:\ti\ccs2000\ccs\tools\compiler\ti-cgt-armllvm_4.0.1.LTS\lib\armv6m-ti-none-eabi\c\</path>
         <kind>archive</kind>
         <file>libc.a</file>
         <name>autoinit.c.obj</name>
      </input_file>
      <input_file id="fl-4b">
         <path>C:\ti\ccs2000\ccs\tools\compiler\ti-cgt-armllvm_4.0.1.LTS\lib\armv6m-ti-none-eabi\c\</path>
         <kind>archive</kind>
         <file>libc.a</file>
         <name>pre_init.c.obj</name>
      </input_file>
      <input_file id="fl-4c">
         <path>C:\ti\ccs2000\ccs\tools\compiler\ti-cgt-armllvm_4.0.1.LTS\lib\armv6m-ti-none-eabi\c\</path>
         <kind>archive</kind>
         <file>libc.a</file>
         <name>cpy_tbl.c.obj</name>
      </input_file>
      <input_file id="fl-4d">
         <path>C:\ti\ccs2000\ccs\tools\compiler\ti-cgt-armllvm_4.0.1.LTS\lib\armv6m-ti-none-eabi\c\</path>
         <kind>archive</kind>
         <file>libc.a</file>
         <name>_printfi.c.obj</name>
      </input_file>
      <input_file id="fl-4e">
         <path>C:\ti\ccs2000\ccs\tools\compiler\ti-cgt-armllvm_4.0.1.LTS\lib\armv6m-ti-none-eabi\c\</path>
         <kind>archive</kind>
         <file>libc.a</file>
         <name>fseek.c.obj</name>
      </input_file>
      <input_file id="fl-4f">
         <path>C:\ti\ccs2000\ccs\tools\compiler\ti-cgt-armllvm_4.0.1.LTS\lib\armv6m-ti-none-eabi\c\</path>
         <kind>archive</kind>
         <file>libc.a</file>
         <name>wcslen.c.obj</name>
      </input_file>
      <input_file id="fl-50">
         <path>C:\ti\ccs2000\ccs\tools\compiler\ti-cgt-armllvm_4.0.1.LTS\lib\armv6m-ti-none-eabi\c\</path>
         <kind>archive</kind>
         <file>libc.a</file>
         <name>_ltoa.c.obj</name>
      </input_file>
      <input_file id="fl-51">
         <path>C:\ti\ccs2000\ccs\tools\compiler\ti-cgt-armllvm_4.0.1.LTS\lib\armv6m-ti-none-eabi\c\</path>
         <kind>archive</kind>
         <file>libc.a</file>
         <name>atoi.c.obj</name>
      </input_file>
      <input_file id="fl-52">
         <path>C:\ti\ccs2000\ccs\tools\compiler\ti-cgt-armllvm_4.0.1.LTS\lib\armv6m-ti-none-eabi\c\</path>
         <kind>archive</kind>
         <file>libc.a</file>
         <name>memccpy.c.obj</name>
      </input_file>
      <input_file id="fl-53">
         <path>C:\ti\ccs2000\ccs\tools\compiler\ti-cgt-armllvm_4.0.1.LTS\lib\armv6m-ti-none-eabi\c\</path>
         <kind>archive</kind>
         <file>libc.a</file>
         <name>s_frexp.c.obj</name>
      </input_file>
      <input_file id="fl-54">
         <path>C:\ti\ccs2000\ccs\tools\compiler\ti-cgt-armllvm_4.0.1.LTS\lib\armv6m-ti-none-eabi\c\</path>
         <kind>archive</kind>
         <file>libc.a</file>
         <name>aeabi_ctype.S.obj</name>
      </input_file>
      <input_file id="fl-ea">
         <path>C:\ti\ccs2000\ccs\tools\compiler\ti-cgt-armllvm_4.0.1.LTS\lib\armv6m-ti-none-eabi\c\</path>
         <kind>archive</kind>
         <file>libsysbm.a</file>
         <name>write.c.obj</name>
      </input_file>
      <input_file id="fl-eb">
         <path>C:\ti\ccs2000\ccs\tools\compiler\ti-cgt-armllvm_4.0.1.LTS\lib\armv6m-ti-none-eabi\c\</path>
         <kind>archive</kind>
         <file>libsysbm.a</file>
         <name>host_device.c.obj</name>
      </input_file>
      <input_file id="fl-ec">
         <path>C:\ti\ccs2000\ccs\tools\compiler\ti-cgt-armllvm_4.0.1.LTS\lib\armv6m-ti-none-eabi\c\</path>
         <kind>archive</kind>
         <file>libsysbm.a</file>
         <name>remove.c.obj</name>
      </input_file>
      <input_file id="fl-ed">
         <path>C:\ti\ccs2000\ccs\tools\compiler\ti-cgt-armllvm_4.0.1.LTS\lib\armv6m-ti-none-eabi\c\</path>
         <kind>archive</kind>
         <file>libsysbm.a</file>
         <name>open.c.obj</name>
      </input_file>
      <input_file id="fl-ee">
         <path>C:\ti\ccs2000\ccs\tools\compiler\ti-cgt-armllvm_4.0.1.LTS\lib\armv6m-ti-none-eabi\c\</path>
         <kind>archive</kind>
         <file>libsysbm.a</file>
         <name>lseek.c.obj</name>
      </input_file>
      <input_file id="fl-ef">
         <path>C:\ti\ccs2000\ccs\tools\compiler\ti-cgt-armllvm_4.0.1.LTS\lib\armv6m-ti-none-eabi\c\</path>
         <kind>archive</kind>
         <file>libsysbm.a</file>
         <name>close.c.obj</name>
      </input_file>
      <input_file id="fl-f0">
         <path>C:\ti\ccs2000\ccs\tools\compiler\ti-cgt-armllvm_4.0.1.LTS\lib\armv6m-ti-none-eabi\c\</path>
         <kind>archive</kind>
         <file>libsysbm.a</file>
         <name>add_device.c.obj</name>
      </input_file>
      <input_file id="fl-f1">
         <path>C:\ti\ccs2000\ccs\tools\compiler\ti-cgt-armllvm_4.0.1.LTS\lib\armv6m-ti-none-eabi\c\</path>
         <kind>archive</kind>
         <file>libsysbm.a</file>
         <name>unlink.c.obj</name>
      </input_file>
      <input_file id="fl-f2">
         <path>C:\ti\ccs2000\ccs\tools\compiler\ti-cgt-armllvm_4.0.1.LTS\lib\armv6m-ti-none-eabi\c\</path>
         <kind>archive</kind>
         <file>libsysbm.a</file>
         <name>hostclose.c.obj</name>
      </input_file>
      <input_file id="fl-f3">
         <path>C:\ti\ccs2000\ccs\tools\compiler\ti-cgt-armllvm_4.0.1.LTS\lib\armv6m-ti-none-eabi\c\</path>
         <kind>archive</kind>
         <file>libsysbm.a</file>
         <name>hostlseek.c.obj</name>
      </input_file>
      <input_file id="fl-f4">
         <path>C:\ti\ccs2000\ccs\tools\compiler\ti-cgt-armllvm_4.0.1.LTS\lib\armv6m-ti-none-eabi\c\</path>
         <kind>archive</kind>
         <file>libsysbm.a</file>
         <name>hostopen.c.obj</name>
      </input_file>
      <input_file id="fl-f5">
         <path>C:\ti\ccs2000\ccs\tools\compiler\ti-cgt-armllvm_4.0.1.LTS\lib\armv6m-ti-none-eabi\c\</path>
         <kind>archive</kind>
         <file>libsysbm.a</file>
         <name>hostread.c.obj</name>
      </input_file>
      <input_file id="fl-f6">
         <path>C:\ti\ccs2000\ccs\tools\compiler\ti-cgt-armllvm_4.0.1.LTS\lib\armv6m-ti-none-eabi\c\</path>
         <kind>archive</kind>
         <file>libsysbm.a</file>
         <name>hostrename.c.obj</name>
      </input_file>
      <input_file id="fl-f7">
         <path>C:\ti\ccs2000\ccs\tools\compiler\ti-cgt-armllvm_4.0.1.LTS\lib\armv6m-ti-none-eabi\c\</path>
         <kind>archive</kind>
         <file>libsysbm.a</file>
         <name>hostunlink.c.obj</name>
      </input_file>
      <input_file id="fl-f8">
         <path>C:\ti\ccs2000\ccs\tools\compiler\ti-cgt-armllvm_4.0.1.LTS\lib\armv6m-ti-none-eabi\c\</path>
         <kind>archive</kind>
         <file>libsysbm.a</file>
         <name>hostwrite.c.obj</name>
      </input_file>
      <input_file id="fl-f9">
         <path>C:\ti\ccs2000\ccs\tools\compiler\ti-cgt-armllvm_4.0.1.LTS\lib\armv6m-ti-none-eabi\c\</path>
         <kind>archive</kind>
         <file>libsysbm.a</file>
         <name>trgmsg.c.obj</name>
      </input_file>
      <input_file id="fl-fa">
         <path>C:\ti\ccs2000\ccs\tools\compiler\ti-cgt-armllvm_4.0.1.LTS\lib\armv6m-ti-none-eabi\</path>
         <kind>archive</kind>
         <file>libclang_rt.builtins.a</file>
         <name>addsf3.S.obj</name>
      </input_file>
      <input_file id="fl-fb">
         <path>C:\ti\ccs2000\ccs\tools\compiler\ti-cgt-armllvm_4.0.1.LTS\lib\armv6m-ti-none-eabi\</path>
         <kind>archive</kind>
         <file>libclang_rt.builtins.a</file>
         <name>adddf3.S.obj</name>
      </input_file>
      <input_file id="fl-fc">
         <path>C:\ti\ccs2000\ccs\tools\compiler\ti-cgt-armllvm_4.0.1.LTS\lib\armv6m-ti-none-eabi\</path>
         <kind>archive</kind>
         <file>libclang_rt.builtins.a</file>
         <name>muldf3.S.obj</name>
      </input_file>
      <input_file id="fl-fd">
         <path>C:\ti\ccs2000\ccs\tools\compiler\ti-cgt-armllvm_4.0.1.LTS\lib\armv6m-ti-none-eabi\</path>
         <kind>archive</kind>
         <file>libclang_rt.builtins.a</file>
         <name>muldsi3.S.obj</name>
      </input_file>
      <input_file id="fl-fe">
         <path>C:\ti\ccs2000\ccs\tools\compiler\ti-cgt-armllvm_4.0.1.LTS\lib\armv6m-ti-none-eabi\</path>
         <kind>archive</kind>
         <file>libclang_rt.builtins.a</file>
         <name>mulsf3.S.obj</name>
      </input_file>
      <input_file id="fl-ff">
         <path>C:\ti\ccs2000\ccs\tools\compiler\ti-cgt-armllvm_4.0.1.LTS\lib\armv6m-ti-none-eabi\</path>
         <kind>archive</kind>
         <file>libclang_rt.builtins.a</file>
         <name>divdf3.S.obj</name>
      </input_file>
      <input_file id="fl-100">
         <path>C:\ti\ccs2000\ccs\tools\compiler\ti-cgt-armllvm_4.0.1.LTS\lib\armv6m-ti-none-eabi\</path>
         <kind>archive</kind>
         <file>libclang_rt.builtins.a</file>
         <name>extendsfdf2.S.obj</name>
      </input_file>
      <input_file id="fl-101">
         <path>C:\ti\ccs2000\ccs\tools\compiler\ti-cgt-armllvm_4.0.1.LTS\lib\armv6m-ti-none-eabi\</path>
         <kind>archive</kind>
         <file>libclang_rt.builtins.a</file>
         <name>fixdfsi.S.obj</name>
      </input_file>
      <input_file id="fl-102">
         <path>C:\ti\ccs2000\ccs\tools\compiler\ti-cgt-armllvm_4.0.1.LTS\lib\armv6m-ti-none-eabi\</path>
         <kind>archive</kind>
         <file>libclang_rt.builtins.a</file>
         <name>fixsfsi.S.obj</name>
      </input_file>
      <input_file id="fl-103">
         <path>C:\ti\ccs2000\ccs\tools\compiler\ti-cgt-armllvm_4.0.1.LTS\lib\armv6m-ti-none-eabi\</path>
         <kind>archive</kind>
         <file>libclang_rt.builtins.a</file>
         <name>floatsidf.S.obj</name>
      </input_file>
      <input_file id="fl-104">
         <path>C:\ti\ccs2000\ccs\tools\compiler\ti-cgt-armllvm_4.0.1.LTS\lib\armv6m-ti-none-eabi\</path>
         <kind>archive</kind>
         <file>libclang_rt.builtins.a</file>
         <name>floatunsidf.S.obj</name>
      </input_file>
      <input_file id="fl-105">
         <path>C:\ti\ccs2000\ccs\tools\compiler\ti-cgt-armllvm_4.0.1.LTS\lib\armv6m-ti-none-eabi\</path>
         <kind>archive</kind>
         <file>libclang_rt.builtins.a</file>
         <name>muldi3.S.obj</name>
      </input_file>
      <input_file id="fl-106">
         <path>C:\ti\ccs2000\ccs\tools\compiler\ti-cgt-armllvm_4.0.1.LTS\lib\armv6m-ti-none-eabi\</path>
         <kind>archive</kind>
         <file>libclang_rt.builtins.a</file>
         <name>truncdfsf2.S.obj</name>
      </input_file>
      <input_file id="fl-107">
         <path>C:\ti\ccs2000\ccs\tools\compiler\ti-cgt-armllvm_4.0.1.LTS\lib\armv6m-ti-none-eabi\</path>
         <kind>archive</kind>
         <file>libclang_rt.builtins.a</file>
         <name>aeabi_dcmp.S.obj</name>
      </input_file>
      <input_file id="fl-108">
         <path>C:\ti\ccs2000\ccs\tools\compiler\ti-cgt-armllvm_4.0.1.LTS\lib\armv6m-ti-none-eabi\</path>
         <kind>archive</kind>
         <file>libclang_rt.builtins.a</file>
         <name>aeabi_idivmod.S.obj</name>
      </input_file>
      <input_file id="fl-109">
         <path>C:\ti\ccs2000\ccs\tools\compiler\ti-cgt-armllvm_4.0.1.LTS\lib\armv6m-ti-none-eabi\</path>
         <kind>archive</kind>
         <file>libclang_rt.builtins.a</file>
         <name>aeabi_memcpy.S.obj</name>
      </input_file>
      <input_file id="fl-10a">
         <path>C:\ti\ccs2000\ccs\tools\compiler\ti-cgt-armllvm_4.0.1.LTS\lib\armv6m-ti-none-eabi\</path>
         <kind>archive</kind>
         <file>libclang_rt.builtins.a</file>
         <name>aeabi_memset.S.obj</name>
      </input_file>
      <input_file id="fl-10b">
         <path>C:\ti\ccs2000\ccs\tools\compiler\ti-cgt-armllvm_4.0.1.LTS\lib\armv6m-ti-none-eabi\</path>
         <kind>archive</kind>
         <file>libclang_rt.builtins.a</file>
         <name>aeabi_uidivmod.S.obj</name>
      </input_file>
      <input_file id="fl-10c">
         <path>C:\ti\ccs2000\ccs\tools\compiler\ti-cgt-armllvm_4.0.1.LTS\lib\armv6m-ti-none-eabi\</path>
         <kind>archive</kind>
         <file>libclang_rt.builtins.a</file>
         <name>aeabi_uldivmod.S.obj</name>
      </input_file>
      <input_file id="fl-10d">
         <path>C:\ti\ccs2000\ccs\tools\compiler\ti-cgt-armllvm_4.0.1.LTS\lib\armv6m-ti-none-eabi\</path>
         <kind>archive</kind>
         <file>libclang_rt.builtins.a</file>
         <name>udivmoddi4.S.obj</name>
      </input_file>
      <input_file id="fl-10e">
         <path>C:\ti\ccs2000\ccs\tools\compiler\ti-cgt-armllvm_4.0.1.LTS\lib\armv6m-ti-none-eabi\</path>
         <kind>archive</kind>
         <file>libclang_rt.builtins.a</file>
         <name>ashldi3.S.obj</name>
      </input_file>
      <input_file id="fl-10f">
         <path>C:\ti\ccs2000\ccs\tools\compiler\ti-cgt-armllvm_4.0.1.LTS\lib\armv6m-ti-none-eabi\</path>
         <kind>archive</kind>
         <file>libclang_rt.builtins.a</file>
         <name>comparedf2.c.obj</name>
      </input_file>
      <input_file id="fl-110">
         <path>C:\ti\ccs2000\ccs\tools\compiler\ti-cgt-armllvm_4.0.1.LTS\lib\armv6m-ti-none-eabi\</path>
         <kind>archive</kind>
         <file>libclang_rt.builtins.a</file>
         <name>aeabi_div0.c.obj</name>
      </input_file>
      <input_file id="fl-111">
         <path>C:\ti\ccs2000\ccs\tools\compiler\ti-cgt-armllvm_4.0.1.LTS\lib\armv6m-ti-none-eabi\c\</path>
         <kind>archive</kind>
         <file>libc.a</file>
         <name>getdevice.c.obj</name>
      </input_file>
      <input_file id="fl-112">
         <path>C:\ti\ccs2000\ccs\tools\compiler\ti-cgt-armllvm_4.0.1.LTS\lib\armv6m-ti-none-eabi\c\</path>
         <kind>archive</kind>
         <file>libc.a</file>
         <name>memcpy16.S.obj</name>
      </input_file>
      <input_file id="fl-113">
         <path>C:\ti\ccs2000\ccs\tools\compiler\ti-cgt-armllvm_4.0.1.LTS\lib\armv6m-ti-none-eabi\c\</path>
         <kind>archive</kind>
         <file>libc.a</file>
         <name>memset16.S.obj</name>
      </input_file>
      <input_file id="fl-114">
         <path>C:\ti\ccs2000\ccs\tools\compiler\ti-cgt-armllvm_4.0.1.LTS\lib\armv6m-ti-none-eabi\c\</path>
         <kind>archive</kind>
         <file>libc.a</file>
         <name>strcmp-armv6m.S.obj</name>
      </input_file>
   </input_file_list>
   <object_component_list>
      <object_component id="oc-18">
         <name>.intvecs</name>
         <load_address>0x0</load_address>
         <readonly>true</readonly>
         <run_address>0x0</run_address>
         <size>0xc0</size>
         <alignment>0x4</alignment>
         <input_file_ref idref="fl-11"/>
      </object_component>
      <object_component id="oc-94">
         <name>.text.main</name>
         <load_address>0x12db0</load_address>
         <readonly>true</readonly>
         <executable>true</executable>
         <run_address>0x12db0</run_address>
         <size>0x730</size>
         <alignment>0x4</alignment>
         <input_file_ref idref="fl-6"/>
      </object_component>
      <object_component id="oc-21d">
         <name>.text.__kernel_rem_pio2</name>
         <load_address>0x134e0</load_address>
         <readonly>true</readonly>
         <executable>true</executable>
         <run_address>0x134e0</run_address>
         <size>0x644</size>
         <alignment>0x4</alignment>
         <input_file_ref idref="fl-3c"/>
      </object_component>
      <object_component id="oc-cc">
         <name>.text._Z17drawWelcomeScreenv</name>
         <load_address>0x13b24</load_address>
         <readonly>true</readonly>
         <executable>true</executable>
         <run_address>0x13b24</run_address>
         <size>0x300</size>
         <alignment>0x4</alignment>
         <input_file_ref idref="fl-6"/>
      </object_component>
      <object_component id="oc-fa">
         <name>.text._Z12updateBulletP6Bullet4Tankb</name>
         <load_address>0x13e24</load_address>
         <readonly>true</readonly>
         <executable>true</executable>
         <run_address>0x13e24</run_address>
         <size>0x274</size>
         <alignment>0x4</alignment>
         <input_file_ref idref="fl-6"/>
      </object_component>
      <object_component id="oc-e1">
         <name>.text._Z23ST7735_DrawBitmapWithBGssPKtssS0_</name>
         <load_address>0x14098</load_address>
         <readonly>true</readonly>
         <executable>true</executable>
         <run_address>0x14098</run_address>
         <size>0x254</size>
         <alignment>0x4</alignment>
         <input_file_ref idref="fl-9"/>
      </object_component>
      <object_component id="oc-df">
         <name>.text._Z17ST7735_DrawBitmapssPKtss</name>
         <load_address>0x142ec</load_address>
         <readonly>true</readonly>
         <executable>true</executable>
         <run_address>0x142ec</run_address>
         <size>0x210</size>
         <alignment>0x4</alignment>
         <input_file_ref idref="fl-9"/>
      </object_component>
      <object_component id="oc-1a1">
         <name>.text.cosf</name>
         <load_address>0x144fc</load_address>
         <readonly>true</readonly>
         <executable>true</executable>
         <run_address>0x144fc</run_address>
         <size>0x1d4</size>
         <alignment>0x4</alignment>
         <input_file_ref idref="fl-32"/>
      </object_component>
      <object_component id="oc-1af">
         <name>.text.sinf</name>
         <load_address>0x146d0</load_address>
         <readonly>true</readonly>
         <executable>true</executable>
         <run_address>0x146d0</run_address>
         <size>0x1c8</size>
         <alignment>0x4</alignment>
         <input_file_ref idref="fl-33"/>
      </object_component>
      <object_component id="oc-124">
         <name>.text._Z15Clock_Init80MHzi</name>
         <load_address>0x14898</load_address>
         <readonly>true</readonly>
         <executable>true</executable>
         <run_address>0x14898</run_address>
         <size>0x1b4</size>
         <alignment>0x4</alignment>
         <input_file_ref idref="fl-2"/>
      </object_component>
      <object_component id="oc-15f">
         <name>.text._Z15ST7735_DrawCharsscssh</name>
         <load_address>0x14a4c</load_address>
         <readonly>true</readonly>
         <executable>true</executable>
         <run_address>0x14a4c</run_address>
         <size>0x1a4</size>
         <alignment>0x4</alignment>
         <input_file_ref idref="fl-9"/>
      </object_component>
      <object_component id="oc-27d">
         <name>.text._Z16ST7735_DrawCharSsscssh</name>
         <load_address>0x14bf0</load_address>
         <readonly>true</readonly>
         <executable>true</executable>
         <run_address>0x14bf0</run_address>
         <size>0x1a0</size>
         <alignment>0x4</alignment>
         <input_file_ref idref="fl-9"/>
      </object_component>
      <object_component id="oc-160">
         <name>.text._Z17drawRoundedButtoniiiitt</name>
         <load_address>0x14d90</load_address>
         <readonly>true</readonly>
         <executable>true</executable>
         <run_address>0x14d90</run_address>
         <size>0x196</size>
         <alignment>0x2</alignment>
         <input_file_ref idref="fl-6"/>
      </object_component>
      <object_component id="oc-1f9">
         <name>.text.__aeabi_idiv0</name>
         <load_address>0x14f26</load_address>
         <readonly>true</readonly>
         <executable>true</executable>
         <run_address>0x14f26</run_address>
         <size>0x2</size>
         <alignment>0x2</alignment>
         <input_file_ref idref="fl-110"/>
      </object_component>
      <object_component id="oc-210">
         <name>.text.adddf3_subdf3</name>
         <load_address>0x14f28</load_address>
         <readonly>true</readonly>
         <executable>true</executable>
         <run_address>0x14f28</run_address>
         <size>0x192</size>
         <alignment>0x4</alignment>
         <input_file_ref idref="fl-fb"/>
      </object_component>
      <object_component id="oc-22f">
         <name>.text._nop</name>
         <load_address>0x150ba</load_address>
         <readonly>true</readonly>
         <executable>true</executable>
         <run_address>0x150ba</run_address>
         <size>0x2</size>
         <alignment>0x2</alignment>
         <input_file_ref idref="fl-38"/>
      </object_component>
      <object_component id="oc-1e5">
         <name>.text._openfile</name>
         <load_address>0x150bc</load_address>
         <readonly>true</readonly>
         <executable>true</executable>
         <run_address>0x150bc</run_address>
         <size>0x154</size>
         <alignment>0x4</alignment>
         <input_file_ref idref="fl-34"/>
      </object_component>
      <object_component id="oc-d1">
         <name>.text._Z26drawSpanishSelectionScreenv</name>
         <load_address>0x15210</load_address>
         <readonly>true</readonly>
         <executable>true</executable>
         <run_address>0x15210</run_address>
         <size>0x144</size>
         <alignment>0x4</alignment>
         <input_file_ref idref="fl-6"/>
      </object_component>
      <object_component id="oc-28d">
         <name>.text.floor</name>
         <load_address>0x15354</load_address>
         <readonly>true</readonly>
         <executable>true</executable>
         <run_address>0x15354</run_address>
         <size>0x144</size>
         <alignment>0x4</alignment>
         <input_file_ref idref="fl-42"/>
      </object_component>
      <object_component id="oc-e8">
         <name>.text._Z13drawHealthBarii</name>
         <load_address>0x15498</load_address>
         <readonly>true</readonly>
         <executable>true</executable>
         <run_address>0x15498</run_address>
         <size>0x13c</size>
         <alignment>0x4</alignment>
         <input_file_ref idref="fl-6"/>
      </object_component>
      <object_component id="oc-150">
         <name>.text._Z8ADC_InitP10ADC12_Regsjj</name>
         <load_address>0x155d4</load_address>
         <readonly>true</readonly>
         <executable>true</executable>
         <run_address>0x155d4</run_address>
         <size>0x128</size>
         <alignment>0x4</alignment>
         <input_file_ref idref="fl-e"/>
      </object_component>
      <object_component id="oc-175">
         <name>.text._Z15ST7735_FillRectsssst</name>
         <load_address>0x156fc</load_address>
         <readonly>true</readonly>
         <executable>true</executable>
         <run_address>0x156fc</run_address>
         <size>0x118</size>
         <alignment>0x4</alignment>
         <input_file_ref idref="fl-9"/>
      </object_component>
      <object_component id="oc-27b">
         <name>.text.aligned_alloc</name>
         <load_address>0x15814</load_address>
         <readonly>true</readonly>
         <executable>true</executable>
         <run_address>0x15814</run_address>
         <size>0x114</size>
         <alignment>0x4</alignment>
         <input_file_ref idref="fl-3b"/>
      </object_component>
      <object_component id="oc-ea">
         <name>.text._Z8gameOverv</name>
         <load_address>0x15928</load_address>
         <readonly>true</readonly>
         <executable>true</executable>
         <run_address>0x15928</run_address>
         <size>0x108</size>
         <alignment>0x4</alignment>
         <input_file_ref idref="fl-6"/>
      </object_component>
      <object_component id="oc-da">
         <name>.text._Z12updateSlopesPsiS_ib</name>
         <load_address>0x15a30</load_address>
         <readonly>true</readonly>
         <executable>true</executable>
         <run_address>0x15a30</run_address>
         <size>0x102</size>
         <alignment>0x2</alignment>
         <input_file_ref idref="fl-4"/>
      </object_component>
      <object_component id="oc-fc">
         <name>.text._Z19spawnBulletFromTankP4TankP6Bulletb</name>
         <load_address>0x15b34</load_address>
         <readonly>true</readonly>
         <executable>true</executable>
         <run_address>0x15b34</run_address>
         <size>0xfc</size>
         <alignment>0x4</alignment>
         <input_file_ref idref="fl-6"/>
      </object_component>
      <object_component id="oc-238">
         <name>.text._Z8SPI_Initv</name>
         <load_address>0x15c30</load_address>
         <readonly>true</readonly>
         <executable>true</executable>
         <run_address>0x15c30</run_address>
         <size>0xf8</size>
         <alignment>0x4</alignment>
         <input_file_ref idref="fl-8"/>
      </object_component>
      <object_component id="oc-d8">
         <name>.text._Z18ST7735_SetRotationh</name>
         <load_address>0x15d28</load_address>
         <readonly>true</readonly>
         <executable>true</executable>
         <run_address>0x15d28</run_address>
         <size>0xf4</size>
         <alignment>0x4</alignment>
         <input_file_ref idref="fl-9"/>
      </object_component>
      <object_component id="oc-129">
         <name>.text.add_device</name>
         <load_address>0x15e1c</load_address>
         <readonly>true</readonly>
         <executable>true</executable>
         <run_address>0x15e1c</run_address>
         <size>0xec</size>
         <alignment>0x4</alignment>
         <input_file_ref idref="fl-f0"/>
      </object_component>
      <object_component id="oc-152">
         <name>.text._Z9UART_Initv</name>
         <load_address>0x15f08</load_address>
         <readonly>true</readonly>
         <executable>true</executable>
         <run_address>0x15f08</run_address>
         <size>0xe8</size>
         <alignment>0x4</alignment>
         <input_file_ref idref="fl-e"/>
      </object_component>
      <object_component id="oc-1ee">
         <name>.text.free</name>
         <load_address>0x15ff0</load_address>
         <readonly>true</readonly>
         <executable>true</executable>
         <run_address>0x15ff0</run_address>
         <size>0xe8</size>
         <alignment>0x4</alignment>
         <input_file_ref idref="fl-3b"/>
      </object_component>
      <object_component id="oc-199">
         <name>.text.__muldf3</name>
         <load_address>0x160d8</load_address>
         <readonly>true</readonly>
         <executable>true</executable>
         <run_address>0x160d8</run_address>
         <size>0xe4</size>
         <alignment>0x4</alignment>
         <input_file_ref idref="fl-fc"/>
      </object_component>
      <object_component id="oc-134">
         <name>.text.setvbuf</name>
         <load_address>0x161bc</load_address>
         <readonly>true</readonly>
         <executable>true</executable>
         <run_address>0x161bc</run_address>
         <size>0xe0</size>
         <alignment>0x4</alignment>
         <input_file_ref idref="fl-35"/>
      </object_component>
      <object_component id="oc-289">
         <name>.text.scalbn</name>
         <load_address>0x1629c</load_address>
         <readonly>true</readonly>
         <executable>true</executable>
         <run_address>0x1629c</run_address>
         <size>0xd8</size>
         <alignment>0x4</alignment>
         <input_file_ref idref="fl-43"/>
      </object_component>
      <object_component id="oc-1a7">
         <name>.text</name>
         <load_address>0x16374</load_address>
         <readonly>true</readonly>
         <executable>true</executable>
         <run_address>0x16374</run_address>
         <size>0xd8</size>
         <alignment>0x4</alignment>
         <input_file_ref idref="fl-fa"/>
      </object_component>
      <object_component id="oc-1f5">
         <name>.text._Z14ST7735_OutCharc</name>
         <load_address>0x1644c</load_address>
         <readonly>true</readonly>
         <executable>true</executable>
         <run_address>0x1644c</run_address>
         <size>0xd0</size>
         <alignment>0x4</alignment>
         <input_file_ref idref="fl-9"/>
      </object_component>
      <object_component id="oc-d0">
         <name>.text._Z26drawEnglishSelectionScreenv</name>
         <load_address>0x1651c</load_address>
         <readonly>true</readonly>
         <executable>true</executable>
         <run_address>0x1651c</run_address>
         <size>0xd0</size>
         <alignment>0x4</alignment>
         <input_file_ref idref="fl-6"/>
      </object_component>
      <object_component id="oc-15d">
         <name>.text._Z20ST7735_DrawFastHLinessst</name>
         <load_address>0x165ec</load_address>
         <readonly>true</readonly>
         <executable>true</executable>
         <run_address>0x165ec</run_address>
         <size>0xb0</size>
         <alignment>0x4</alignment>
         <input_file_ref idref="fl-9"/>
      </object_component>
      <object_component id="oc-15e">
         <name>.text._Z20ST7735_DrawFastVLinessst</name>
         <load_address>0x1669c</load_address>
         <readonly>true</readonly>
         <executable>true</executable>
         <run_address>0x1669c</run_address>
         <size>0xb0</size>
         <alignment>0x4</alignment>
         <input_file_ref idref="fl-9"/>
      </object_component>
      <object_component id="oc-223">
         <name>.text.__kernel_sindf</name>
         <load_address>0x1674c</load_address>
         <readonly>true</readonly>
         <executable>true</executable>
         <run_address>0x1674c</run_address>
         <size>0xac</size>
         <alignment>0x4</alignment>
         <input_file_ref idref="fl-32"/>
      </object_component>
      <object_component id="oc-22b">
         <name>.text.__kernel_sindf</name>
         <load_address>0x167f8</load_address>
         <readonly>true</readonly>
         <executable>true</executable>
         <run_address>0x167f8</run_address>
         <size>0xac</size>
         <alignment>0x4</alignment>
         <input_file_ref idref="fl-33"/>
      </object_component>
      <object_component id="oc-158">
         <name>.text._Z14TimerG7_IntArmtjj</name>
         <load_address>0x168a4</load_address>
         <readonly>true</readonly>
         <executable>true</executable>
         <run_address>0x168a4</run_address>
         <size>0xa8</size>
         <alignment>0x4</alignment>
         <input_file_ref idref="fl-f"/>
      </object_component>
      <object_component id="oc-1cf">
         <name>.text._ZL11commandListPKh</name>
         <load_address>0x1694c</load_address>
         <readonly>true</readonly>
         <executable>true</executable>
         <run_address>0x1694c</run_address>
         <size>0xa2</size>
         <alignment>0x2</alignment>
         <input_file_ref idref="fl-9"/>
      </object_component>
      <object_component id="oc-263">
         <name>.text.open</name>
         <load_address>0x169f0</load_address>
         <readonly>true</readonly>
         <executable>true</executable>
         <run_address>0x169f0</run_address>
         <size>0xa0</size>
         <alignment>0x4</alignment>
         <input_file_ref idref="fl-ed"/>
      </object_component>
      <object_component id="oc-b6">
         <name>.text._Z17ST7735_InitPrintfv</name>
         <load_address>0x16a90</load_address>
         <readonly>true</readonly>
         <executable>true</executable>
         <run_address>0x16a90</run_address>
         <size>0x9c</size>
         <alignment>0x4</alignment>
         <input_file_ref idref="fl-9"/>
      </object_component>
      <object_component id="oc-20f">
         <name>.text.__kernel_cosdf</name>
         <load_address>0x16b2c</load_address>
         <readonly>true</readonly>
         <executable>true</executable>
         <run_address>0x16b2c</run_address>
         <size>0x9c</size>
         <alignment>0x4</alignment>
         <input_file_ref idref="fl-32"/>
      </object_component>
      <object_component id="oc-22a">
         <name>.text.__kernel_cosdf</name>
         <load_address>0x16bc8</load_address>
         <readonly>true</readonly>
         <executable>true</executable>
         <run_address>0x16bc8</run_address>
         <size>0x9c</size>
         <alignment>0x4</alignment>
         <input_file_ref idref="fl-33"/>
      </object_component>
      <object_component id="oc-128">
         <name>.text._Z12ST7735_InitR10initRFlags</name>
         <load_address>0x16c64</load_address>
         <readonly>true</readonly>
         <executable>true</executable>
         <run_address>0x16c64</run_address>
         <size>0x98</size>
         <alignment>0x4</alignment>
         <input_file_ref idref="fl-9"/>
      </object_component>
      <object_component id="oc-e2">
         <name>.text._Z15TimerG12_IntArmjj</name>
         <load_address>0x16cfc</load_address>
         <readonly>true</readonly>
         <executable>true</executable>
         <run_address>0x16cfc</run_address>
         <size>0x94</size>
         <alignment>0x4</alignment>
         <input_file_ref idref="fl-f"/>
      </object_component>
      <object_component id="oc-f9">
         <name>.text._Z10pollButtonv</name>
         <load_address>0x16d90</load_address>
         <readonly>true</readonly>
         <executable>true</executable>
         <run_address>0x16d90</run_address>
         <size>0x90</size>
         <alignment>0x4</alignment>
         <input_file_ref idref="fl-6"/>
      </object_component>
      <object_component id="oc-eb">
         <name>.text._Z24ST7735_MakeBGTransparentssPKtssS0_</name>
         <load_address>0x16e20</load_address>
         <readonly>true</readonly>
         <executable>true</executable>
         <run_address>0x16e20</run_address>
         <size>0x90</size>
         <alignment>0x2</alignment>
         <input_file_ref idref="fl-9"/>
      </object_component>
      <object_component id="oc-1b5">
         <name>.text.__mulsf3</name>
         <load_address>0x16eb0</load_address>
         <readonly>true</readonly>
         <executable>true</executable>
         <run_address>0x16eb0</run_address>
         <size>0x8c</size>
         <alignment>0x4</alignment>
         <input_file_ref idref="fl-fe"/>
      </object_component>
      <object_component id="oc-ce">
         <name>.text._Z19drawLanguageButtonsb</name>
         <load_address>0x16f3c</load_address>
         <readonly>true</readonly>
         <executable>true</executable>
         <run_address>0x16f3c</run_address>
         <size>0x88</size>
         <alignment>0x4</alignment>
         <input_file_ref idref="fl-6"/>
      </object_component>
      <object_component id="oc-180">
         <name>.text._ZL13setAddrWindowhhhh</name>
         <load_address>0x16fc4</load_address>
         <readonly>true</readonly>
         <executable>true</executable>
         <run_address>0x16fc4</run_address>
         <size>0x88</size>
         <alignment>0x4</alignment>
         <input_file_ref idref="fl-9"/>
      </object_component>
      <object_component id="oc-90">
         <name>.text._system_pre_init</name>
         <load_address>0x1704c</load_address>
         <readonly>true</readonly>
         <executable>true</executable>
         <run_address>0x1704c</run_address>
         <size>0x4</size>
         <alignment>0x2</alignment>
         <input_file_ref idref="fl-4b"/>
      </object_component>
      <object_component id="oc-23b">
         <name>.text:strcmp</name>
         <load_address>0x17050</load_address>
         <readonly>true</readonly>
         <executable>true</executable>
         <run_address>0x17050</run_address>
         <size>0x88</size>
         <alignment>0x10</alignment>
         <input_file_ref idref="fl-114"/>
      </object_component>
      <object_component id="oc-27c">
         <name>.text._Z17ST7735_DrawStringttPcs</name>
         <load_address>0x170d8</load_address>
         <readonly>true</readonly>
         <executable>true</executable>
         <run_address>0x170d8</run_address>
         <size>0x84</size>
         <alignment>0x2</alignment>
         <input_file_ref idref="fl-9"/>
      </object_component>
      <object_component id="oc-167">
         <name>.text._Z19drawButtonWithLabeliittPKc</name>
         <load_address>0x1715c</load_address>
         <readonly>true</readonly>
         <executable>true</executable>
         <run_address>0x1715c</run_address>
         <size>0x84</size>
         <alignment>0x4</alignment>
         <input_file_ref idref="fl-6"/>
      </object_component>
      <object_component id="oc-b1">
         <name>.text._Z14LaunchPad_Initv</name>
         <load_address>0x171e0</load_address>
         <readonly>true</readonly>
         <executable>true</executable>
         <run_address>0x171e0</run_address>
         <size>0x7c</size>
         <alignment>0x4</alignment>
         <input_file_ref idref="fl-7"/>
      </object_component>
      <object_component id="oc-bb">
         <name>.text._ZN8SlidePot4InitEv</name>
         <load_address>0x1725c</load_address>
         <readonly>true</readonly>
         <executable>true</executable>
         <run_address>0x1725c</run_address>
         <size>0x7c</size>
         <alignment>0x4</alignment>
         <input_file_ref idref="fl-a"/>
      </object_component>
      <object_component id="oc-1e8">
         <name>.text.__TI_closefile</name>
         <load_address>0x172d8</load_address>
         <readonly>true</readonly>
         <executable>true</executable>
         <run_address>0x172d8</run_address>
         <size>0x7c</size>
         <alignment>0x4</alignment>
         <input_file_ref idref="fl-45"/>
      </object_component>
      <object_component id="oc-1c">
         <name>.text:decompress:lzss</name>
         <load_address>0x17354</load_address>
         <readonly>true</readonly>
         <executable>true</executable>
         <run_address>0x17354</run_address>
         <size>0x7c</size>
         <alignment>0x4</alignment>
         <input_file_ref idref="fl-3f"/>
      </object_component>
      <object_component id="oc-d9">
         <name>.text._Z20updateTerrainHeightsPsiPKt</name>
         <load_address>0x173d0</load_address>
         <readonly>true</readonly>
         <executable>true</executable>
         <run_address>0x173d0</run_address>
         <size>0x7a</size>
         <alignment>0x2</alignment>
         <input_file_ref idref="fl-4"/>
      </object_component>
      <object_component id="oc-18f">
         <name>.text._Z13switchPlayersv</name>
         <load_address>0x1744c</load_address>
         <readonly>true</readonly>
         <executable>true</executable>
         <run_address>0x1744c</run_address>
         <size>0x78</size>
         <alignment>0x4</alignment>
         <input_file_ref idref="fl-6"/>
      </object_component>
      <object_component id="oc-2e8">
         <name>.text.__gedf2</name>
         <load_address>0x174c4</load_address>
         <readonly>true</readonly>
         <executable>true</executable>
         <run_address>0x174c4</run_address>
         <size>0x74</size>
         <alignment>0x4</alignment>
         <input_file_ref idref="fl-10f"/>
      </object_component>
      <object_component id="oc-2d7">
         <name>.text.__aeabi_errno_addr</name>
         <load_address>0x17538</load_address>
         <readonly>true</readonly>
         <executable>true</executable>
         <run_address>0x17538</run_address>
         <size>0x8</size>
         <alignment>0x4</alignment>
         <input_file_ref idref="fl-36"/>
      </object_component>
      <object_component id="oc-19d">
         <name>.text.__truncdfsf2</name>
         <load_address>0x17540</load_address>
         <readonly>true</readonly>
         <executable>true</executable>
         <run_address>0x17540</run_address>
         <size>0x74</size>
         <alignment>0x10</alignment>
         <input_file_ref idref="fl-106"/>
      </object_component>
      <object_component id="oc-187">
         <name>.text._Z16ST7735_DrawPixelsst</name>
         <load_address>0x175b4</load_address>
         <readonly>true</readonly>
         <executable>true</executable>
         <run_address>0x175b4</run_address>
         <size>0x70</size>
         <alignment>0x4</alignment>
         <input_file_ref idref="fl-9"/>
      </object_component>
      <object_component id="oc-251">
         <name>.text.HOSTlseek</name>
         <load_address>0x17624</load_address>
         <readonly>true</readonly>
         <executable>true</executable>
         <run_address>0x17624</run_address>
         <size>0x6c</size>
         <alignment>0x4</alignment>
         <input_file_ref idref="fl-f3"/>
      </object_component>
      <object_component id="oc-259">
         <name>.text.HOSTrename</name>
         <load_address>0x17690</load_address>
         <readonly>true</readonly>
         <executable>true</executable>
         <run_address>0x17690</run_address>
         <size>0x6c</size>
         <alignment>0x4</alignment>
         <input_file_ref idref="fl-f6"/>
      </object_component>
      <object_component id="oc-2be">
         <name>.text.getdevice</name>
         <load_address>0x176fc</load_address>
         <readonly>true</readonly>
         <executable>true</executable>
         <run_address>0x176fc</run_address>
         <size>0x6c</size>
         <alignment>0x4</alignment>
         <input_file_ref idref="fl-111"/>
      </object_component>
      <object_component id="oc-2e2">
         <name>.text.__ledf2</name>
         <load_address>0x17768</load_address>
         <readonly>true</readonly>
         <executable>true</executable>
         <run_address>0x17768</run_address>
         <size>0x68</size>
         <alignment>0x4</alignment>
         <input_file_ref idref="fl-10f"/>
      </object_component>
      <object_component id="oc-2d5">
         <name>.text.split</name>
         <load_address>0x177d0</load_address>
         <readonly>true</readonly>
         <executable>true</executable>
         <run_address>0x177d0</run_address>
         <size>0x64</size>
         <alignment>0x4</alignment>
         <input_file_ref idref="fl-3b"/>
      </object_component>
      <object_component id="oc-291">
         <name>.text.__aeabi_dcmp</name>
         <load_address>0x17834</load_address>
         <readonly>true</readonly>
         <executable>true</executable>
         <run_address>0x17834</run_address>
         <size>0x62</size>
         <alignment>0x4</alignment>
         <input_file_ref idref="fl-107"/>
      </object_component>
      <object_component id="oc-241">
         <name>.text.HOSTopen</name>
         <load_address>0x17898</load_address>
         <readonly>true</readonly>
         <executable>true</executable>
         <run_address>0x17898</run_address>
         <size>0x60</size>
         <alignment>0x4</alignment>
         <input_file_ref idref="fl-f4"/>
      </object_component>
      <object_component id="oc-42">
         <name>.text.TIMG12_IRQHandler</name>
         <load_address>0x178f8</load_address>
         <readonly>true</readonly>
         <executable>true</executable>
         <run_address>0x178f8</run_address>
         <size>0x5c</size>
         <alignment>0x4</alignment>
         <input_file_ref idref="fl-6"/>
      </object_component>
      <object_component id="oc-249">
         <name>.text.HOSTread</name>
         <load_address>0x17954</load_address>
         <readonly>true</readonly>
         <executable>true</executable>
         <run_address>0x17954</run_address>
         <size>0x58</size>
         <alignment>0x4</alignment>
         <input_file_ref idref="fl-f5"/>
      </object_component>
      <object_component id="oc-24d">
         <name>.text.HOSTwrite</name>
         <load_address>0x179ac</load_address>
         <readonly>true</readonly>
         <executable>true</executable>
         <run_address>0x179ac</run_address>
         <size>0x58</size>
         <alignment>0x4</alignment>
         <input_file_ref idref="fl-f8"/>
      </object_component>
      <object_component id="oc-cb">
         <name>.text._Z10TExaS_InitP10ADC12_RegsjPFhvE</name>
         <load_address>0x17a04</load_address>
         <readonly>true</readonly>
         <executable>true</executable>
         <run_address>0x17a04</run_address>
         <size>0x58</size>
         <alignment>0x4</alignment>
         <input_file_ref idref="fl-e"/>
      </object_component>
      <object_component id="oc-159">
         <name>.text.__aeabi_idivmod</name>
         <load_address>0x17a5c</load_address>
         <readonly>true</readonly>
         <executable>true</executable>
         <run_address>0x17a5c</run_address>
         <size>0x56</size>
         <alignment>0x4</alignment>
         <input_file_ref idref="fl-108"/>
      </object_component>
      <object_component id="oc-10f">
         <name>.text:__TI_auto_init_nobinit</name>
         <load_address>0x17ab4</load_address>
         <readonly>true</readonly>
         <executable>true</executable>
         <run_address>0x17ab4</run_address>
         <size>0x54</size>
         <alignment>0x4</alignment>
         <input_file_ref idref="fl-4a"/>
      </object_component>
      <object_component id="oc-267">
         <name>.text.__TI_doflush</name>
         <load_address>0x17b08</load_address>
         <readonly>true</readonly>
         <executable>true</executable>
         <run_address>0x17b08</run_address>
         <size>0x52</size>
         <alignment>0x2</alignment>
         <input_file_ref idref="fl-46"/>
      </object_component>
      <object_component id="oc-26d">
         <name>.text.close</name>
         <load_address>0x17b5c</load_address>
         <readonly>true</readonly>
         <executable>true</executable>
         <run_address>0x17b5c</run_address>
         <size>0x50</size>
         <alignment>0x4</alignment>
         <input_file_ref idref="fl-ef"/>
      </object_component>
      <object_component id="oc-169">
         <name>.text._Z11Sound_StartPKhj</name>
         <load_address>0x17bac</load_address>
         <readonly>true</readonly>
         <executable>true</executable>
         <run_address>0x17bac</run_address>
         <size>0x4c</size>
         <alignment>0x4</alignment>
         <input_file_ref idref="fl-c"/>
      </object_component>
      <object_component id="oc-202">
         <name>.text._Z14SysTick_IntArmjj</name>
         <load_address>0x17bf8</load_address>
         <readonly>true</readonly>
         <executable>true</executable>
         <run_address>0x17bf8</run_address>
         <size>0x4c</size>
         <alignment>0x4</alignment>
         <input_file_ref idref="fl-c"/>
      </object_component>
      <object_component id="oc-cd">
         <name>.text._ZN8SlidePot2InEv</name>
         <load_address>0x17c44</load_address>
         <readonly>true</readonly>
         <executable>true</executable>
         <run_address>0x17c44</run_address>
         <size>0x4c</size>
         <alignment>0x4</alignment>
         <input_file_ref idref="fl-a"/>
      </object_component>
      <object_component id="oc-214">
         <name>.text.__fixdfsi</name>
         <load_address>0x17c90</load_address>
         <readonly>true</readonly>
         <executable>true</executable>
         <run_address>0x17c90</run_address>
         <size>0x4a</size>
         <alignment>0x4</alignment>
         <input_file_ref idref="fl-101"/>
      </object_component>
      <object_component id="oc-245">
         <name>.text.HOSTclose</name>
         <load_address>0x17cdc</load_address>
         <readonly>true</readonly>
         <executable>true</executable>
         <run_address>0x17cdc</run_address>
         <size>0x48</size>
         <alignment>0x4</alignment>
         <input_file_ref idref="fl-f2"/>
      </object_component>
      <object_component id="oc-255">
         <name>.text.HOSTunlink</name>
         <load_address>0x17d24</load_address>
         <readonly>true</readonly>
         <executable>true</executable>
         <run_address>0x17d24</run_address>
         <size>0x48</size>
         <alignment>0x4</alignment>
         <input_file_ref idref="fl-f7"/>
      </object_component>
      <object_component id="oc-38">
         <name>.text.SysTick_Handler</name>
         <load_address>0x17d6c</load_address>
         <readonly>true</readonly>
         <executable>true</executable>
         <run_address>0x17d6c</run_address>
         <size>0x48</size>
         <alignment>0x4</alignment>
         <input_file_ref idref="fl-c"/>
      </object_component>
      <object_component id="oc-178">
         <name>.text._Z14SPI_OutCommandc</name>
         <load_address>0x17db4</load_address>
         <readonly>true</readonly>
         <executable>true</executable>
         <run_address>0x17db4</run_address>
         <size>0x48</size>
         <alignment>0x4</alignment>
         <input_file_ref idref="fl-8"/>
      </object_component>
      <object_component id="oc-3d">
         <name>.text.TIMG7_IRQHandler</name>
         <load_address>0x17dfc</load_address>
         <readonly>true</readonly>
         <executable>true</executable>
         <run_address>0x17dfc</run_address>
         <size>0x40</size>
         <alignment>0x4</alignment>
         <input_file_ref idref="fl-e"/>
      </object_component>
      <object_component id="oc-c0">
         <name>.text._Z11Switch_Initv</name>
         <load_address>0x17e3c</load_address>
         <readonly>true</readonly>
         <executable>true</executable>
         <run_address>0x17e3c</run_address>
         <size>0x40</size>
         <alignment>0x4</alignment>
         <input_file_ref idref="fl-d"/>
      </object_component>
      <object_component id="oc-29e">
         <name>.text._Z9SPI_Resetv</name>
         <load_address>0x17e7c</load_address>
         <readonly>true</readonly>
         <executable>true</executable>
         <run_address>0x17e7c</run_address>
         <size>0x40</size>
         <alignment>0x4</alignment>
         <input_file_ref idref="fl-8"/>
      </object_component>
      <object_component id="oc-154">
         <name>.text.__aeabi_uidivmod</name>
         <load_address>0x17ebc</load_address>
         <readonly>true</readonly>
         <executable>true</executable>
         <run_address>0x17ebc</run_address>
         <size>0x40</size>
         <alignment>0x4</alignment>
         <input_file_ref idref="fl-10b"/>
      </object_component>
      <object_component id="oc-219">
         <name>.text.__extendsfdf2</name>
         <load_address>0x17efc</load_address>
         <readonly>true</readonly>
         <executable>true</executable>
         <run_address>0x17efc</run_address>
         <size>0x40</size>
         <alignment>0x4</alignment>
         <input_file_ref idref="fl-100"/>
      </object_component>
      <object_component id="oc-1e4">
         <name>.text._search_fp</name>
         <load_address>0x17f3c</load_address>
         <readonly>true</readonly>
         <executable>true</executable>
         <run_address>0x17f3c</run_address>
         <size>0x40</size>
         <alignment>0x4</alignment>
         <input_file_ref idref="fl-34"/>
      </object_component>
      <object_component id="oc-14e">
         <name>.text._Z9DAC5_Initv</name>
         <load_address>0x17f7c</load_address>
         <readonly>true</readonly>
         <executable>true</executable>
         <run_address>0x17f7c</run_address>
         <size>0x3c</size>
         <alignment>0x4</alignment>
         <input_file_ref idref="fl-3"/>
      </object_component>
      <object_component id="oc-208">
         <name>.text.__muldsi3</name>
         <load_address>0x17fb8</load_address>
         <readonly>true</readonly>
         <executable>true</executable>
         <run_address>0x17fb8</run_address>
         <size>0x3a</size>
         <alignment>0x4</alignment>
         <input_file_ref idref="fl-fd"/>
      </object_component>
      <object_component id="oc-ca">
         <name>.text._Z10Sound_Initjj</name>
         <load_address>0x17ff4</load_address>
         <readonly>true</readonly>
         <executable>true</executable>
         <run_address>0x17ff4</run_address>
         <size>0x38</size>
         <alignment>0x4</alignment>
         <input_file_ref idref="fl-c"/>
      </object_component>
      <object_component id="oc-17d">
         <name>.text._Z11SPI_OutDatac</name>
         <load_address>0x1802c</load_address>
         <readonly>true</readonly>
         <executable>true</executable>
         <run_address>0x1802c</run_address>
         <size>0x38</size>
         <alignment>0x4</alignment>
         <input_file_ref idref="fl-8"/>
      </object_component>
      <object_component id="oc-125">
         <name>.text._Z15ActivatePortA_Bv</name>
         <load_address>0x18064</load_address>
         <readonly>true</readonly>
         <executable>true</executable>
         <run_address>0x18064</run_address>
         <size>0x38</size>
         <alignment>0x4</alignment>
         <input_file_ref idref="fl-7"/>
      </object_component>
      <object_component id="oc-1ab">
         <name>.text.__fixsfsi</name>
         <load_address>0x1809c</load_address>
         <readonly>true</readonly>
         <executable>true</executable>
         <run_address>0x1809c</run_address>
         <size>0x38</size>
         <alignment>0x4</alignment>
         <input_file_ref idref="fl-102"/>
      </object_component>
      <object_component id="oc-13b">
         <name>.text._Z12ST7735_writeiPKcj</name>
         <load_address>0x180d4</load_address>
         <readonly>true</readonly>
         <executable>true</executable>
         <run_address>0x180d4</run_address>
         <size>0x34</size>
         <alignment>0x2</alignment>
         <input_file_ref idref="fl-9"/>
      </object_component>
      <object_component id="oc-d2">
         <name>.text._Z14Clock_Delay1msj</name>
         <load_address>0x18108</load_address>
         <readonly>true</readonly>
         <executable>true</executable>
         <run_address>0x18108</run_address>
         <size>0x34</size>
         <alignment>0x4</alignment>
         <input_file_ref idref="fl-2"/>
      </object_component>
      <object_component id="oc-1d0">
         <name>.text._Z16ST7735_SetCursorjj</name>
         <load_address>0x1813c</load_address>
         <readonly>true</readonly>
         <executable>true</executable>
         <run_address>0x1813c</run_address>
         <size>0x34</size>
         <alignment>0x4</alignment>
         <input_file_ref idref="fl-9"/>
      </object_component>
      <object_component id="oc-c5">
         <name>.text._Z8LED_Initv</name>
         <load_address>0x18170</load_address>
         <readonly>true</readonly>
         <executable>true</executable>
         <run_address>0x18170</run_address>
         <size>0x34</size>
         <alignment>0x4</alignment>
         <input_file_ref idref="fl-5"/>
      </object_component>
      <object_component id="oc-1f1">
         <name>.text.__TI_cleanup</name>
         <load_address>0x181a4</load_address>
         <readonly>true</readonly>
         <executable>true</executable>
         <run_address>0x181a4</run_address>
         <size>0x34</size>
         <alignment>0x4</alignment>
         <input_file_ref idref="fl-34"/>
      </object_component>
      <object_component id="oc-2a6">
         <name>.text.__TI_readmsg</name>
         <load_address>0x181d8</load_address>
         <readonly>true</readonly>
         <executable>true</executable>
         <run_address>0x181d8</run_address>
         <size>0x34</size>
         <alignment>0x4</alignment>
         <input_file_ref idref="fl-f9"/>
      </object_component>
      <object_component id="oc-2a0">
         <name>.text.__TI_writemsg</name>
         <load_address>0x1820c</load_address>
         <readonly>true</readonly>
         <executable>true</executable>
         <run_address>0x1820c</run_address>
         <size>0x34</size>
         <alignment>0x4</alignment>
         <input_file_ref idref="fl-f9"/>
      </object_component>
      <object_component id="oc-107">
         <name>.text.exit</name>
         <load_address>0x18240</load_address>
         <readonly>true</readonly>
         <executable>true</executable>
         <run_address>0x18240</run_address>
         <size>0x34</size>
         <alignment>0x4</alignment>
         <input_file_ref idref="fl-37"/>
      </object_component>
      <object_component id="oc-1d8">
         <name>.text.finddevice</name>
         <load_address>0x18274</load_address>
         <readonly>true</readonly>
         <executable>true</executable>
         <run_address>0x18274</run_address>
         <size>0x34</size>
         <alignment>0x4</alignment>
         <input_file_ref idref="fl-111"/>
      </object_component>
      <object_component id="oc-133">
         <name>.text.freopen</name>
         <load_address>0x182a8</load_address>
         <readonly>true</readonly>
         <executable>true</executable>
         <run_address>0x182a8</run_address>
         <size>0x34</size>
         <alignment>0x4</alignment>
         <input_file_ref idref="fl-34"/>
      </object_component>
      <object_component id="oc-11b">
         <name>.text._ZN4TankC2EiiPKtiii</name>
         <load_address>0x182dc</load_address>
         <readonly>true</readonly>
         <executable>true</executable>
         <run_address>0x182dc</run_address>
         <size>0x32</size>
         <alignment>0x2</alignment>
         <input_file_ref idref="fl-4"/>
      </object_component>
      <object_component id="oc-1ce">
         <name>.text._ZL10commonInitPKh</name>
         <load_address>0x18310</load_address>
         <readonly>true</readonly>
         <executable>true</executable>
         <run_address>0x18310</run_address>
         <size>0x30</size>
         <alignment>0x4</alignment>
         <input_file_ref idref="fl-9"/>
      </object_component>
      <object_component id="oc-12d">
         <name>.text.fopen</name>
         <load_address>0x18340</load_address>
         <readonly>true</readonly>
         <executable>true</executable>
         <run_address>0x18340</run_address>
         <size>0x30</size>
         <alignment>0x4</alignment>
         <input_file_ref idref="fl-34"/>
      </object_component>
      <object_component id="oc-d7">
         <name>.text._Z17ST7735_FillScreent</name>
         <load_address>0x18370</load_address>
         <readonly>true</readonly>
         <executable>true</executable>
         <run_address>0x18370</run_address>
         <size>0x2c</size>
         <alignment>0x4</alignment>
         <input_file_ref idref="fl-9"/>
      </object_component>
      <object_component id="oc-a0">
         <name>.text.__cxx_global_var_init.1</name>
         <load_address>0x1839c</load_address>
         <readonly>true</readonly>
         <executable>true</executable>
         <run_address>0x1839c</run_address>
         <size>0x2c</size>
         <alignment>0x4</alignment>
         <input_file_ref idref="fl-6"/>
      </object_component>
      <object_component id="oc-9f">
         <name>.text.__cxx_global_var_init</name>
         <load_address>0x183c8</load_address>
         <readonly>true</readonly>
         <executable>true</executable>
         <run_address>0x183c8</run_address>
         <size>0x2c</size>
         <alignment>0x4</alignment>
         <input_file_ref idref="fl-6"/>
      </object_component>
      <object_component id="oc-195">
         <name>.text.__floatsidf</name>
         <load_address>0x183f4</load_address>
         <readonly>true</readonly>
         <executable>true</executable>
         <run_address>0x183f4</run_address>
         <size>0x2c</size>
         <alignment>0x4</alignment>
         <input_file_ref idref="fl-103"/>
      </object_component>
      <object_component id="oc-2cd">
         <name>.text.unlink</name>
         <load_address>0x18420</load_address>
         <readonly>true</readonly>
         <executable>true</executable>
         <run_address>0x18420</run_address>
         <size>0x2c</size>
         <alignment>0x4</alignment>
         <input_file_ref idref="fl-f1"/>
      </object_component>
      <object_component id="oc-151">
         <name>.text._Z9ADC_StartP10ADC12_Regs</name>
         <load_address>0x1844c</load_address>
         <readonly>true</readonly>
         <executable>true</executable>
         <run_address>0x1844c</run_address>
         <size>0x28</size>
         <alignment>0x4</alignment>
         <input_file_ref idref="fl-e"/>
      </object_component>
      <object_component id="oc-27a">
         <name>.text.free_list_insert</name>
         <load_address>0x18474</load_address>
         <readonly>true</readonly>
         <executable>true</executable>
         <run_address>0x18474</run_address>
         <size>0x28</size>
         <alignment>0x4</alignment>
         <input_file_ref idref="fl-3b"/>
      </object_component>
      <object_component id="oc-2c4">
         <name>.text.write</name>
         <load_address>0x1849c</load_address>
         <readonly>true</readonly>
         <executable>true</executable>
         <run_address>0x1849c</run_address>
         <size>0x28</size>
         <alignment>0x4</alignment>
         <input_file_ref idref="fl-ea"/>
      </object_component>
      <object_component id="oc-62">
         <name>.text:_c_int00_noargs</name>
         <load_address>0x184c4</load_address>
         <readonly>true</readonly>
         <executable>true</executable>
         <run_address>0x184c4</run_address>
         <size>0x28</size>
         <alignment>0x4</alignment>
         <input_file_ref idref="fl-40"/>
      </object_component>
      <object_component id="oc-190">
         <name>.text._ZN4Tank10takeDamageEi</name>
         <load_address>0x184ec</load_address>
         <readonly>true</readonly>
         <executable>true</executable>
         <run_address>0x184ec</run_address>
         <size>0x26</size>
         <alignment>0x2</alignment>
         <input_file_ref idref="fl-4"/>
      </object_component>
      <object_component id="oc-db">
         <name>.text._ZN6Object4setXEi</name>
         <load_address>0x18512</load_address>
         <readonly>true</readonly>
         <executable>true</executable>
         <run_address>0x18512</run_address>
         <size>0x26</size>
         <alignment>0x2</alignment>
         <input_file_ref idref="fl-4"/>
      </object_component>
      <object_component id="oc-dc">
         <name>.text._ZN6Object4setYEi</name>
         <load_address>0x18538</load_address>
         <readonly>true</readonly>
         <executable>true</executable>
         <run_address>0x18538</run_address>
         <size>0x26</size>
         <alignment>0x2</alignment>
         <input_file_ref idref="fl-4"/>
      </object_component>
      <object_component id="oc-11c">
         <name>.text._ZN8SlidePotC2Ejj</name>
         <load_address>0x18560</load_address>
         <readonly>true</readonly>
         <executable>true</executable>
         <run_address>0x18560</run_address>
         <size>0x24</size>
         <alignment>0x4</alignment>
         <input_file_ref idref="fl-a"/>
      </object_component>
      <object_component id="oc-6f">
         <name>.text._Z8DAC5_Outj</name>
         <load_address>0x18584</load_address>
         <readonly>true</readonly>
         <executable>true</executable>
         <run_address>0x18584</run_address>
         <size>0x20</size>
         <alignment>0x4</alignment>
         <input_file_ref idref="fl-3"/>
      </object_component>
      <object_component id="oc-192">
         <name>.text._Z8Random32v</name>
         <load_address>0x185a4</load_address>
         <readonly>true</readonly>
         <executable>true</executable>
         <run_address>0x185a4</run_address>
         <size>0x20</size>
         <alignment>0x4</alignment>
         <input_file_ref idref="fl-6"/>
      </object_component>
      <object_component id="oc-f7">
         <name>.text._ZL8PotAnglej</name>
         <load_address>0x185c4</load_address>
         <readonly>true</readonly>
         <executable>true</executable>
         <run_address>0x185c4</run_address>
         <size>0x20</size>
         <alignment>0x4</alignment>
         <input_file_ref idref="fl-6"/>
      </object_component>
      <object_component id="oc-200">
         <name>.text._ZL9pushColort</name>
         <load_address>0x185e4</load_address>
         <readonly>true</readonly>
         <executable>true</executable>
         <run_address>0x185e4</run_address>
         <size>0x1e</size>
         <alignment>0x2</alignment>
         <input_file_ref idref="fl-9"/>
      </object_component>
      <object_component id="oc-36">
         <name>.text.Default_Handler</name>
         <load_address>0x18604</load_address>
         <readonly>true</readonly>
         <executable>true</executable>
         <run_address>0x18604</run_address>
         <size>0x1c</size>
         <alignment>0x4</alignment>
         <input_file_ref idref="fl-11"/>
      </object_component>
      <object_component id="oc-37">
         <name>.text.HardFault_Handler</name>
         <load_address>0x18620</load_address>
         <readonly>true</readonly>
         <executable>true</executable>
         <run_address>0x18620</run_address>
         <size>0x1c</size>
         <alignment>0x4</alignment>
         <input_file_ref idref="fl-11"/>
      </object_component>
      <object_component id="oc-1ca">
         <name>.text._ZN6ObjectC2EiiPKt</name>
         <load_address>0x1863c</load_address>
         <readonly>true</readonly>
         <executable>true</executable>
         <run_address>0x1863c</run_address>
         <size>0x1c</size>
         <alignment>0x2</alignment>
         <input_file_ref idref="fl-4"/>
      </object_component>
      <object_component id="oc-278">
         <name>.text.free_list_remove</name>
         <load_address>0x18658</load_address>
         <readonly>true</readonly>
         <executable>true</executable>
         <run_address>0x18658</run_address>
         <size>0x1c</size>
         <alignment>0x4</alignment>
         <input_file_ref idref="fl-3b"/>
      </object_component>
      <object_component id="oc-fb">
         <name>.text._Z6Randomj</name>
         <load_address>0x18674</load_address>
         <readonly>true</readonly>
         <executable>true</executable>
         <run_address>0x18674</run_address>
         <size>0x18</size>
         <alignment>0x2</alignment>
         <input_file_ref idref="fl-6"/>
      </object_component>
      <object_component id="oc-a1">
         <name>.text.__cxx_global_var_init.2</name>
         <load_address>0x1868c</load_address>
         <readonly>true</readonly>
         <executable>true</executable>
         <run_address>0x1868c</run_address>
         <size>0x18</size>
         <alignment>0x4</alignment>
         <input_file_ref idref="fl-6"/>
      </object_component>
      <object_component id="oc-297">
         <name>.text.OUTLINED_FUNCTION_0</name>
         <load_address>0x186a4</load_address>
         <readonly>true</readonly>
         <executable>true</executable>
         <run_address>0x186a4</run_address>
         <size>0x16</size>
         <alignment>0x2</alignment>
         <input_file_ref idref="fl-3c"/>
      </object_component>
      <object_component id="oc-340">
         <name>.tramp.__aeabi_dadd.1</name>
         <load_address>0x186bc</load_address>
         <readonly>true</readonly>
         <executable>true</executable>
         <run_address>0x186bc</run_address>
         <size>0x10</size>
         <alignment>0x4</alignment>
         <input_file_ref idref="fl-fb"/>
      </object_component>
      <object_component id="oc-13e">
         <name>.text._Z11ST7735_openPKcji</name>
         <load_address>0x186cc</load_address>
         <readonly>true</readonly>
         <executable>true</executable>
         <run_address>0x186cc</run_address>
         <size>0x16</size>
         <alignment>0x2</alignment>
         <input_file_ref idref="fl-9"/>
      </object_component>
      <object_component id="oc-13c">
         <name>.text._Z11ST7735_readiPcj</name>
         <load_address>0x186e2</load_address>
         <readonly>true</readonly>
         <executable>true</executable>
         <run_address>0x186e2</run_address>
         <size>0x16</size>
         <alignment>0x2</alignment>
         <input_file_ref idref="fl-9"/>
      </object_component>
      <object_component id="oc-193">
         <name>.text._Z11Sound_Shootv</name>
         <load_address>0x186f8</load_address>
         <readonly>true</readonly>
         <executable>true</executable>
         <run_address>0x186f8</run_address>
         <size>0x14</size>
         <alignment>0x4</alignment>
         <input_file_ref idref="fl-c"/>
      </object_component>
      <object_component id="oc-cf">
         <name>.text._Z12Sound_Buttonv</name>
         <load_address>0x1870c</load_address>
         <readonly>true</readonly>
         <executable>true</executable>
         <run_address>0x1870c</run_address>
         <size>0x14</size>
[...]
         <object_component_ref idref="oc-36"/>
      </symbol>
      <symbol id="sm-289">
         <name>TIMA1_IRQHandler</name>
         <value>0x18605</value>
         <object_component_ref idref="oc-36"/>
      </symbol>
      <symbol id="sm-28a">
         <name>I2C0_IRQHandler</name>
         <value>0x18605</value>
         <object_component_ref idref="oc-36"/>
      </symbol>
      <symbol id="sm-28b">
         <name>I2C1_IRQHandler</name>
         <value>0x18605</value>
         <object_component_ref idref="oc-36"/>
      </symbol>
      <symbol id="sm-28c">
         <name>AES_IRQHandler</name>
         <value>0x18605</value>
         <object_component_ref idref="oc-36"/>
      </symbol>
      <symbol id="sm-28d">
         <name>RTC_IRQHandler</name>
         <value>0x18605</value>
         <object_component_ref idref="oc-36"/>
      </symbol>
      <symbol id="sm-28e">
         <name>DMA_IRQHandler</name>
         <value>0x18605</value>
         <object_component_ref idref="oc-36"/>
      </symbol>
      <symbol id="sm-28f">
         <name>__TI_ATRegion0_src_addr</name>
         <value>0x0</value>
      </symbol>
      <symbol id="sm-290">
         <name>__TI_ATRegion0_trg_addr</name>
         <value>0x0</value>
      </symbol>
      <symbol id="sm-291">
         <name>__TI_ATRegion0_region_sz</name>
         <value>0x0</value>
      </symbol>
      <symbol id="sm-292">
         <name>__TI_ATRegion1_src_addr</name>
         <value>0x0</value>
      </symbol>
      <symbol id="sm-293">
         <name>__TI_ATRegion1_trg_addr</name>
         <value>0x0</value>
      </symbol>
      <symbol id="sm-294">
         <name>__TI_ATRegion1_region_sz</name>
         <value>0x0</value>
      </symbol>
      <symbol id="sm-295">
         <name>__TI_ATRegion2_src_addr</name>
         <value>0x0</value>
      </symbol>
      <symbol id="sm-296">
         <name>__TI_ATRegion2_trg_addr</name>
         <value>0x0</value>
      </symbol>
      <symbol id="sm-297">
         <name>__TI_ATRegion2_region_sz</name>
         <value>0x0</value>
      </symbol>
      <symbol id="sm-2b6">
         <name>cosf</name>
         <value>0x144fd</value>
         <object_component_ref idref="oc-1a1"/>
      </symbol>
      <symbol id="sm-2d5">
         <name>sinf</name>
         <value>0x146d1</value>
         <object_component_ref idref="oc-1af"/>
      </symbol>
      <symbol id="sm-2ee">
         <name>fopen</name>
         <value>0x18341</value>
         <object_component_ref idref="oc-12d"/>
      </symbol>
      <symbol id="sm-2ef">
         <name>__TI_cleanup</name>
         <value>0x181a5</value>
         <object_component_ref idref="oc-1f1"/>
      </symbol>
      <symbol id="sm-2f0">
         <name>freopen</name>
         <value>0x182a9</value>
         <object_component_ref idref="oc-133"/>
      </symbol>
      <symbol id="sm-2fa">
         <name>setvbuf</name>
         <value>0x161bd</value>
         <object_component_ref idref="oc-134"/>
      </symbol>
      <symbol id="sm-305">
         <name>__aeabi_errno_addr</name>
         <value>0x17539</value>
         <object_component_ref idref="oc-2d7"/>
      </symbol>
      <symbol id="sm-306">
         <name>__aeabi_errno</name>
         <value>0x202006bc</value>
         <object_component_ref idref="oc-2f3"/>
      </symbol>
      <symbol id="sm-314">
         <name>abort</name>
         <value>0x18915</value>
         <object_component_ref idref="oc-102"/>
      </symbol>
      <symbol id="sm-315">
         <name>C$$EXIT</name>
         <value>0x18914</value>
         <object_component_ref idref="oc-102"/>
      </symbol>
      <symbol id="sm-316">
         <name>__TI_cleanup_ptr</name>
         <value>0x2020069c</value>
         <object_component_ref idref="oc-1c2"/>
      </symbol>
      <symbol id="sm-317">
         <name>__TI_dtors_ptr</name>
         <value>0x202006a0</value>
         <object_component_ref idref="oc-1c2"/>
      </symbol>
      <symbol id="sm-318">
         <name>exit</name>
         <value>0x18241</value>
         <object_component_ref idref="oc-107"/>
      </symbol>
      <symbol id="sm-321">
         <name>_nop</name>
         <value>0x150bb</value>
         <object_component_ref idref="oc-22f"/>
      </symbol>
      <symbol id="sm-322">
         <name>_lock</name>
         <value>0x202006c0</value>
         <object_component_ref idref="oc-1c0"/>
      </symbol>
      <symbol id="sm-323">
         <name>_unlock</name>
         <value>0x202006c4</value>
         <object_component_ref idref="oc-1c3"/>
      </symbol>
      <symbol id="sm-329">
         <name>_ftable</name>
         <value>0x20200458</value>
         <object_component_ref idref="oc-142"/>
      </symbol>
      <symbol id="sm-32a">
         <name>__TI_ft_end</name>
         <value>0x202006b8</value>
         <object_component_ref idref="oc-262"/>
      </symbol>
      <symbol id="sm-32b">
         <name>__TI_tmpnams</name>
         <value>0x202003a0</value>
         <object_component_ref idref="oc-275"/>
      </symbol>
      <symbol id="sm-34e">
         <name>malloc</name>
         <value>0x18875</value>
         <object_component_ref idref="oc-1f0"/>
      </symbol>
      <symbol id="sm-34f">
         <name>aligned_alloc</name>
         <value>0x15815</value>
         <object_component_ref idref="oc-27b"/>
      </symbol>
      <symbol id="sm-350">
         <name>free</name>
         <value>0x15ff1</value>
         <object_component_ref idref="oc-1ee"/>
      </symbol>
      <symbol id="sm-351">
         <name>_sys_memory</name>
         <value>0x202006f8</value>
         <object_component_ref idref="oc-30"/>
      </symbol>
      <symbol id="sm-352">
         <name>memalign</name>
         <value>0x15815</value>
         <object_component_ref idref="oc-27b"/>
      </symbol>
      <symbol id="sm-36e">
         <name>__kernel_rem_pio2</name>
         <value>0x134e1</value>
         <object_component_ref idref="oc-21d"/>
      </symbol>
      <symbol id="sm-378">
         <name>__TI_zero_init</name>
         <value>0x187bd</value>
         <object_component_ref idref="oc-5f"/>
      </symbol>
      <symbol id="sm-381">
         <name>__TI_decompress_none</name>
         <value>0x18759</value>
         <object_component_ref idref="oc-20"/>
      </symbol>
      <symbol id="sm-38c">
         <name>__TI_decompress_lzss</name>
         <value>0x17355</value>
         <object_component_ref idref="oc-1c"/>
      </symbol>
      <symbol id="sm-397">
         <name>_c_int00_noargs</name>
         <value>0x184c5</value>
         <object_component_ref idref="oc-62"/>
      </symbol>
      <symbol id="sm-398">
         <name>__stack</name>
         <value>0x20207e00</value>
         <object_component_ref idref="oc-1a"/>
      </symbol>
      <symbol id="sm-3a3">
         <name>floor</name>
         <value>0x15355</value>
         <object_component_ref idref="oc-28d"/>
      </symbol>
      <symbol id="sm-3a4">
         <name>floorl</name>
         <value>0x15355</value>
         <object_component_ref idref="oc-28d"/>
      </symbol>
      <symbol id="sm-3ae">
         <name>scalbn</name>
         <value>0x1629d</value>
         <object_component_ref idref="oc-289"/>
      </symbol>
      <symbol id="sm-3af">
         <name>ldexp</name>
         <value>0x1629d</value>
         <object_component_ref idref="oc-289"/>
      </symbol>
      <symbol id="sm-3b0">
         <name>scalbnl</name>
         <value>0x1629d</value>
         <object_component_ref idref="oc-289"/>
      </symbol>
      <symbol id="sm-3b1">
         <name>ldexpl</name>
         <value>0x1629d</value>
         <object_component_ref idref="oc-289"/>
      </symbol>
      <symbol id="sm-3bd">
         <name>__TI_closefile</name>
         <value>0x172d9</value>
         <object_component_ref idref="oc-1e8"/>
      </symbol>
      <symbol id="sm-3c7">
         <name>__TI_doflush</name>
         <value>0x17b09</value>
         <object_component_ref idref="oc-267"/>
      </symbol>
      <symbol id="sm-3d5">
         <name>__TI_auto_init_nobinit</name>
         <value>0x17ab5</value>
         <object_component_ref idref="oc-10f"/>
      </symbol>
      <symbol id="sm-3dd">
         <name>_system_pre_init</name>
         <value>0x1704d</value>
         <object_component_ref idref="oc-90"/>
      </symbol>
      <symbol id="sm-3ef">
         <name>write</name>
         <value>0x1849d</value>
         <object_component_ref idref="oc-2c4"/>
      </symbol>
      <symbol id="sm-3f4">
         <name>_device</name>
         <value>0x20200548</value>
         <object_component_ref idref="oc-1df"/>
      </symbol>
      <symbol id="sm-3f5">
         <name>_stream</name>
         <value>0x202005c0</value>
         <object_component_ref idref="oc-2c0"/>
      </symbol>
      <symbol id="sm-3fe">
         <name>remove</name>
         <value>0x188c5</value>
         <object_component_ref idref="oc-271"/>
      </symbol>
      <symbol id="sm-40a">
         <name>open</name>
         <value>0x169f1</value>
         <object_component_ref idref="oc-263"/>
      </symbol>
      <symbol id="sm-415">
         <name>close</name>
         <value>0x17b5d</value>
         <object_component_ref idref="oc-26d"/>
      </symbol>
      <symbol id="sm-421">
         <name>add_device</name>
         <value>0x15e1d</value>
         <object_component_ref idref="oc-129"/>
      </symbol>
      <symbol id="sm-42b">
         <name>unlink</name>
         <value>0x18421</value>
         <object_component_ref idref="oc-2cd"/>
      </symbol>
      <symbol id="sm-435">
         <name>HOSTclose</name>
         <value>0x17cdd</value>
         <object_component_ref idref="oc-245"/>
      </symbol>
      <symbol id="sm-43f">
         <name>HOSTlseek</name>
         <value>0x17625</value>
         <object_component_ref idref="oc-251"/>
      </symbol>
      <symbol id="sm-449">
         <name>HOSTopen</name>
         <value>0x17899</value>
         <object_component_ref idref="oc-241"/>
      </symbol>
      <symbol id="sm-44a">
         <name>parmbuf</name>
         <value>0x20200440</value>
         <object_component_ref idref="oc-2a7"/>
      </symbol>
      <symbol id="sm-454">
         <name>HOSTread</name>
         <value>0x17955</value>
         <object_component_ref idref="oc-249"/>
      </symbol>
      <symbol id="sm-465">
         <name>HOSTrename</name>
         <value>0x17691</value>
         <object_component_ref idref="oc-259"/>
      </symbol>
      <symbol id="sm-46f">
         <name>HOSTunlink</name>
         <value>0x17d25</value>
         <object_component_ref idref="oc-255"/>
      </symbol>
      <symbol id="sm-479">
         <name>HOSTwrite</name>
         <value>0x179ad</value>
         <object_component_ref idref="oc-24d"/>
      </symbol>
      <symbol id="sm-487">
         <name>C$$IO$$</name>
         <value>0x18239</value>
         <object_component_ref idref="oc-2a0"/>
      </symbol>
      <symbol id="sm-488">
         <name>__TI_writemsg</name>
         <value>0x1820d</value>
         <object_component_ref idref="oc-2a0"/>
      </symbol>
      <symbol id="sm-489">
         <name>__CIOBUF_</name>
         <value>0x20200280</value>
         <object_component_ref idref="oc-2ea"/>
      </symbol>
      <symbol id="sm-48a">
         <name>__TI_readmsg</name>
         <value>0x181d9</value>
         <object_component_ref idref="oc-2a6"/>
      </symbol>
      <symbol id="sm-48b">
         <name>_CIOBUF_</name>
         <value>0x20200280</value>
         <object_component_ref idref="oc-2ea"/>
      </symbol>
      <symbol id="sm-491">
         <name>__aeabi_fadd</name>
         <value>0x1637f</value>
         <object_component_ref idref="oc-1a7"/>
      </symbol>
      <symbol id="sm-492">
         <name>__addsf3</name>
         <value>0x1637f</value>
         <object_component_ref idref="oc-1a7"/>
      </symbol>
      <symbol id="sm-493">
         <name>__aeabi_fsub</name>
         <value>0x16375</value>
         <object_component_ref idref="oc-1a7"/>
      </symbol>
      <symbol id="sm-494">
         <name>__subsf3</name>
         <value>0x16375</value>
         <object_component_ref idref="oc-1a7"/>
      </symbol>
      <symbol id="sm-49a">
         <name>__aeabi_dadd</name>
         <value>0x14f33</value>
         <object_component_ref idref="oc-210"/>
      </symbol>
      <symbol id="sm-49b">
         <name>__adddf3</name>
         <value>0x14f33</value>
         <object_component_ref idref="oc-210"/>
      </symbol>
      <symbol id="sm-49c">
         <name>__aeabi_dsub</name>
         <value>0x14f29</value>
         <object_component_ref idref="oc-210"/>
      </symbol>
      <symbol id="sm-49d">
         <name>__subdf3</name>
         <value>0x14f29</value>
         <object_component_ref idref="oc-210"/>
      </symbol>
      <symbol id="sm-4a6">
         <name>__aeabi_dmul</name>
         <value>0x160d9</value>
         <object_component_ref idref="oc-199"/>
      </symbol>
      <symbol id="sm-4a7">
         <name>__muldf3</name>
         <value>0x160d9</value>
         <object_component_ref idref="oc-199"/>
      </symbol>
      <symbol id="sm-4b0">
         <name>__muldsi3</name>
         <value>0x17fb9</value>
         <object_component_ref idref="oc-208"/>
      </symbol>
      <symbol id="sm-4b6">
         <name>__aeabi_fmul</name>
         <value>0x16eb1</value>
         <object_component_ref idref="oc-1b5"/>
      </symbol>
      <symbol id="sm-4b7">
         <name>__mulsf3</name>
         <value>0x16eb1</value>
         <object_component_ref idref="oc-1b5"/>
      </symbol>
      <symbol id="sm-4bd">
         <name>__aeabi_f2d</name>
         <value>0x17efd</value>
         <object_component_ref idref="oc-219"/>
      </symbol>
      <symbol id="sm-4be">
         <name>__extendsfdf2</name>
         <value>0x17efd</value>
         <object_component_ref idref="oc-219"/>
      </symbol>
      <symbol id="sm-4c7">
         <name>__aeabi_d2iz</name>
         <value>0x17c91</value>
         <object_component_ref idref="oc-214"/>
      </symbol>
      <symbol id="sm-4c8">
         <name>__fixdfsi</name>
         <value>0x17c91</value>
         <object_component_ref idref="oc-214"/>
      </symbol>
      <symbol id="sm-4ce">
         <name>__aeabi_f2iz</name>
         <value>0x1809d</value>
         <object_component_ref idref="oc-1ab"/>
      </symbol>
      <symbol id="sm-4cf">
         <name>__fixsfsi</name>
         <value>0x1809d</value>
         <object_component_ref idref="oc-1ab"/>
      </symbol>
      <symbol id="sm-4d5">
         <name>__aeabi_i2d</name>
         <value>0x183f5</value>
         <object_component_ref idref="oc-195"/>
      </symbol>
      <symbol id="sm-4d6">
         <name>__floatsidf</name>
         <value>0x183f5</value>
         <object_component_ref idref="oc-195"/>
      </symbol>
      <symbol id="sm-4dd">
         <name>__aeabi_d2f</name>
         <value>0x17541</value>
         <object_component_ref idref="oc-19d"/>
      </symbol>
      <symbol id="sm-4de">
         <name>__truncdfsf2</name>
         <value>0x17541</value>
         <object_component_ref idref="oc-19d"/>
      </symbol>
      <symbol id="sm-4e4">
         <name>__aeabi_dcmpeq</name>
         <value>0x17835</value>
         <object_component_ref idref="oc-291"/>
      </symbol>
      <symbol id="sm-4e5">
         <name>__aeabi_dcmplt</name>
         <value>0x17849</value>
         <object_component_ref idref="oc-291"/>
      </symbol>
      <symbol id="sm-4e6">
         <name>__aeabi_dcmple</name>
         <value>0x1785d</value>
         <object_component_ref idref="oc-291"/>
      </symbol>
      <symbol id="sm-4e7">
         <name>__aeabi_dcmpge</name>
         <value>0x17871</value>
         <object_component_ref idref="oc-291"/>
      </symbol>
      <symbol id="sm-4e8">
         <name>__aeabi_dcmpgt</name>
         <value>0x17885</value>
         <object_component_ref idref="oc-291"/>
      </symbol>
      <symbol id="sm-4ee">
         <name>__aeabi_idiv</name>
         <value>0x17a5d</value>
         <object_component_ref idref="oc-159"/>
      </symbol>
      <symbol id="sm-4ef">
         <name>__aeabi_idivmod</name>
         <value>0x17a5d</value>
         <object_component_ref idref="oc-159"/>
      </symbol>
      <symbol id="sm-4f5">
         <name>__aeabi_memcpy</name>
         <value>0x188bd</value>
         <object_component_ref idref="oc-52"/>
      </symbol>
      <symbol id="sm-4f6">
         <name>__aeabi_memcpy4</name>
         <value>0x188bd</value>
         <object_component_ref idref="oc-52"/>
      </symbol>
      <symbol id="sm-4f7">
         <name>__aeabi_memcpy8</name>
         <value>0x188bd</value>
         <object_component_ref idref="oc-52"/>
      </symbol>
      <symbol id="sm-4fe">
         <name>__aeabi_memclr</name>
         <value>0x18869</value>
         <object_component_ref idref="oc-8b"/>
      </symbol>
      <symbol id="sm-4ff">
         <name>__aeabi_memclr4</name>
         <value>0x18869</value>
         <object_component_ref idref="oc-8b"/>
      </symbol>
      <symbol id="sm-500">
         <name>__aeabi_memclr8</name>
         <value>0x18869</value>
         <object_component_ref idref="oc-8b"/>
      </symbol>
      <symbol id="sm-506">
         <name>__aeabi_uidiv</name>
         <value>0x17ebd</value>
         <object_component_ref idref="oc-154"/>
      </symbol>
      <symbol id="sm-507">
         <name>__aeabi_uidivmod</name>
         <value>0x17ebd</value>
         <object_component_ref idref="oc-154"/>
      </symbol>
      <symbol id="sm-515">
         <name>__ledf2</name>
         <value>0x17769</value>
         <object_component_ref idref="oc-2e2"/>
      </symbol>
      <symbol id="sm-516">
         <name>__gedf2</name>
         <value>0x174c5</value>
         <object_component_ref idref="oc-2e8"/>
      </symbol>
      <symbol id="sm-517">
         <name>__cmpdf2</name>
         <value>0x17769</value>
         <object_component_ref idref="oc-2e2"/>
      </symbol>
      <symbol id="sm-518">
         <name>__eqdf2</name>
         <value>0x17769</value>
         <object_component_ref idref="oc-2e2"/>
      </symbol>
      <symbol id="sm-519">
         <name>__ltdf2</name>
         <value>0x17769</value>
         <object_component_ref idref="oc-2e2"/>
      </symbol>
      <symbol id="sm-51a">
         <name>__nedf2</name>
         <value>0x17769</value>
         <object_component_ref idref="oc-2e2"/>
      </symbol>
      <symbol id="sm-51b">
         <name>__gtdf2</name>
         <value>0x174c5</value>
         <object_component_ref idref="oc-2e8"/>
      </symbol>
      <symbol id="sm-525">
         <name>__aeabi_idiv0</name>
         <value>0x14f27</value>
         <object_component_ref idref="oc-1f9"/>
      </symbol>
      <symbol id="sm-533">
         <name>finddevice</name>
         <value>0x18275</value>
         <object_component_ref idref="oc-1d8"/>
      </symbol>
      <symbol id="sm-534">
         <name>getdevice</name>
         <value>0x176fd</value>
         <object_component_ref idref="oc-2be"/>
      </symbol>
      <symbol id="sm-53d">
         <name>TI_memcpy_small</name>
         <value>0x18747</value>
         <object_component_ref idref="oc-a6"/>
      </symbol>
      <symbol id="sm-546">
         <name>TI_memset_small</name>
         <value>0x18805</value>
         <object_component_ref idref="oc-11e"/>
      </symbol>
      <symbol id="sm-54e">
         <name>strcmp</name>
         <value>0x17051</value>
         <object_component_ref idref="oc-23b"/>
      </symbol>
      <symbol id="sm-54f">
         <name>__TI_static_base__</name>
         <value>0x0</value>
      </symbol>
      <symbol id="sm-553">
         <name>__mpu_init</name>
         <value>0x0</value>
      </symbol>
      <symbol id="sm-554">
         <name>_system_post_cinit</name>
         <value>0x0</value>
      </symbol>
   </symbol_table>
   <title>Link successful</title>
</link_info>
