******************************************************************************
            TI ARM Clang Linker PC v4.0.1                      
******************************************************************************
>> Linked Wed Apr 23 21:22:27 2025

OUTPUT FILE NAME:   <ECE319K_Lab9H.out>
ENTRY POINT SYMBOL: "_c_int00_noargs"  address: 00011b91


MEMORY CONFIGURATION

         name            origin    length      used     unused   attr    fill
----------------------  --------  ---------  --------  --------  ----  --------
  FLASH                 00000000   00020000  00012048  0000dfb8  R  X
  SRAM                  20200000   00008000  00000acd  00007533  RW X
  BCR_CONFIG            41c00000   00000080  00000000  00000080  R   
  BSL_CONFIG            41c00100   00000080  00000000  00000080  R   


SEGMENT ALLOCATION MAP

run origin  load origin   length   init length attrs members
----------  ----------- ---------- ----------- ----- -------
00000000    00000000    00012048   00012048    r-x
  00000000    00000000    000000c0   000000c0    r-- .intvecs
  000000c0    000000c0    0000c668   0000c668    r-- .rodata
  0000c728    0000c728    00000008   00000008    r-- .init_array
  0000c730    0000c730    00005860   00005860    r-x .text
  00011f90    00011f90    000000b8   000000b8    r-- .cinit
20200000    20200000    000008d0   00000000    rw-
  20200000    20200000    00000458   00000000    rw- .bss
  20200458    20200458    00000275   00000000    rw- .data
  202006d0    202006d0    00000200   00000000    rw- .sysmem
20207e00    20207e00    00000200   00000000    rw-
  20207e00    20207e00    00000200   00000000    rw- .stack


SECTION ALLOCATION MAP

 output                                  attributes/
section   page    origin      length       input sections
--------  ----  ----------  ----------   ----------------
.intvecs   0    00000000    000000c0     
                  00000000    000000c0     startup_mspm0g3507_ticlang.o (.intvecs)

.binit     0    00000000    00000000     

.text      0    0000c730    00005860     
                  0000c730    000006cc     Lab9HMain.o (.text.main)
                  0000cdfc    00000644     libc.a : k_rem_pio2.c.obj (.text.__kernel_rem_pio2)
                  0000d440    00000300     Lab9HMain.o (.text._Z17drawWelcomeScreenv)
                  0000d740    00000254     ST7735.o (.text._Z23ST7735_DrawBitmapWithBGssPKtssS0_)
                  0000d994    00000210     ST7735.o (.text._Z17ST7735_DrawBitmapssPKtss)
                  0000dba4    000001d4     libc.a : s_cosf.c.obj (.text.cosf)
                  0000dd78    000001c8            : s_sinf.c.obj (.text.sinf)
                  0000df40    000001c0     Lab9HMain.o (.text._Z12updateBulletP6Bullet4Tankb)
                  0000e100    000001b4     Clock.o (.text._Z15Clock_Init80MHzi)
                  0000e2b4    000001a4     ST7735.o (.text._Z15ST7735_DrawCharsscssh)
                  0000e458    000001a0     ST7735.o (.text._Z16ST7735_DrawCharSsscssh)
                  0000e5f8    00000196     Lab9HMain.o (.text._Z17drawRoundedButtoniiiitt)
                  0000e78e    00000002     Sound.o (.text.SysTick_Handler)
                  0000e790    00000192     libclang_rt.builtins.a : adddf3.S.obj (.text.adddf3_subdf3)
                  0000e922    00000002     Sound.o (.text._Z10Sound_Initv)
                  0000e924    00000154     libc.a : fopen.c.obj (.text._openfile)
                  0000ea78    00000144     Lab9HMain.o (.text._Z26drawSpanishSelectionScreenv)
                  0000ebbc    00000144     libc.a : s_floor.c.obj (.text.floor)
                  0000ed00    0000013c     Lab9HMain.o (.text._Z13drawHealthBarii)
                  0000ee3c    00000128     TExaS.o (.text._Z8ADC_InitP10ADC12_Regsjj)
                  0000ef64    00000118     ST7735.o (.text._Z15ST7735_FillRectsssst)
                  0000f07c    00000114     libc.a : memory.c.obj (.text.aligned_alloc)
                  0000f190    00000102     GameLogic.o (.text._Z12updateSlopesPsiS_ib)
                  0000f292    00000002     libclang_rt.builtins.a : aeabi_div0.c.obj (.text.__aeabi_idiv0)
                  0000f294    000000f8     Lab9HMain.o (.text._Z19spawnBulletFromTankP4TankP6Bulletb)
                  0000f38c    000000f8     SPI.o (.text._Z8SPI_Initv)
                  0000f484    000000f4     ST7735.o (.text._Z18ST7735_SetRotationh)
                  0000f578    000000ec     libsysbm.a : add_device.c.obj (.text.add_device)
                  0000f664    000000e8     TExaS.o (.text._Z9UART_Initv)
                  0000f74c    000000e8     libc.a : memory.c.obj (.text.free)
                  0000f834    000000e4     libclang_rt.builtins.a : muldf3.S.obj (.text.__muldf3)
                  0000f918    000000e0     libc.a : setvbuf.c.obj (.text.setvbuf)
                  0000f9f8    000000d8            : s_scalbn.c.obj (.text.scalbn)
                  0000fad0    000000d8     libclang_rt.builtins.a : addsf3.S.obj (.text)
                  0000fba8    000000d0     ST7735.o (.text._Z14ST7735_OutCharc)
                  0000fc78    000000d0     Lab9HMain.o (.text._Z26drawEnglishSelectionScreenv)
                  0000fd48    000000c8     Lab9HMain.o (.text._Z8gameOverv)
                  0000fe10    000000b0     ST7735.o (.text._Z20ST7735_DrawFastHLinessst)
                  0000fec0    000000b0     ST7735.o (.text._Z20ST7735_DrawFastVLinessst)
                  0000ff70    000000ac     libc.a : s_cosf.c.obj (.text.__kernel_sindf)
                  0001001c    000000ac            : s_sinf.c.obj (.text.__kernel_sindf)
                  000100c8    000000a8     Timer.o (.text._Z14TimerG7_IntArmtjj)
                  00010170    000000a2     ST7735.o (.text._ZL11commandListPKh)
                  00010212    00000002     libc.a : _lock.c.obj (.text._nop)
                  00010214    000000a0     libsysbm.a : open.c.obj (.text.open)
                  000102b4    0000009c     ST7735.o (.text._Z17ST7735_InitPrintfv)
                  00010350    0000009c     libc.a : s_cosf.c.obj (.text.__kernel_cosdf)
                  000103ec    0000009c            : s_sinf.c.obj (.text.__kernel_cosdf)
                  00010488    00000098     ST7735.o (.text._Z12ST7735_InitR10initRFlags)
                  00010520    00000094     Timer.o (.text._Z15TimerG12_IntArmjj)
                  000105b4    00000090     Lab9HMain.o (.text._Z10pollButtonv)
                  00010644    00000090     ST7735.o (.text._Z24ST7735_MakeBGTransparentssPKtssS0_)
                  000106d4    0000008c     libclang_rt.builtins.a : mulsf3.S.obj (.text.__mulsf3)
                  00010760    00000088     ST7735.o (.text._ZL13setAddrWindowhhhh)
                  000107e8    00000008     libc.a : aeabi_portable.c.obj (.text.__aeabi_errno_addr)
                  000107f0    00000088            : strcmp-armv6m.S.obj (.text:strcmp)
                  00010878    00000084     Lab9HMain.o (.text._Z13switchPlayersv)
                  000108fc    00000084     ST7735.o (.text._Z17ST7735_DrawStringttPcs)
                  00010980    00000084     Lab9HMain.o (.text._Z19drawButtonWithLabeliittPKc)
                  00010a04    0000007c     LaunchPad.o (.text._Z14LaunchPad_Initv)
                  00010a80    0000007c     SlidePot.o (.text._ZN8SlidePot4InitEv)
                  00010afc    0000007c     libc.a : fclose.c.obj (.text.__TI_closefile)
                  00010b78    0000007c            : copy_decompress_lzss.c.obj (.text:decompress:lzss)
                  00010bf4    0000007a     GameLogic.o (.text._Z20updateTerrainHeightsPsiPKt)
                  00010c6e    00000002     --HOLE-- [fill = 0]
                  00010c70    00000074     Lab9HMain.o (.text._Z19drawLanguageButtonsb)
                  00010ce4    00000074     libclang_rt.builtins.a : comparedf2.c.obj (.text.__gedf2)
                  00010d58    00000008                            : aeabi_memcpy.S.obj (.text.__aeabi_memcpy)
                  00010d60    00000074                            : truncdfsf2.S.obj (.text.__truncdfsf2)
                  00010dd4    00000070     ST7735.o (.text._Z16ST7735_DrawPixelsst)
                  00010e44    0000006c     libsysbm.a : hostlseek.c.obj (.text.HOSTlseek)
                  00010eb0    0000006c                : hostrename.c.obj (.text.HOSTrename)
                  00010f1c    0000006c     libc.a : getdevice.c.obj (.text.getdevice)
                  00010f88    00000068     libclang_rt.builtins.a : comparedf2.c.obj (.text.__ledf2)
                  00010ff0    00000064     libc.a : memory.c.obj (.text.split)
                  00011054    00000062     libclang_rt.builtins.a : aeabi_dcmp.S.obj (.text.__aeabi_dcmp)
                  000110b6    00000002     --HOLE-- [fill = 0]
                  000110b8    00000060     libsysbm.a : hostopen.c.obj (.text.HOSTopen)
                  00011118    0000005c     Lab9HMain.o (.text.TIMG12_IRQHandler)
                  00011174    00000058     libsysbm.a : hostread.c.obj (.text.HOSTread)
                  000111cc    00000058                : hostwrite.c.obj (.text.HOSTwrite)
                  00011224    00000058     TExaS.o (.text._Z10TExaS_InitP10ADC12_RegsjPFhvE)
                  0001127c    00000056     libclang_rt.builtins.a : aeabi_idivmod.S.obj (.text.__aeabi_idivmod)
                  000112d2    00000002     --HOLE-- [fill = 0]
                  000112d4    00000054     libc.a : autoinit.c.obj (.text:__TI_auto_init_nobinit)
                  00011328    00000052            : fflush.c.obj (.text.__TI_doflush)
                  0001137a    00000002     --HOLE-- [fill = 0]
                  0001137c    00000050     libsysbm.a : close.c.obj (.text.close)
                  000113cc    0000004c     SlidePot.o (.text._ZN8SlidePot2InEv)
                  00011418    0000004a     libclang_rt.builtins.a : fixdfsi.S.obj (.text.__fixdfsi)
                  00011462    00000002     --HOLE-- [fill = 0]
                  00011464    00000048     libsysbm.a : hostclose.c.obj (.text.HOSTclose)
                  000114ac    00000048                : hostunlink.c.obj (.text.HOSTunlink)
                  000114f4    00000048     SPI.o (.text._Z14SPI_OutCommandc)
                  0001153c    00000040     TExaS.o (.text.TIMG7_IRQHandler)
                  0001157c    00000040     Switch.o (.text._Z11Switch_Initv)
                  000115bc    00000040     SPI.o (.text._Z9SPI_Resetv)
                  000115fc    00000040     libclang_rt.builtins.a : aeabi_uidivmod.S.obj (.text.__aeabi_uidivmod)
                  0001163c    00000040                            : extendsfdf2.S.obj (.text.__extendsfdf2)
                  0001167c    00000040     libc.a : fopen.c.obj (.text._search_fp)
                  000116bc    0000003a     libclang_rt.builtins.a : muldsi3.S.obj (.text.__muldsi3)
                  000116f6    00000002     --HOLE-- [fill = 0]
                  000116f8    00000038     SPI.o (.text._Z11SPI_OutDatac)
                  00011730    00000038     LaunchPad.o (.text._Z15ActivatePortA_Bv)
                  00011768    00000038     libclang_rt.builtins.a : fixsfsi.S.obj (.text.__fixsfsi)
                  000117a0    00000034     ST7735.o (.text._Z12ST7735_writeiPKcj)
                  000117d4    00000034     Clock.o (.text._Z14Clock_Delay1msj)
                  00011808    00000034     ST7735.o (.text._Z16ST7735_SetCursorjj)
                  0001183c    00000034     LED.o (.text._Z8LED_Initv)
                  00011870    00000034     libc.a : fopen.c.obj (.text.__TI_cleanup)
                  000118a4    00000034     libsysbm.a : trgmsg.c.obj (.text.__TI_readmsg)
                  000118d8    00000034                : trgmsg.c.obj (.text.__TI_writemsg)
                  0001190c    00000034     libc.a : exit.c.obj (.text.exit)
                  00011940    00000034            : getdevice.c.obj (.text.finddevice)
                  00011974    00000034            : fopen.c.obj (.text.freopen)
                  000119a8    00000032     GameLogic.o (.text._ZN4TankC2EiiPKtiii)
                  000119da    00000002     --HOLE-- [fill = 0]
                  000119dc    00000030     ST7735.o (.text._ZL10commonInitPKh)
                  00011a0c    00000030     libc.a : fopen.c.obj (.text.fopen)
                  00011a3c    0000002c     ST7735.o (.text._Z17ST7735_FillScreent)
                  00011a68    0000002c     Lab9HMain.o (.text.__cxx_global_var_init.1)
                  00011a94    0000002c     Lab9HMain.o (.text.__cxx_global_var_init)
                  00011ac0    0000002c     libclang_rt.builtins.a : floatsidf.S.obj (.text.__floatsidf)
                  00011aec    0000002c     libsysbm.a : unlink.c.obj (.text.unlink)
                  00011b18    00000028     TExaS.o (.text._Z9ADC_StartP10ADC12_Regs)
                  00011b40    00000028     libc.a : memory.c.obj (.text.free_list_insert)
                  00011b68    00000028     libsysbm.a : write.c.obj (.text.write)
                  00011b90    00000028     libc.a : boot_cortex_m.c.obj (.text:_c_int00_noargs)
                  00011bb8    00000026     GameLogic.o (.text._ZN4Tank10takeDamageEi)
                  00011bde    00000026     GameLogic.o (.text._ZN6Object4setXEi)
                  00011c04    00000026     GameLogic.o (.text._ZN6Object4setYEi)
                  00011c2a    00000002     --HOLE-- [fill = 0]
                  00011c2c    00000024     SlidePot.o (.text._ZN8SlidePotC2Ejj)
                  00011c50    00000020     Lab9HMain.o (.text._Z8Random32v)
                  00011c70    00000020     Lab9HMain.o (.text._ZL8PotAnglej)
                  00011c90    0000001e     ST7735.o (.text._ZL9pushColort)
                  00011cae    00000002     --HOLE-- [fill = 0]
                  00011cb0    0000001c     startup_mspm0g3507_ticlang.o (.text.Default_Handler)
                  00011ccc    0000001c     startup_mspm0g3507_ticlang.o (.text.HardFault_Handler)
                  00011ce8    0000001c     GameLogic.o (.text._ZN6ObjectC2EiiPKt)
                  00011d04    0000001c     libc.a : memory.c.obj (.text.free_list_remove)
                  00011d20    00000018     Lab9HMain.o (.text._Z6Randomj)
                  00011d38    00000018     Lab9HMain.o (.text.__cxx_global_var_init.2)
                  00011d50    00000016     libc.a : k_rem_pio2.c.obj (.text.OUTLINED_FUNCTION_0)
                  00011d66    00000002     --HOLE-- [fill = 0]
                  00011d68    00000010     libclang_rt.builtins.a : adddf3.S.obj (.tramp.__aeabi_dadd.1)
                  00011d78    00000016     ST7735.o (.text._Z11ST7735_openPKcji)
                  00011d8e    00000016     ST7735.o (.text._Z11ST7735_readiPcj)
                  00011da4    00000012     GameLogic.o (.text._ZN4Tank11setAngleDegEh)
                  00011db6    00000012     libc.a : memcpy16.S.obj (.text:TI_memcpy_small)
                  00011dc8    00000012            : copy_decompress_none.c.obj (.text:decompress:none)
                  00011dda    00000010            : k_rem_pio2.c.obj (.text.OUTLINED_FUNCTION_2)
                  00011dea    00000010     Lab9HMain.o (.text._GLOBAL__sub_I_Lab9HMain.cpp)
                  00011dfa    00000010     Clock.o (.text._Z11Clock_Delayj)
                  00011e0a    00000002     --HOLE-- [fill = 0]
                  00011e0c    00000010     Lab9HMain.o (.text._Z28TExaS_LaunchPadLogicPB27PB26v)
                  00011e1c    00000010     GameLogic.o (.text._ZN6Object8setImageEPKt)
                  00011e2c    00000010     libc.a : copy_zero_init.c.obj (.text:decompress:ZI)
                  00011e3c    0000000e            : memory.c.obj (.text.OUTLINED_FUNCTION_0)
                  00011e4a    0000000e     ST7735.o (.text._Z12ST7735_lseekili)
                  00011e58    0000000e     libsysbm.a : hostrename.c.obj (.text.strcpy)
                  00011e66    0000000e                : hostrename.c.obj (.text.strlen)
                  00011e74    0000000e     libc.a : memset16.S.obj (.text:TI_memset_small)
                  00011e82    00000002     --HOLE-- [fill = 0]
                  00011e84    0000000c     Clock.o (.text._Z10Clock_Freqv)
                  00011e90    0000000c     ST7735.o (.text._Z13ST7735_renamePKcS0_)
                  00011e9c    0000000c     GameLogic.o (.text._ZN4Tank9getHealthEv)
                  00011ea8    0000000c     GameLogic.o (.text._ZN6Object4getXEv)
                  00011eb4    0000000c     GameLogic.o (.text._ZN6Object4getYEv)
                  00011ec0    0000000c     GameLogic.o (.text._ZN6Object8getImageEv)
                  00011ecc    0000000c     GameLogic.o (.text._ZNK4Tank11getAngleDegEv)
                  00011ed8    0000000c     libclang_rt.builtins.a : aeabi_memset.S.obj (.text.__aeabi_memclr)
                  00011ee4    0000000c     libc.a : memory.c.obj (.text.malloc)
                  00011ef0    0000000a            : k_rem_pio2.c.obj (.text.OUTLINED_FUNCTION_1)
                  00011efa    0000000a            : s_cosf.c.obj (.text.OUTLINED_FUNCTION_3)
                  00011f04    0000000a            : s_sinf.c.obj (.text.OUTLINED_FUNCTION_3)
                  00011f0e    0000000a     ST7735.o (.text._Z12ST7735_closei)
                  00011f18    0000000a     ST7735.o (.text._Z13ST7735_unlinkPKc)
                  00011f22    0000000a     Lab9HMain.o (.text._Z8PLL_Initv)
                  00011f2c    00000008     libsysbm.a : remove.c.obj (.text.remove)
                  00011f34    00000006     libc.a : s_cosf.c.obj (.text.OUTLINED_FUNCTION_0)
                  00011f3a    00000002     --HOLE-- [fill = 0]
                  00011f3c    00000010     libclang_rt.builtins.a : muldf3.S.obj (.tramp.__aeabi_dmul.1)
                  00011f4c    00000006     libc.a : s_sinf.c.obj (.text.OUTLINED_FUNCTION_0)
                  00011f52    00000006            : s_cosf.c.obj (.text.OUTLINED_FUNCTION_1)
                  00011f58    00000006            : s_sinf.c.obj (.text.OUTLINED_FUNCTION_1)
                  00011f5e    00000004            : s_cosf.c.obj (.text.OUTLINED_FUNCTION_2)
                  00011f62    00000002     --HOLE-- [fill = 0]
                  00011f64    00000010     libclang_rt.builtins.a : extendsfdf2.S.obj (.tramp.__aeabi_f2d.1)
                  00011f74    00000004     libc.a : s_sinf.c.obj (.text.OUTLINED_FUNCTION_2)
                  00011f78    00000004     startup_mspm0g3507_ticlang.o (.text.Reset_Handler)
                  00011f7c    00000004     libc.a : pre_init.c.obj (.text._system_pre_init)
                  00011f80    00000004            : exit.c.obj (.text:abort)
                  00011f84    0000000c     --HOLE-- [fill = 0]

.cinit     0    00011f90    000000b8     
                  00011f90    00000094     (.cinit..data.load) [load image, compression = lzss]
                  00012024    0000000c     (__TI_handler_table)
                  00012030    00000008     (.cinit..bss.load) [load image, compression = zero_init]
                  00012038    00000010     (__TI_cinit_table)

.rodata    0    000000c0    0000c668     
                  000000c0    0000a000     Lab9HMain.o (.rodata._ZL13prettyTerrain)
                  0000a0c0    00000510     Lab9HMain.o (.rodata._ZL6tank_0)
                  0000a5d0    00000510     Lab9HMain.o (.rodata._ZL7tank_12)
                  0000aae0    00000510     Lab9HMain.o (.rodata._ZL7tank_24)
                  0000aff0    00000510     Lab9HMain.o (.rodata._ZL7tank_36)
                  0000b500    00000510     Lab9HMain.o (.rodata._ZL7tank_48)
                  0000ba10    00000510     Lab9HMain.o (.rodata._ZL7tank_60)
                  0000bf20    000004fb     ST7735.o (.rodata._ZL4Font)
                  0000c41b    00000001     --HOLE-- [fill = 0]
                  0000c41c    00000108     libc.a : k_rem_pio2.c.obj (.rodata.ipio2)
                  0000c524    00000048     Lab9HMain.o (.rodata._ZL11BulletImage)
                  0000c56c    00000002     ST7735.o (.rodata.str1.166265395196786442571)
                  0000c56e    00000002     --HOLE-- [fill = 0]
                  0000c570    00000040     libc.a : k_rem_pio2.c.obj (.rodata.PIo2)
                  0000c5b0    0000003b     ST7735.o (.rodata._ZL5Rcmd1)
                  0000c5eb    0000002b     ST7735.o (.rodata._ZL5Rcmd3)
                  0000c616    00000018     Lab9HMain.o (.rodata.str1.160588362872062865081)
                  0000c62e    00000016     ST7735.o (.rodata.str1.127144887204848174221)
                  0000c644    00000013     Lab9HMain.o (.rodata.str1.77946550721901366211)
                  0000c657    00000012     Lab9HMain.o (.rodata.str1.150864919958333191721)
                  0000c669    00000011     Lab9HMain.o (.rodata.str1.102680895847577752451)
                  0000c67a    00000011     Lab9HMain.o (.rodata.str1.109436695696880395661)
                  0000c68b    00000001     --HOLE-- [fill = 0]
                  0000c68c    00000010     libc.a : k_rem_pio2.c.obj (.rodata.cst16)
                  0000c69c    0000000d     ST7735.o (.rodata._ZL10Rcmd2green)
                  0000c6a9    0000000d     ST7735.o (.rodata._ZL8Rcmd2red)
                  0000c6b6    0000000b     Lab9HMain.o (.rodata.str1.64434510243936695551)
                  0000c6c1    0000000a     Lab9HMain.o (.rodata.str1.148045851500927898161)
                  0000c6cb    00000009     Lab9HMain.o (.rodata.str1.1045638472106105921)
                  0000c6d4    00000009     Lab9HMain.o (.rodata.str1.135363822859471765721)
                  0000c6dd    00000008     ST7735.o (.rodata.str1.110447436994638585591)
                  0000c6e5    00000008     Lab9HMain.o (.rodata.str1.11344128452655267101)
                  0000c6ed    00000008     Lab9HMain.o (.rodata.str1.15360766164854299121)
                  0000c6f5    00000008     Lab9HMain.o (.rodata.str1.8734979013979085121)
                  0000c6fd    00000008     Lab9HMain.o (.rodata.str1.89800876338655967931)
                  0000c705    00000008     Lab9HMain.o (.rodata.str1.94539348878818337631)
                  0000c70d    00000007     ST7735.o (.rodata.str1.167648235250571930071)
                  0000c714    00000007     ST7735.o (.rodata.str1.176629462014235617351)
                  0000c71b    00000006     Lab9HMain.o (.rodata.str1.92738753765294272191)
                  0000c721    00000007     --HOLE-- [fill = 0]

.init_array 
*          0    0000c728    00000008     
                  0000c728    00000004     Lab9HMain.o (.init_array)
                  0000c72c    00000004     --HOLE-- [fill = 0]

.bss       0    20200000    00000458     UNINITIALIZED
                  20200000    00000140     Lab9HMain.o (.bss.slopes)
                  20200140    00000140     Lab9HMain.o (.bss.terrainHeights)
                  20200280    00000120     libsysbm.a : trgmsg.c.obj (.bss:_CIOBUF_)
                  202003a0    000000a0     libc.a : defs.c.obj (.bss.__TI_tmpnams)
                  20200440    00000008     libsysbm.a : hostopen.c.obj (.bss.parmbuf)
                  20200448    00000004     TExaS.o (.bss.TExaSLogic)
                  2020044c    00000004     TExaS.o (.bss.TExaSadc)
                  20200450    00000004     libc.a : memory.c.obj (.bss.sys_free)
                  20200454    00000001     ST7735.o (.bss._ZL8ColStart)
                  20200455    00000001     ST7735.o (.bss._ZL8Rotation)
                  20200456    00000001     ST7735.o (.bss._ZL8RowStart)
                  20200457    00000001     ST7735.o (.bss._ZL8TabColor)

.data      0    20200458    00000275     UNINITIALIZED
                  20200458    000000f0     libc.a : defs.c.obj (.data._ftable)
                  20200548    00000078     libsysbm.a : host_device.c.obj (.data._device)
                  202005c0    00000050                : host_device.c.obj (.data._stream)
                  20200610    0000001c     Lab9HMain.o (.data.bot)
                  2020062c    0000001c     Lab9HMain.o (.data.player)
                  20200648    00000018     Lab9HMain.o (.data.tankRotArray)
                  20200660    00000014     Lab9HMain.o (.data.Sensor)
                  20200674    0000000e     Lab9HMain.o (.data.bullet)
                  20200682    00000002     ST7735.o (.data.StTextColor)
                  20200684    00000008     libc.a : exit.c.obj (.data..L_MergedGlobals)
                  2020068c    00000004     Clock.o (.data.BusFreq)
                  20200690    00000004     Lab9HMain.o (.data.M)
                  20200694    00000004     ST7735.o (.data.StX)
                  20200698    00000004     ST7735.o (.data.StY)
                  2020069c    00000004     Lab9HMain.o (.data._ZL12randomNumber)
                  202006a0    00000004     libc.a : defs.c.obj (.data.__TI_ft_end)
                  202006a4    00000004            : aeabi_portable.c.obj (.data.__aeabi_errno)
                  202006a8    00000004            : _lock.c.obj (.data._lock)
                  202006ac    00000004            : _lock.c.obj (.data._unlock)
                  202006b0    00000004     SlidePot.o (.data.k1)
                  202006b4    00000004     SlidePot.o (.data.k2)
                  202006b8    00000002     ST7735.o (.data._ZL6_width)
                  202006ba    00000002     ST7735.o (.data._ZL7_height)
                  202006bc    00000001     Lab9HMain.o (.data._ZL10playerTurn)
                  202006bd    00000001     Lab9HMain.o (.data._ZL11isBotMoving)
                  202006be    00000001     Lab9HMain.o (.data._ZL12lastBtnShoot)
                  202006bf    00000001     Lab9HMain.o (.data._ZL16leftPlayerButton)
                  202006c0    00000001     Lab9HMain.o (.data._ZL17rightPlayerButton)
                  202006c1    00000001     Lab9HMain.o (.data._ZL9btnUpdate)
                  202006c2    00000001     Lab9HMain.o (.data.drawFlag)
                  202006c3    00000001     Lab9HMain.o (.data.semaphore)
                  202006c4    00000001     libsysbm.a : add_device.c.obj (.data.add_device.device_init)
                  202006c5    00000003     --HOLE--
                  202006c8    00000001     libc.a : memory.c.obj (.data.memory_is_initialized)
                  202006c9    00000003     --HOLE--
                  202006cc    00000001     libsysbm.a : open.c.obj (.data.open.stream_init)

.sysmem    0    202006d0    00000200     UNINITIALIZED
                  202006d0    00000010     libc.a : memory.c.obj (.sysmem)
                  202006e0    000001f0     --HOLE--

.stack     0    20207e00    00000200     UNINITIALIZED
                  20207e00    00000004     libc.a : boot_cortex_m.c.obj (.stack)
                  20207e04    000001fc     --HOLE--

__llvm_prf_cnts 
*          0    20200000    00000000     UNINITIALIZED

__llvm_prf_bits 
*          0    20200000    00000000     UNINITIALIZED

MODULE SUMMARY

       Module                         code    ro data   rw data
       ------                         ----    -------   -------
    .\
       Lab9HMain.o                    5516    48992     770    
       ST7735.o                       4354    1449      18     
       TExaS.o                        720     0         8      
       GameLogic.o                    666     0         0      
       Clock.o                        516     0         4      
       SPI.o                          440     0         0      
       Timer.o                        316     0         0      
       SlidePot.o                     236     0         8      
       LaunchPad.o                    180     0         0      
       Switch.o                       64      0         0      
       LED.o                          52      0         0      
       Sound.o                        4       0         0      
    +--+------------------------------+-------+---------+---------+
       Total:                         13064   50441     808    
                                                               
    .\ticlang\
       startup_mspm0g3507_ticlang.o   60      192       0      
    +--+------------------------------+-------+---------+---------+
       Total:                         60      192       0      
                                                               
    C:\ti\ccs2000\ccs\tools\compiler\ti-cgt-armllvm_4.0.1.LTS\lib\armv6m-ti-none-eabi/c/libc.a
       k_rem_pio2.c.obj               1652    344       0      
       s_cosf.c.obj                   822     0         0      
       s_sinf.c.obj                   810     0         0      
       memory.c.obj                   702     0         5      
       fopen.c.obj                    556     0         0      
       defs.c.obj                     0       0         404    
       s_floor.c.obj                  324     0         0      
       setvbuf.c.obj                  224     0         0      
       s_scalbn.c.obj                 216     0         0      
       getdevice.c.obj                160     0         0      
       strcmp-armv6m.S.obj            136     0         0      
       copy_decompress_lzss.c.obj     124     0         0      
       fclose.c.obj                   124     0         0      
       autoinit.c.obj                 84      0         0      
       fflush.c.obj                   82      0         0      
       exit.c.obj                     56      0         8      
       boot_cortex_m.c.obj            40      0         0      
       copy_decompress_none.c.obj     18      0         0      
       memcpy16.S.obj                 18      0         0      
       copy_zero_init.c.obj           16      0         0      
       memset16.S.obj                 14      0         0      
       aeabi_portable.c.obj           8       0         4      
       _lock.c.obj                    2       0         8      
       pre_init.c.obj                 4       0         0      
    +--+------------------------------+-------+---------+---------+
       Total:                         6192    344       429    
                                                               
    C:\ti\ccs2000\ccs\tools\compiler\ti-cgt-armllvm_4.0.1.LTS\lib\armv6m-ti-none-eabi/c/libsysbm.a
       trgmsg.c.obj                   104     0         288    
       add_device.c.obj               236     0         1      
       host_device.c.obj              0       0         200    
       open.c.obj                     160     0         1      
       hostrename.c.obj               136     0         0      
       hostlseek.c.obj                108     0         0      
       hostopen.c.obj                 96      0         8      
       hostread.c.obj                 88      0         0      
       hostwrite.c.obj                88      0         0      
       close.c.obj                    80      0         0      
       hostclose.c.obj                72      0         0      
       hostunlink.c.obj               72      0         0      
       unlink.c.obj                   44      0         0      
       write.c.obj                    40      0         0      
       remove.c.obj                   8       0         0      
    +--+------------------------------+-------+---------+---------+
       Total:                         1332    0         498    
                                                               
    C:\ti\ccs2000\ccs\tools\compiler\ti-cgt-armllvm_4.0.1.LTS\lib\armv6m-ti-none-eabi/libclang_rt.builtins.a
       adddf3.S.obj                   418     0         0      
       muldf3.S.obj                   244     0         0      
       comparedf2.c.obj               220     0         0      
       addsf3.S.obj                   216     0         0      
       mulsf3.S.obj                   140     0         0      
       truncdfsf2.S.obj               116     0         0      
       aeabi_dcmp.S.obj               98      0         0      
       aeabi_idivmod.S.obj            86      0         0      
       extendsfdf2.S.obj              80      0         0      
       fixdfsi.S.obj                  74      0         0      
       aeabi_uidivmod.S.obj           64      0         0      
       muldsi3.S.obj                  58      0         0      
       fixsfsi.S.obj                  56      0         0      
       floatsidf.S.obj                44      0         0      
       aeabi_memset.S.obj             12      0         0      
       aeabi_memcpy.S.obj             8       0         0      
       aeabi_div0.c.obj               2       0         0      
    +--+------------------------------+-------+---------+---------+
       Total:                         1936    0         0      
                                                               
       Heap:                          0       0         512    
       Stack:                         0       0         512    
       Linker Generated:              0       184       0      
    +--+------------------------------+-------+---------+---------+
       Grand Total:                   22584   51161     2759   


LINKER GENERATED COPY TABLES

__TI_cinit_table @ 00012038 records: 2, size/record: 8, table size: 16
	.data: load addr=00011f90, load size=00000094 bytes, run addr=20200458, run size=00000275 bytes, compression=lzss
	.bss: load addr=00012030, load size=00000008 bytes, run addr=20200000, run size=00000458 bytes, compression=zero_init


LINKER GENERATED HANDLER TABLE

__TI_handler_table @ 00012024 records: 3, size/record: 4, table size: 12
	index: 0, handler: __TI_decompress_lzss
	index: 1, handler: __TI_decompress_none
	index: 2, handler: __TI_zero_init


FAR CALL TRAMPOLINES

callee name               trampoline name
   callee addr  tramp addr   call addr  call info
--------------  -----------  ---------  ----------------
__aeabi_dadd              $Tramp$TT$L$PI$$__aeabi_dadd
   0000e79b     00011d68     00011d64   libc.a : k_rem_pio2.c.obj (.text.OUTLINED_FUNCTION_0)
                             00011ef8          : k_rem_pio2.c.obj (.text.OUTLINED_FUNCTION_1)
                             00011f02          : s_cosf.c.obj (.text.OUTLINED_FUNCTION_3)
                             00011f0c          : s_sinf.c.obj (.text.OUTLINED_FUNCTION_3)
__aeabi_dmul              $Tramp$TT$L$PI$$__aeabi_dmul
   0000f835     00011f3c     00011f38   libc.a : s_cosf.c.obj (.text.OUTLINED_FUNCTION_0)
                             00011f50          : s_sinf.c.obj (.text.OUTLINED_FUNCTION_0)
                             00011f56          : s_cosf.c.obj (.text.OUTLINED_FUNCTION_1)
                             00011f5c          : s_sinf.c.obj (.text.OUTLINED_FUNCTION_1)
__aeabi_f2d               $Tramp$TT$L$PI$$__aeabi_f2d
   0001163d     00011f64     00011f60   libc.a : s_cosf.c.obj (.text.OUTLINED_FUNCTION_2)
                             00011f76          : s_sinf.c.obj (.text.OUTLINED_FUNCTION_2)

[3 trampolines]
[10 trampoline calls]


GLOBAL SYMBOLS: SORTED ALPHABETICALLY BY Name 

address   name                                  
-------   ----                                  
00011cb1  ADC0_IRQHandler                       
00011cb1  ADC1_IRQHandler                       
00011cb1  AES_IRQHandler                        
2020068c  BusFreq                               
00011f80  C$$EXIT                               
00011905  C$$IO$$                               
00011cb1  CANFD0_IRQHandler                     
00011cb1  DAC0_IRQHandler                       
00011cb1  DMA_IRQHandler                        
00011cb1  Default_Handler                       
00011cb1  GROUP0_IRQHandler                     
00011cb1  GROUP1_IRQHandler                     
00011465  HOSTclose                             
00010e45  HOSTlseek                             
000110b9  HOSTopen                              
00011175  HOSTread                              
00010eb1  HOSTrename                            
000114ad  HOSTunlink                            
000111cd  HOSTwrite                             
00011ccd  HardFault_Handler                     
00011cb1  I2C0_IRQHandler                       
00011cb1  I2C1_IRQHandler                       
20200690  M                                     
00011cb1  NMI_Handler                           
00011cb1  PendSV_Handler                        
00011cb1  RTC_IRQHandler                        
00011f79  Reset_Handler                         
0000c728  SHT$$INIT_ARRAY$$Base                 
0000c72c  SHT$$INIT_ARRAY$$Limit                
00011cb1  SPI0_IRQHandler                       
00011cb1  SPI1_IRQHandler                       
00011cb1  SVC_Handler                           
20200660  Sensor                                
20200682  StTextColor                           
20200694  StX                                   
20200698  StY                                   
0000e78f  SysTick_Handler                       
20200448  TExaSLogic                            
2020044c  TExaSadc                              
00011cb1  TIMA0_IRQHandler                      
00011cb1  TIMA1_IRQHandler                      
00011cb1  TIMG0_IRQHandler                      
00011119  TIMG12_IRQHandler                     
00011cb1  TIMG6_IRQHandler                      
0001153d  TIMG7_IRQHandler                      
00011cb1  TIMG8_IRQHandler                      
00011db7  TI_memcpy_small                       
00011e75  TI_memset_small                       
00011cb1  UART0_IRQHandler                      
00011cb1  UART1_IRQHandler                      
00011cb1  UART2_IRQHandler                      
00011cb1  UART3_IRQHandler                      
20200280  _CIOBUF_                              
00011e85  _Z10Clock_Freqv                       
0000e923  _Z10Sound_Initv                       
00011225  _Z10TExaS_InitP10ADC12_RegsjPFhvE     
000105b5  _Z10pollButtonv                       
00011dfb  _Z11Clock_Delayj                      
000116f9  _Z11SPI_OutDatac                      
00011d79  _Z11ST7735_openPKcji                  
00011d8f  _Z11ST7735_readiPcj                   
0001157d  _Z11Switch_Initv                      
00010489  _Z12ST7735_InitR10initRFlags          
00011f0f  _Z12ST7735_closei                     
00011e4b  _Z12ST7735_lseekili                   
000117a1  _Z12ST7735_writeiPKcj                 
0000df41  _Z12updateBulletP6Bullet4Tankb        
0000f191  _Z12updateSlopesPsiS_ib               
00011e91  _Z13ST7735_renamePKcS0_               
00011f19  _Z13ST7735_unlinkPKc                  
0000ed01  _Z13drawHealthBarii                   
00010879  _Z13switchPlayersv                    
000117d5  _Z14Clock_Delay1msj                   
00010a05  _Z14LaunchPad_Initv                   
000114f5  _Z14SPI_OutCommandc                   
0000fba9  _Z14ST7735_OutCharc                   
000100c9  _Z14TimerG7_IntArmtjj                 
00011731  _Z15ActivatePortA_Bv                  
0000e101  _Z15Clock_Init80MHzi                  
0000e2b5  _Z15ST7735_DrawCharsscssh             
0000ef65  _Z15ST7735_FillRectsssst              
00010521  _Z15TimerG12_IntArmjj                 
0000e459  _Z16ST7735_DrawCharSsscssh            
00010dd5  _Z16ST7735_DrawPixelsst               
00011809  _Z16ST7735_SetCursorjj                
0000d995  _Z17ST7735_DrawBitmapssPKtss          
000108fd  _Z17ST7735_DrawStringttPcs            
00011a3d  _Z17ST7735_FillScreent                
000102b5  _Z17ST7735_InitPrintfv                
0000e5f9  _Z17drawRoundedButtoniiiitt           
0000d441  _Z17drawWelcomeScreenv                
0000f485  _Z18ST7735_SetRotationh               
00010981  _Z19drawButtonWithLabeliittPKc        
00010c71  _Z19drawLanguageButtonsb              
0000f295  _Z19spawnBulletFromTankP4TankP6Bulletb
0000fe11  _Z20ST7735_DrawFastHLinessst          
0000fec1  _Z20ST7735_DrawFastVLinessst          
00010bf5  _Z20updateTerrainHeightsPsiPKt        
0000d741  _Z23ST7735_DrawBitmapWithBGssPKtssS0_ 
00010645  _Z24ST7735_MakeBGTransparentssPKtssS0_
0000fc79  _Z26drawEnglishSelectionScreenv       
0000ea79  _Z26drawSpanishSelectionScreenv       
00011e0d  _Z28TExaS_LaunchPadLogicPB27PB26v     
00011d21  _Z6Randomj                            
0000ee3d  _Z8ADC_InitP10ADC12_Regsjj            
0001183d  _Z8LED_Initv                          
00011f23  _Z8PLL_Initv                          
00011c51  _Z8Random32v                          
0000f38d  _Z8SPI_Initv                          
0000fd49  _Z8gameOverv                          
00011b19  _Z9ADC_StartP10ADC12_Regs             
000115bd  _Z9SPI_Resetv                         
0000f665  _Z9UART_Initv                         
00011bb9  _ZN4Tank10takeDamageEi                
00011da5  _ZN4Tank11setAngleDegEh               
00011e9d  _ZN4Tank9getHealthEv                  
000119a9  _ZN4TankC1EiiPKtiii                   
000119a9  _ZN4TankC2EiiPKtiii                   
00011ea9  _ZN6Object4getXEv                     
00011eb5  _ZN6Object4getYEv                     
00011bdf  _ZN6Object4setXEi                     
00011c05  _ZN6Object4setYEi                     
00011ec1  _ZN6Object8getImageEv                 
00011e1d  _ZN6Object8setImageEPKt               
00011ce9  _ZN6ObjectC1EiiPKt                    
00011ce9  _ZN6ObjectC2EiiPKt                    
000113cd  _ZN8SlidePot2InEv                     
00010a81  _ZN8SlidePot4InitEv                   
00011c2d  _ZN8SlidePotC1Ejj                     
00011c2d  _ZN8SlidePotC2Ejj                     
00011ecd  _ZNK4Tank11getAngleDegEv              
20200280  __CIOBUF_                             
20208000  __STACK_END                           
00000200  __STACK_SIZE                          
00000200  __SYSMEM_SIZE                         
00000000  __TI_ATRegion0_region_sz              
00000000  __TI_ATRegion0_src_addr               
00000000  __TI_ATRegion0_trg_addr               
00000000  __TI_ATRegion1_region_sz              
00000000  __TI_ATRegion1_src_addr               
00000000  __TI_ATRegion1_trg_addr               
00000000  __TI_ATRegion2_region_sz              
00000000  __TI_ATRegion2_src_addr               
00000000  __TI_ATRegion2_trg_addr               
00012038  __TI_CINIT_Base                       
00012048  __TI_CINIT_Limit                      
00012048  __TI_CINIT_Warm                       
00012024  __TI_Handler_Table_Base               
00012030  __TI_Handler_Table_Limit              
000112d5  __TI_auto_init_nobinit                
00011871  __TI_cleanup                          
20200684  __TI_cleanup_ptr                      
00010afd  __TI_closefile                        
00010b79  __TI_decompress_lzss                  
00011dc9  __TI_decompress_none                  
00011329  __TI_doflush                          
20200688  __TI_dtors_ptr                        
202006a0  __TI_ft_end                           
ffffffff  __TI_pprof_out_hndl                   
ffffffff  __TI_prof_data_size                   
ffffffff  __TI_prof_data_start                  
000118a5  __TI_readmsg                          
00000000  __TI_static_base__                    
202003a0  __TI_tmpnams                          
000118d9  __TI_writemsg                         
00011e2d  __TI_zero_init                        
0000e79b  __adddf3                              
0000fadb  __addsf3                              
00010d61  __aeabi_d2f                           
00011419  __aeabi_d2iz                          
0000e79b  __aeabi_dadd                          
00011055  __aeabi_dcmpeq                        
00011091  __aeabi_dcmpge                        
000110a5  __aeabi_dcmpgt                        
0001107d  __aeabi_dcmple                        
00011069  __aeabi_dcmplt                        
0000f835  __aeabi_dmul                          
0000e791  __aeabi_dsub                          
202006a4  __aeabi_errno                         
000107e9  __aeabi_errno_addr                    
0001163d  __aeabi_f2d                           
00011769  __aeabi_f2iz                          
0000fadb  __aeabi_fadd                          
000106d5  __aeabi_fmul                          
0000fad1  __aeabi_fsub                          
00011ac1  __aeabi_i2d                           
0001127d  __aeabi_idiv                          
0000f293  __aeabi_idiv0                         
0001127d  __aeabi_idivmod                       
00011ed9  __aeabi_memclr                        
00011ed9  __aeabi_memclr4                       
00011ed9  __aeabi_memclr8                       
00010d59  __aeabi_memcpy                        
00010d59  __aeabi_memcpy4                       
00010d59  __aeabi_memcpy8                       
000115fd  __aeabi_uidiv                         
000115fd  __aeabi_uidivmod                      
ffffffff  __binit__                             
00010f89  __cmpdf2                              
00010f89  __eqdf2                               
0001163d  __extendsfdf2                         
00011419  __fixdfsi                             
00011769  __fixsfsi                             
00011ac1  __floatsidf                           
00010ce5  __gedf2                               
00010ce5  __gtdf2                               
0000cdfd  __kernel_rem_pio2                     
00010f89  __ledf2                               
00010f89  __ltdf2                               
UNDEFED   __mpu_init                            
0000f835  __muldf3                              
000116bd  __muldsi3                             
000106d5  __mulsf3                              
00010f89  __nedf2                               
20207e00  __stack                               
20200000  __start___llvm_prf_bits               
20200000  __start___llvm_prf_cnts               
20200000  __stop___llvm_prf_bits                
20200000  __stop___llvm_prf_cnts                
0000e791  __subdf3                              
0000fad1  __subsf3                              
00010d61  __truncdfsf2                          
00011b91  _c_int00_noargs                       
20200548  _device                               
20200458  _ftable                               
202006a8  _lock                                 
00010213  _nop                                  
202005c0  _stream                               
202006d0  _sys_memory                           
UNDEFED   _system_post_cinit                    
00011f7d  _system_pre_init                      
202006ac  _unlock                               
00011f81  abort                                 
0000f579  add_device                            
0000f07d  aligned_alloc                         
ffffffff  binit                                 
20200610  bot                                   
20200674  bullet                                
0001137d  close                                 
0000dba5  cosf                                  
202006c2  drawFlag                              
0001190d  exit                                  
00011941  finddevice                            
0000ebbd  floor                                 
0000ebbd  floorl                                
00011a0d  fopen                                 
0000f74d  free                                  
00011975  freopen                               
00010f1d  getdevice                             
00000000  interruptVectors                      
202006b0  k1                                    
202006b4  k2                                    
0000f9f9  ldexp                                 
0000f9f9  ldexpl                                
0000c731  main                                  
00011ee5  malloc                                
0000f07d  memalign                              
00010215  open                                  
20200440  parmbuf                               
2020062c  player                                
00011f2d  remove                                
0000f9f9  scalbn                                
0000f9f9  scalbnl                               
202006c3  semaphore                             
0000f919  setvbuf                               
0000dd79  sinf                                  
20200000  slopes                                
000107f1  strcmp                                
20200648  tankRotArray                          
20200140  terrainHeights                        
00011aed  unlink                                
00011b69  write                                 


GLOBAL SYMBOLS: SORTED BY Symbol Address 

address   name                                  
-------   ----                                  
00000000  __TI_ATRegion0_region_sz              
00000000  __TI_ATRegion0_src_addr               
00000000  __TI_ATRegion0_trg_addr               
00000000  __TI_ATRegion1_region_sz              
00000000  __TI_ATRegion1_src_addr               
00000000  __TI_ATRegion1_trg_addr               
00000000  __TI_ATRegion2_region_sz              
00000000  __TI_ATRegion2_src_addr               
00000000  __TI_ATRegion2_trg_addr               
00000000  __TI_static_base__                    
00000000  interruptVectors                      
00000200  __STACK_SIZE                          
00000200  __SYSMEM_SIZE                         
0000c728  SHT$$INIT_ARRAY$$Base                 
0000c72c  SHT$$INIT_ARRAY$$Limit                
0000c731  main                                  
0000cdfd  __kernel_rem_pio2                     
0000d441  _Z17drawWelcomeScreenv                
0000d741  _Z23ST7735_DrawBitmapWithBGssPKtssS0_ 
0000d995  _Z17ST7735_DrawBitmapssPKtss          
0000dba5  cosf                                  
0000dd79  sinf                                  
0000df41  _Z12updateBulletP6Bullet4Tankb        
0000e101  _Z15Clock_Init80MHzi                  
0000e2b5  _Z15ST7735_DrawCharsscssh             
0000e459  _Z16ST7735_DrawCharSsscssh            
0000e5f9  _Z17drawRoundedButtoniiiitt           
0000e78f  SysTick_Handler                       
0000e791  __aeabi_dsub                          
0000e791  __subdf3                              
0000e79b  __adddf3                              
0000e79b  __aeabi_dadd                          
0000e923  _Z10Sound_Initv                       
0000ea79  _Z26drawSpanishSelectionScreenv       
0000ebbd  floor                                 
0000ebbd  floorl                                
0000ed01  _Z13drawHealthBarii                   
0000ee3d  _Z8ADC_InitP10ADC12_Regsjj            
0000ef65  _Z15ST7735_FillRectsssst              
0000f07d  aligned_alloc                         
0000f07d  memalign                              
0000f191  _Z12updateSlopesPsiS_ib               
0000f293  __aeabi_idiv0                         
0000f295  _Z19spawnBulletFromTankP4TankP6Bulletb
0000f38d  _Z8SPI_Initv                          
0000f485  _Z18ST7735_SetRotationh               
0000f579  add_device                            
0000f665  _Z9UART_Initv                         
0000f74d  free                                  
0000f835  __aeabi_dmul                          
0000f835  __muldf3                              
0000f919  setvbuf                               
0000f9f9  ldexp                                 
0000f9f9  ldexpl                                
0000f9f9  scalbn                                
0000f9f9  scalbnl                               
0000fad1  __aeabi_fsub                          
0000fad1  __subsf3                              
0000fadb  __addsf3                              
0000fadb  __aeabi_fadd                          
0000fba9  _Z14ST7735_OutCharc                   
0000fc79  _Z26drawEnglishSelectionScreenv       
0000fd49  _Z8gameOverv                          
0000fe11  _Z20ST7735_DrawFastHLinessst          
0000fec1  _Z20ST7735_DrawFastVLinessst          
000100c9  _Z14TimerG7_IntArmtjj                 
00010213  _nop                                  
00010215  open                                  
000102b5  _Z17ST7735_InitPrintfv                
00010489  _Z12ST7735_InitR10initRFlags          
00010521  _Z15TimerG12_IntArmjj                 
000105b5  _Z10pollButtonv                       
00010645  _Z24ST7735_MakeBGTransparentssPKtssS0_
000106d5  __aeabi_fmul                          
000106d5  __mulsf3                              
000107e9  __aeabi_errno_addr                    
000107f1  strcmp                                
00010879  _Z13switchPlayersv                    
000108fd  _Z17ST7735_DrawStringttPcs            
00010981  _Z19drawButtonWithLabeliittPKc        
00010a05  _Z14LaunchPad_Initv                   
00010a81  _ZN8SlidePot4InitEv                   
00010afd  __TI_closefile                        
00010b79  __TI_decompress_lzss                  
00010bf5  _Z20updateTerrainHeightsPsiPKt        
00010c71  _Z19drawLanguageButtonsb              
00010ce5  __gedf2                               
00010ce5  __gtdf2                               
00010d59  __aeabi_memcpy                        
00010d59  __aeabi_memcpy4                       
00010d59  __aeabi_memcpy8                       
00010d61  __aeabi_d2f                           
00010d61  __truncdfsf2                          
00010dd5  _Z16ST7735_DrawPixelsst               
00010e45  HOSTlseek                             
00010eb1  HOSTrename                            
00010f1d  getdevice                             
00010f89  __cmpdf2                              
00010f89  __eqdf2                               
00010f89  __ledf2                               
00010f89  __ltdf2                               
00010f89  __nedf2                               
00011055  __aeabi_dcmpeq                        
00011069  __aeabi_dcmplt                        
0001107d  __aeabi_dcmple                        
00011091  __aeabi_dcmpge                        
000110a5  __aeabi_dcmpgt                        
000110b9  HOSTopen                              
00011119  TIMG12_IRQHandler                     
00011175  HOSTread                              
000111cd  HOSTwrite                             
00011225  _Z10TExaS_InitP10ADC12_RegsjPFhvE     
0001127d  __aeabi_idiv                          
0001127d  __aeabi_idivmod                       
000112d5  __TI_auto_init_nobinit                
00011329  __TI_doflush                          
0001137d  close                                 
000113cd  _ZN8SlidePot2InEv                     
00011419  __aeabi_d2iz                          
00011419  __fixdfsi                             
00011465  HOSTclose                             
000114ad  HOSTunlink                            
000114f5  _Z14SPI_OutCommandc                   
0001153d  TIMG7_IRQHandler                      
0001157d  _Z11Switch_Initv                      
000115bd  _Z9SPI_Resetv                         
000115fd  __aeabi_uidiv                         
000115fd  __aeabi_uidivmod                      
0001163d  __aeabi_f2d                           
0001163d  __extendsfdf2                         
000116bd  __muldsi3                             
000116f9  _Z11SPI_OutDatac                      
00011731  _Z15ActivatePortA_Bv                  
00011769  __aeabi_f2iz                          
00011769  __fixsfsi                             
000117a1  _Z12ST7735_writeiPKcj                 
000117d5  _Z14Clock_Delay1msj                   
00011809  _Z16ST7735_SetCursorjj                
0001183d  _Z8LED_Initv                          
00011871  __TI_cleanup                          
000118a5  __TI_readmsg                          
000118d9  __TI_writemsg                         
00011905  C$$IO$$                               
0001190d  exit                                  
00011941  finddevice                            
00011975  freopen                               
000119a9  _ZN4TankC1EiiPKtiii                   
000119a9  _ZN4TankC2EiiPKtiii                   
00011a0d  fopen                                 
00011a3d  _Z17ST7735_FillScreent                
00011ac1  __aeabi_i2d                           
00011ac1  __floatsidf                           
00011aed  unlink                                
00011b19  _Z9ADC_StartP10ADC12_Regs             
00011b69  write                                 
00011b91  _c_int00_noargs                       
00011bb9  _ZN4Tank10takeDamageEi                
00011bdf  _ZN6Object4setXEi                     
00011c05  _ZN6Object4setYEi                     
00011c2d  _ZN8SlidePotC1Ejj                     
00011c2d  _ZN8SlidePotC2Ejj                     
00011c51  _Z8Random32v                          
00011cb1  ADC0_IRQHandler                       
00011cb1  ADC1_IRQHandler                       
00011cb1  AES_IRQHandler                        
00011cb1  CANFD0_IRQHandler                     
00011cb1  DAC0_IRQHandler                       
00011cb1  DMA_IRQHandler                        
00011cb1  Default_Handler                       
00011cb1  GROUP0_IRQHandler                     
00011cb1  GROUP1_IRQHandler                     
00011cb1  I2C0_IRQHandler                       
00011cb1  I2C1_IRQHandler                       
00011cb1  NMI_Handler                           
00011cb1  PendSV_Handler                        
00011cb1  RTC_IRQHandler                        
00011cb1  SPI0_IRQHandler                       
00011cb1  SPI1_IRQHandler                       
00011cb1  SVC_Handler                           
00011cb1  TIMA0_IRQHandler                      
00011cb1  TIMA1_IRQHandler                      
00011cb1  TIMG0_IRQHandler                      
00011cb1  TIMG6_IRQHandler                      
00011cb1  TIMG8_IRQHandler                      
00011cb1  UART0_IRQHandler                      
00011cb1  UART1_IRQHandler                      
00011cb1  UART2_IRQHandler                      
00011cb1  UART3_IRQHandler                      
00011ccd  HardFault_Handler                     
00011ce9  _ZN6ObjectC1EiiPKt                    
00011ce9  _ZN6ObjectC2EiiPKt                    
00011d21  _Z6Randomj                            
00011d79  _Z11ST7735_openPKcji                  
00011d8f  _Z11ST7735_readiPcj                   
00011da5  _ZN4Tank11setAngleDegEh               
00011db7  TI_memcpy_small                       
00011dc9  __TI_decompress_none                  
00011dfb  _Z11Clock_Delayj                      
00011e0d  _Z28TExaS_LaunchPadLogicPB27PB26v     
00011e1d  _ZN6Object8setImageEPKt               
00011e2d  __TI_zero_init                        
00011e4b  _Z12ST7735_lseekili                   
00011e75  TI_memset_small                       
00011e85  _Z10Clock_Freqv                       
00011e91  _Z13ST7735_renamePKcS0_               
00011e9d  _ZN4Tank9getHealthEv                  
00011ea9  _ZN6Object4getXEv                     
00011eb5  _ZN6Object4getYEv                     
00011ec1  _ZN6Object8getImageEv                 
00011ecd  _ZNK4Tank11getAngleDegEv              
00011ed9  __aeabi_memclr                        
00011ed9  __aeabi_memclr4                       
00011ed9  __aeabi_memclr8                       
00011ee5  malloc                                
00011f0f  _Z12ST7735_closei                     
00011f19  _Z13ST7735_unlinkPKc                  
00011f23  _Z8PLL_Initv                          
00011f2d  remove                                
00011f79  Reset_Handler                         
00011f7d  _system_pre_init                      
00011f80  C$$EXIT                               
00011f81  abort                                 
00012024  __TI_Handler_Table_Base               
00012030  __TI_Handler_Table_Limit              
00012038  __TI_CINIT_Base                       
00012048  __TI_CINIT_Limit                      
00012048  __TI_CINIT_Warm                       
20200000  __start___llvm_prf_bits               
20200000  __start___llvm_prf_cnts               
20200000  __stop___llvm_prf_bits                
20200000  __stop___llvm_prf_cnts                
20200000  slopes                                
20200140  terrainHeights                        
20200280  _CIOBUF_                              
20200280  __CIOBUF_                             
202003a0  __TI_tmpnams                          
20200440  parmbuf                               
20200448  TExaSLogic                            
2020044c  TExaSadc                              
20200458  _ftable                               
20200548  _device                               
202005c0  _stream                               
20200610  bot                                   
2020062c  player                                
20200648  tankRotArray                          
20200660  Sensor                                
20200674  bullet                                
20200682  StTextColor                           
20200684  __TI_cleanup_ptr                      
20200688  __TI_dtors_ptr                        
2020068c  BusFreq                               
20200690  M                                     
20200694  StX                                   
20200698  StY                                   
202006a0  __TI_ft_end                           
202006a4  __aeabi_errno                         
202006a8  _lock                                 
202006ac  _unlock                               
202006b0  k1                                    
202006b4  k2                                    
202006c2  drawFlag                              
202006c3  semaphore                             
202006d0  _sys_memory                           
20207e00  __stack                               
20208000  __STACK_END                           
ffffffff  __TI_pprof_out_hndl                   
ffffffff  __TI_prof_data_size                   
ffffffff  __TI_prof_data_start                  
ffffffff  __binit__                             
ffffffff  binit                                 
UNDEFED   __mpu_init                            
UNDEFED   _system_post_cinit                    

[272 symbols]
